Java HotSpot(TM) 64-Bit Server VM (25.231-b11) for windows-amd64 JRE (1.8.0_231-b11), built on Oct  5 2019 03:11:30 by "java_re" with MS VC++ 10.0 (VS2010)
Memory: 4k page, physical 8086332k(4451540k free), swap 16212796k(12112120k free)
CommandLine flags: -XX:InitialHeapSize=129381312 -XX:MaxHeapSize=536870912 -XX:MaxNewSize=178958336 -XX:MaxTenuringThreshold=6 -XX:OldPLABSize=16 -XX:+PrintGC -XX:+PrintGCDateStamps -XX:+PrintGCDetails -XX:+PrintGCTimeStamps -XX:+UseCompressedClassPointers -XX:+UseCompressedOops -XX:+UseConcMarkSweepGC -XX:-UseLargePagesIndividualAllocation -XX:+UseParNewGC 
2020-10-27T01:21:13.695+0800: 0.615: [GC (Allocation Failure) 2020-10-27T01:21:13.695+0800: 0.615: [ParNew: 33856K->3532K(38080K), 0.0040124 secs] 33856K->3532K(122752K), 0.0042342 secs] [Times: user=0.00 sys=0.00, real=0.00 secs] 
2020-10-27T01:21:13.962+0800: 0.883: [GC (Allocation Failure) 2020-10-27T01:21:13.963+0800: 0.883: [ParNew: 37388K->2960K(38080K), 0.0132924 secs] 37388K->5231K(122752K), 0.0134125 secs] [Times: user=0.02 sys=0.00, real=0.01 secs] 
2020-10-27T01:21:14.158+0800: 1.079: [GC (Allocation Failure) 2020-10-27T01:21:14.159+0800: 1.079: [ParNew: 36816K->2657K(38080K), 0.0029712 secs] 39087K->4928K(122752K), 0.0030752 secs] [Times: user=0.00 sys=0.00, real=0.00 secs] 
2020-10-27T01:21:14.357+0800: 1.278: [GC (Allocation Failure) 2020-10-27T01:21:14.357+0800: 1.278: [ParNew: 36513K->2529K(38080K), 0.0047058 secs] 38784K->5383K(122752K), 0.0048030 secs] [Times: user=0.00 sys=0.00, real=0.00 secs] 
2020-10-27T01:21:14.502+0800: 1.422: [GC (Allocation Failure) 2020-10-27T01:21:14.502+0800: 1.422: [ParNew: 36385K->3228K(38080K), 0.0041147 secs] 39239K->6674K(122752K), 0.0042040 secs] [Times: user=0.00 sys=0.00, real=0.00 secs] 
2020-10-27T01:21:14.673+0800: 1.593: [GC (Allocation Failure) 2020-10-27T01:21:14.673+0800: 1.593: [ParNew: 37084K->3374K(38080K), 0.0100220 secs] 40530K->7501K(122752K), 0.0101060 secs] [Times: user=0.05 sys=0.00, real=0.01 secs] 
2020-10-27T01:21:14.897+0800: 1.817: [GC (Allocation Failure) 2020-10-27T01:21:14.897+0800: 1.817: [ParNew: 37230K->3027K(38080K), 0.0046819 secs] 41357K->7917K(122752K), 0.0047763 secs] [Times: user=0.06 sys=0.00, real=0.00 secs] 
2020-10-27T01:21:15.079+0800: 2.000: [GC (Allocation Failure) 2020-10-27T01:21:15.079+0800: 2.000: [ParNew: 36883K->1757K(38080K), 0.0049321 secs] 41773K->7145K(122752K), 0.0050208 secs] [Times: user=0.00 sys=0.00, real=0.01 secs] 
2020-10-27T01:21:15.085+0800: 2.005: [GC (CMS Initial Mark) [1 CMS-initial-mark: 5387K(84672K)] 7146K(122752K), 0.0008240 secs] [Times: user=0.00 sys=0.00, real=0.00 secs] 
2020-10-27T01:21:15.086+0800: 2.006: [CMS-concurrent-mark-start]
2020-10-27T01:21:15.101+0800: 2.021: [CMS-concurrent-mark: 0.015/0.015 secs] [Times: user=0.05 sys=0.01, real=0.02 secs] 
2020-10-27T01:21:15.101+0800: 2.021: [CMS-concurrent-preclean-start]
2020-10-27T01:21:15.101+0800: 2.022: [CMS-concurrent-preclean: 0.001/0.001 secs] [Times: user=0.00 sys=0.00, real=0.00 secs] 
2020-10-27T01:21:15.101+0800: 2.022: [CMS-concurrent-abortable-preclean-start]
2020-10-27T01:21:15.336+0800: 2.257: [CMS-concurrent-abortable-preclean: 0.035/0.235 secs] [Times: user=0.86 sys=0.08, real=0.23 secs] 
2020-10-27T01:21:15.338+0800: 2.258: [GC (CMS Final Remark) [YG occupancy: 20423 K (38080 K)]2020-10-27T01:21:15.338+0800: 2.258: [Rescan (parallel) , 0.0046431 secs]2020-10-27T01:21:15.342+0800: 2.263: [weak refs processing, 0.0000632 secs]2020-10-27T01:21:15.342+0800: 2.263: [class unloading, 0.0054862 secs]2020-10-27T01:21:15.348+0800: 2.269: [scrub symbol table, 0.0049061 secs]2020-10-27T01:21:15.353+0800: 2.274: [scrub string table, 0.0004302 secs][1 CMS-remark: 5387K(84672K)] 25810K(122752K), 0.0163587 secs] [Times: user=0.01 sys=0.00, real=0.02 secs] 
2020-10-27T01:21:15.354+0800: 2.275: [CMS-concurrent-sweep-start]
2020-10-27T01:21:15.358+0800: 2.278: [CMS-concurrent-sweep: 0.003/0.003 secs] [Times: user=0.00 sys=0.00, real=0.00 secs] 
2020-10-27T01:21:15.358+0800: 2.278: [CMS-concurrent-reset-start]
2020-10-27T01:21:15.358+0800: 2.279: [CMS-concurrent-reset: 0.001/0.001 secs] [Times: user=0.00 sys=0.00, real=0.00 secs] 
2020-10-27T01:21:15.499+0800: 2.420: [GC (Allocation Failure) 2020-10-27T01:21:15.499+0800: 2.420: [ParNew: 35613K->3850K(38080K), 0.0041484 secs] 40872K->9109K(122752K), 0.0042151 secs] [Times: user=0.00 sys=0.00, real=0.00 secs] 
2020-10-27T01:21:15.842+0800: 2.763: [GC (Allocation Failure) 2020-10-27T01:21:15.842+0800: 2.763: [ParNew: 37706K->2776K(38080K), 0.0082711 secs] 42965K->10522K(122752K), 0.0083754 secs] [Times: user=0.05 sys=0.00, real=0.01 secs] 
2020-10-27T01:21:16.072+0800: 2.995: [GC (Allocation Failure) 2020-10-27T01:21:16.072+0800: 2.995: [ParNew: 36632K->2656K(38080K), 0.0035094 secs] 44378K->10402K(122752K), 0.0036017 secs] [Times: user=0.00 sys=0.00, real=0.00 secs] 
2020-10-27T01:21:16.807+0800: 3.729: [GC (Allocation Failure) 2020-10-27T01:21:16.807+0800: 3.729: [ParNew: 36512K->3129K(38080K), 0.0052238 secs] 44258K->11654K(122752K), 0.0053298 secs] [Times: user=0.00 sys=0.00, real=0.00 secs] 
2020-10-27T01:21:17.104+0800: 4.036: [GC (Allocation Failure) 2020-10-27T01:21:17.104+0800: 4.036: [ParNew: 36985K->4224K(38080K), 0.0083796 secs] 45510K->16559K(122752K), 0.0084629 secs] [Times: user=0.05 sys=0.02, real=0.01 secs] 
2020-10-27T01:21:17.353+0800: 4.279: [GC (Allocation Failure) 2020-10-27T01:21:17.353+0800: 4.279: [ParNew: 38080K->3934K(38080K), 0.0084925 secs] 50415K->20463K(122752K), 0.0085766 secs] [Times: user=0.00 sys=0.00, real=0.00 secs] 
2020-10-27T01:21:17.525+0800: 4.447: [GC (Allocation Failure) 2020-10-27T01:21:17.525+0800: 4.447: [ParNew: 37790K->2383K(38080K), 0.0029611 secs] 54319K->18912K(122752K), 0.0030390 secs] [Times: user=0.00 sys=0.00, real=0.00 secs] 
2020-10-27T01:21:17.697+0800: 4.631: [GC (Allocation Failure) 2020-10-27T01:21:17.697+0800: 4.631: [ParNew: 36239K->4054K(38080K), 0.0045855 secs] 52768K->20583K(122752K), 0.0046797 secs] [Times: user=0.06 sys=0.00, real=0.02 secs] 
2020-10-27T01:21:17.900+0800: 4.834: [GC (Allocation Failure) 2020-10-27T01:21:17.900+0800: 4.834: [ParNew: 37910K->3067K(38080K), 0.0075454 secs] 54439K->21124K(122752K), 0.0076441 secs] [Times: user=0.06 sys=0.00, real=0.02 secs] 
2020-10-27T01:21:18.155+0800: 5.075: [GC (Allocation Failure) 2020-10-27T01:21:18.155+0800: 5.075: [ParNew: 36923K->2940K(38080K), 0.0061592 secs] 54980K->22381K(122752K), 0.0062353 secs] [Times: user=0.00 sys=0.00, real=0.01 secs] 
2020-10-27T01:21:24.230+0800: 11.150: [GC (Allocation Failure) 2020-10-27T01:21:24.230+0800: 11.150: [ParNew: 36796K->4224K(38080K), 0.0087839 secs] 56237K->25097K(122752K), 0.0088911 secs] [Times: user=0.00 sys=0.00, real=0.01 secs] 
2020-10-27T01:21:25.685+0800: 12.620: [GC (Allocation Failure) 2020-10-27T01:21:25.685+0800: 12.620: [ParNew: 38080K->3598K(38080K), 0.0081854 secs] 58953K->28654K(122752K), 0.0083130 secs] [Times: user=0.03 sys=0.03, real=0.02 secs] 
2020-10-27T01:21:26.841+0800: 13.768: [GC (Allocation Failure) 2020-10-27T01:21:26.841+0800: 13.768: [ParNew: 37454K->903K(38080K), 0.0023706 secs] 62510K->25959K(122752K), 0.0024830 secs] [Times: user=0.00 sys=0.00, real=0.00 secs] 
2020-10-27T01:21:29.429+0800: 16.349: [GC (Allocation Failure) 2020-10-27T01:21:29.429+0800: 16.350: [ParNew: 34759K->525K(38080K), 0.0024839 secs] 59815K->25580K(122752K), 0.0025996 secs] [Times: user=0.00 sys=0.00, real=0.00 secs] 
2020-10-27T01:21:30.490+0800: 17.410: [GC (Allocation Failure) 2020-10-27T01:21:30.490+0800: 17.410: [ParNew: 34381K->357K(38080K), 0.0023443 secs] 59436K->25413K(122752K), 0.0024440 secs] [Times: user=0.03 sys=0.01, real=0.00 secs] 
2020-10-27T01:21:31.608+0800: 18.529: [GC (Allocation Failure) 2020-10-27T01:21:31.608+0800: 18.529: [ParNew: 34213K->476K(38080K), 0.0023506 secs] 59269K->25532K(122752K), 0.0024570 secs] [Times: user=0.00 sys=0.00, real=0.00 secs] 
2020-10-27T01:21:32.946+0800: 19.866: [GC (Allocation Failure) 2020-10-27T01:21:32.946+0800: 19.866: [ParNew: 34332K->555K(38080K), 0.0024779 secs] 59388K->25610K(122752K), 0.0025902 secs] [Times: user=0.00 sys=0.00, real=0.00 secs] 
2020-10-27T01:21:34.141+0800: 21.062: [GC (Allocation Failure) 2020-10-27T01:21:34.142+0800: 21.062: [ParNew: 34411K->343K(38080K), 0.0027648 secs] 59466K->25645K(122752K), 0.0028704 secs] [Times: user=0.00 sys=0.00, real=0.00 secs] 
2020-10-27T01:21:35.113+0800: 22.033: [GC (Allocation Failure) 2020-10-27T01:21:35.113+0800: 22.034: [ParNew: 34199K->141K(38080K), 0.0028695 secs] 59501K->25454K(122752K), 0.0029767 secs] [Times: user=0.03 sys=0.02, real=0.00 secs] 
2020-10-27T01:21:35.790+0800: 22.710: [GC (Allocation Failure) 2020-10-27T01:21:35.790+0800: 22.710: [ParNew: 33997K->159K(38080K), 0.0025312 secs] 59310K->25489K(122752K), 0.0026348 secs] [Times: user=0.00 sys=0.00, real=0.00 secs] 
2020-10-27T01:21:36.470+0800: 23.390: [GC (Allocation Failure) 2020-10-27T01:21:36.470+0800: 23.390: [ParNew: 34015K->102K(38080K), 0.0025108 secs] 59345K->25441K(122752K), 0.0026023 secs] [Times: user=0.00 sys=0.00, real=0.00 secs] 
2020-10-27T01:21:37.132+0800: 24.053: [GC (Allocation Failure) 2020-10-27T01:21:37.132+0800: 24.053: [ParNew: 33958K->109K(38080K), 0.0029455 secs] 59297K->25456K(122752K), 0.0030697 secs] [Times: user=0.00 sys=0.00, real=0.00 secs] 
2020-10-27T01:21:37.755+0800: 24.676: [GC (Allocation Failure) 2020-10-27T01:21:37.755+0800: 24.676: [ParNew: 33965K->82K(38080K), 0.0026303 secs] 59312K->25450K(122752K), 0.0027299 secs] [Times: user=0.05 sys=0.00, real=0.00 secs] 
2020-10-27T01:21:38.401+0800: 25.322: [GC (Allocation Failure) 2020-10-27T01:21:38.401+0800: 25.322: [ParNew: 33938K->84K(38080K), 0.0024001 secs] 59306K->25461K(122752K), 0.0024956 secs] [Times: user=0.00 sys=0.00, real=0.00 secs] 
2020-10-27T01:21:39.060+0800: 25.987: [GC (Allocation Failure) 2020-10-27T01:21:39.060+0800: 25.987: [ParNew: 33940K->67K(38080K), 0.0025514 secs] 59317K->25450K(122752K), 0.0026588 secs] [Times: user=0.00 sys=0.00, real=0.00 secs] 
2020-10-27T01:21:39.656+0800: 26.582: [GC (Allocation Failure) 2020-10-27T01:21:39.656+0800: 26.582: [ParNew: 33923K->53K(38080K), 0.0025820 secs] 59306K->25436K(122752K), 0.0026866 secs] [Times: user=0.00 sys=0.00, real=0.00 secs] 
2020-10-27T01:21:40.312+0800: 27.236: [GC (Allocation Failure) 2020-10-27T01:21:40.312+0800: 27.236: [ParNew: 33909K->80K(38080K), 0.0025030 secs] 59292K->25464K(122752K), 0.0025857 secs] [Times: user=0.00 sys=0.00, real=0.00 secs] 
2020-10-27T01:21:40.875+0800: 27.810: [GC (Allocation Failure) 2020-10-27T01:21:40.875+0800: 27.810: [ParNew: 33931K->57K(38080K), 0.0025507 secs] 59315K->25440K(122752K), 0.0026514 secs] [Times: user=0.06 sys=0.00, real=0.02 secs] 
2020-10-27T01:21:41.500+0800: 28.433: [GC (Allocation Failure) 2020-10-27T01:21:41.500+0800: 28.433: [ParNew: 33913K->90K(38080K), 0.0029012 secs] 59296K->25473K(122752K), 0.0030165 secs] [Times: user=0.05 sys=0.00, real=0.02 secs] 
2020-10-27T01:21:42.100+0800: 29.021: [GC (Allocation Failure) 2020-10-27T01:21:42.100+0800: 29.021: [ParNew: 33946K->56K(38080K), 0.0025094 secs] 59329K->25440K(122752K), 0.0026133 secs] [Times: user=0.00 sys=0.00, real=0.00 secs] 
2020-10-27T01:21:42.709+0800: 29.629: [GC (Allocation Failure) 2020-10-27T01:21:42.709+0800: 29.629: [ParNew: 33912K->62K(38080K), 0.0024836 secs] 59296K->25445K(122752K), 0.0025905 secs] [Times: user=0.06 sys=0.00, real=0.00 secs] 
2020-10-27T01:21:43.349+0800: 30.270: [GC (Allocation Failure) 2020-10-27T01:21:43.349+0800: 30.270: [ParNew: 33918K->72K(38080K), 0.0021342 secs] 59301K->25457K(122752K), 0.0022255 secs] [Times: user=0.06 sys=0.00, real=0.00 secs] 
2020-10-27T01:21:43.945+0800: 30.866: [GC (Allocation Failure) 2020-10-27T01:21:43.945+0800: 30.866: [ParNew: 33928K->53K(38080K), 0.0022115 secs] 59313K->25441K(122752K), 0.0023319 secs] [Times: user=0.00 sys=0.00, real=0.00 secs] 
2020-10-27T01:21:44.550+0800: 31.474: [GC (Allocation Failure) 2020-10-27T01:21:44.550+0800: 31.474: [ParNew: 33909K->35K(38080K), 0.0023260 secs] 59297K->25423K(122752K), 0.0024522 secs] [Times: user=0.00 sys=0.00, real=0.00 secs] 
2020-10-27T01:21:45.155+0800: 32.076: [GC (Allocation Failure) 2020-10-27T01:21:45.156+0800: 32.076: [ParNew: 33882K->49K(38080K), 0.0021319 secs] 59270K->25437K(122752K), 0.0022269 secs] [Times: user=0.00 sys=0.00, real=0.00 secs] 
2020-10-27T01:21:45.818+0800: 32.739: [GC (Allocation Failure) 2020-10-27T01:21:45.818+0800: 32.739: [ParNew: 33905K->51K(38080K), 0.0020365 secs] 59293K->25439K(122752K), 0.0021240 secs] [Times: user=0.06 sys=0.00, real=0.00 secs] 
2020-10-27T01:21:46.419+0800: 33.353: [GC (Allocation Failure) 2020-10-27T01:21:46.419+0800: 33.353: [ParNew: 33907K->58K(38080K), 0.0022996 secs] 59295K->25446K(122752K), 0.0024038 secs] [Times: user=0.05 sys=0.00, real=0.02 secs] 
2020-10-27T01:21:47.060+0800: 33.993: [GC (Allocation Failure) 2020-10-27T01:21:47.060+0800: 33.994: [ParNew: 33914K->45K(38080K), 0.0022202 secs] 59302K->25433K(122752K), 0.0023463 secs] [Times: user=0.05 sys=0.00, real=0.02 secs] 
2020-10-27T01:21:47.716+0800: 34.642: [GC (Allocation Failure) 2020-10-27T01:21:47.716+0800: 34.642: [ParNew: 33901K->58K(38080K), 0.0020647 secs] 59289K->25446K(122752K), 0.0021570 secs] [Times: user=0.00 sys=0.00, real=0.00 secs] 
2020-10-27T01:21:48.323+0800: 35.244: [GC (Allocation Failure) 2020-10-27T01:21:48.324+0800: 35.244: [ParNew: 33912K->58K(38080K), 0.0020206 secs] 59300K->25447K(122752K), 0.0021294 secs] [Times: user=0.00 sys=0.00, real=0.00 secs] 
2020-10-27T01:21:49.022+0800: 35.942: [GC (Allocation Failure) 2020-10-27T01:21:49.022+0800: 35.942: [ParNew: 33914K->56K(38080K), 0.0019883 secs] 59303K->25444K(122752K), 0.0021006 secs] [Times: user=0.06 sys=0.00, real=0.00 secs] 
2020-10-27T01:21:49.636+0800: 36.570: [GC (Allocation Failure) 2020-10-27T01:21:49.636+0800: 36.570: [ParNew: 33912K->49K(38080K), 0.0020111 secs] 59300K->25437K(122752K), 0.0021116 secs] [Times: user=0.05 sys=0.00, real=0.02 secs] 
2020-10-27T01:21:50.253+0800: 37.173: [GC (Allocation Failure) 2020-10-27T01:21:50.253+0800: 37.173: [ParNew: 33905K->55K(38080K), 0.0019546 secs] 59293K->25443K(122752K), 0.0020445 secs] [Times: user=0.00 sys=0.00, real=0.00 secs] 
2020-10-27T01:21:50.938+0800: 37.859: [GC (Allocation Failure) 2020-10-27T01:21:50.938+0800: 37.859: [ParNew: 33911K->50K(38080K), 0.0019760 secs] 59299K->25438K(122752K), 0.0020856 secs] [Times: user=0.00 sys=0.00, real=0.00 secs] 
2020-10-27T01:21:51.557+0800: 38.483: [GC (Allocation Failure) 2020-10-27T01:21:51.557+0800: 38.483: [ParNew: 33906K->51K(38080K), 0.0019372 secs] 59294K->25441K(122752K), 0.0020347 secs] [Times: user=0.00 sys=0.00, real=0.00 secs] 
2020-10-27T01:21:52.167+0800: 39.096: [GC (Allocation Failure) 2020-10-27T01:21:52.167+0800: 39.096: [ParNew: 33907K->50K(38080K), 0.0018905 secs] 59297K->25440K(122752K), 0.0019787 secs] [Times: user=0.00 sys=0.00, real=0.00 secs] 
2020-10-27T01:21:52.760+0800: 39.694: [GC (Allocation Failure) 2020-10-27T01:21:52.760+0800: 39.694: [ParNew: 33906K->57K(38080K), 0.0021916 secs] 59296K->25448K(122752K), 0.0023329 secs] [Times: user=0.00 sys=0.02, real=0.02 secs] 
2020-10-27T01:21:53.385+0800: 40.312: [GC (Allocation Failure) 2020-10-27T01:21:53.385+0800: 40.312: [ParNew: 33913K->45K(38080K), 0.0019345 secs] 59304K->25436K(122752K), 0.0020266 secs] [Times: user=0.00 sys=0.00, real=0.00 secs] 
2020-10-27T01:21:54.027+0800: 40.947: [GC (Allocation Failure) 2020-10-27T01:21:54.027+0800: 40.947: [ParNew: 33901K->51K(38080K), 0.0020119 secs] 59292K->25443K(122752K), 0.0021150 secs] [Times: user=0.00 sys=0.00, real=0.00 secs] 
2020-10-27T01:21:54.648+0800: 41.581: [GC (Allocation Failure) 2020-10-27T01:21:54.648+0800: 41.581: [ParNew: 33907K->42K(38080K), 0.0020188 secs] 59299K->25434K(122752K), 0.0021147 secs] [Times: user=0.00 sys=0.00, real=0.02 secs] 
2020-10-27T01:21:55.257+0800: 42.181: [GC (Allocation Failure) 2020-10-27T01:21:55.257+0800: 42.181: [ParNew: 33895K->47K(38080K), 0.0019383 secs] 59287K->25439K(122752K), 0.0020235 secs] [Times: user=0.00 sys=0.00, real=0.00 secs] 
2020-10-27T01:21:55.851+0800: 42.781: [GC (Allocation Failure) 2020-10-27T01:21:55.851+0800: 42.781: [ParNew: 33903K->54K(38080K), 0.0020166 secs] 59295K->25446K(122752K), 0.0021238 secs] [Times: user=0.00 sys=0.00, real=0.00 secs] 
2020-10-27T01:21:56.500+0800: 43.421: [GC (Allocation Failure) 2020-10-27T01:21:56.500+0800: 43.421: [ParNew: 33910K->63K(38080K), 0.0021913 secs] 59302K->25456K(122752K), 0.0023684 secs] [Times: user=0.00 sys=0.00, real=0.00 secs] 
2020-10-27T01:21:57.071+0800: 44.001: [GC (Allocation Failure) 2020-10-27T01:21:57.071+0800: 44.001: [ParNew: 33918K->69K(38080K), 0.0019196 secs] 59311K->25461K(122752K), 0.0020047 secs] [Times: user=0.00 sys=0.00, real=0.00 secs] 
2020-10-27T01:21:57.743+0800: 44.671: [GC (Allocation Failure) 2020-10-27T01:21:57.743+0800: 44.671: [ParNew: 33925K->57K(38080K), 0.0019912 secs] 59317K->25450K(122752K), 0.0021015 secs] [Times: user=0.00 sys=0.00, real=0.00 secs] 
2020-10-27T01:21:58.374+0800: 45.294: [GC (Allocation Failure) 2020-10-27T01:21:58.374+0800: 45.294: [ParNew: 33913K->46K(38080K), 0.0021671 secs] 59306K->25439K(122752K), 0.0022819 secs] [Times: user=0.00 sys=0.00, real=0.00 secs] 
2020-10-27T01:21:58.949+0800: 45.869: [GC (Allocation Failure) 2020-10-27T01:21:58.949+0800: 45.869: [ParNew: 33902K->54K(38080K), 0.0019567 secs] 59295K->25447K(122752K), 0.0020462 secs] [Times: user=0.00 sys=0.00, real=0.00 secs] 
2020-10-27T01:21:59.584+0800: 46.508: [GC (Allocation Failure) 2020-10-27T01:21:59.584+0800: 46.508: [ParNew: 33910K->51K(38080K), 0.0020147 secs] 59303K->25444K(122752K), 0.0021268 secs] [Times: user=0.00 sys=0.00, real=0.00 secs] 
2020-10-27T01:22:00.177+0800: 47.097: [GC (Allocation Failure) 2020-10-27T01:22:00.177+0800: 47.097: [ParNew: 33907K->51K(38080K), 0.0021067 secs] 59300K->25444K(122752K), 0.0022239 secs] [Times: user=0.05 sys=0.00, real=0.00 secs] 
2020-10-27T01:22:00.844+0800: 47.765: [GC (Allocation Failure) 2020-10-27T01:22:00.844+0800: 47.765: [ParNew: 33907K->61K(38080K), 0.0019586 secs] 59300K->25454K(122752K), 0.0020519 secs] [Times: user=0.00 sys=0.00, real=0.00 secs] 
2020-10-27T01:22:01.432+0800: 48.358: [GC (Allocation Failure) 2020-10-27T01:22:01.432+0800: 48.358: [ParNew: 33917K->47K(38080K), 0.0019851 secs] 59310K->25443K(122752K), 0.0020828 secs] [Times: user=0.00 sys=0.00, real=0.00 secs] 
2020-10-27T01:22:02.041+0800: 48.974: [GC (Allocation Failure) 2020-10-27T01:22:02.041+0800: 48.974: [ParNew: 33903K->53K(38080K), 0.0021134 secs] 59299K->25450K(122752K), 0.0022141 secs] [Times: user=0.00 sys=0.00, real=0.00 secs] 
2020-10-27T01:22:02.651+0800: 49.574: [GC (Allocation Failure) 2020-10-27T01:22:02.651+0800: 49.574: [ParNew: 33909K->48K(38080K), 0.0022824 secs] 59306K->25444K(122752K), 0.0023836 secs] [Times: user=0.00 sys=0.00, real=0.00 secs] 
2020-10-27T01:22:03.245+0800: 50.166: [GC (Allocation Failure) 2020-10-27T01:22:03.245+0800: 50.166: [ParNew: 33904K->59K(38080K), 0.0020271 secs] 59300K->25456K(122752K), 0.0021596 secs] [Times: user=0.00 sys=0.00, real=0.00 secs] 
2020-10-27T01:22:03.885+0800: 50.805: [GC (Allocation Failure) 2020-10-27T01:22:03.885+0800: 50.805: [ParNew: 33915K->48K(38080K), 0.0019300 secs] 59312K->25444K(122752K), 0.0020248 secs] [Times: user=0.00 sys=0.00, real=0.00 secs] 
2020-10-27T01:22:04.447+0800: 51.379: [GC (Allocation Failure) 2020-10-27T01:22:04.447+0800: 51.379: [ParNew: 33904K->48K(38080K), 0.0019557 secs] 59300K->25444K(122752K), 0.0020661 secs] [Times: user=0.00 sys=0.00, real=0.00 secs] 
2020-10-27T01:22:05.081+0800: 52.002: [GC (Allocation Failure) 2020-10-27T01:22:05.081+0800: 52.002: [ParNew: 33904K->43K(38080K), 0.0020813 secs] 59300K->25441K(122752K), 0.0021814 secs] [Times: user=0.00 sys=0.00, real=0.00 secs] 
2020-10-27T01:22:05.691+0800: 52.612: [GC (Allocation Failure) 2020-10-27T01:22:05.691+0800: 52.612: [ParNew: 33899K->48K(38080K), 0.0022075 secs] 59297K->25447K(122752K), 0.0023229 secs] [Times: user=0.00 sys=0.00, real=0.00 secs] 
2020-10-27T01:22:06.344+0800: 53.265: [GC (Allocation Failure) 2020-10-27T01:22:06.344+0800: 53.265: [ParNew: 33904K->57K(38080K), 0.0020074 secs] 59303K->25455K(122752K), 0.0021110 secs] [Times: user=0.00 sys=0.00, real=0.00 secs] 
2020-10-27T01:22:07.016+0800: 53.936: [GC (Allocation Failure) 2020-10-27T01:22:07.016+0800: 53.936: [ParNew: 33913K->41K(38080K), 0.0021428 secs] 59311K->25439K(122752K), 0.0023079 secs] [Times: user=0.00 sys=0.00, real=0.00 secs] 
2020-10-27T01:22:07.589+0800: 54.510: [GC (Allocation Failure) 2020-10-27T01:22:07.589+0800: 54.510: [ParNew: 33897K->61K(38080K), 0.0019572 secs] 59295K->25461K(122752K), 0.0020429 secs] [Times: user=0.00 sys=0.00, real=0.00 secs] 
2020-10-27T01:22:08.210+0800: 55.130: [GC (Allocation Failure) 2020-10-27T01:22:08.210+0800: 55.130: [ParNew: 33917K->46K(38080K), 0.0019772 secs] 59317K->25446K(122752K), 0.0020740 secs] [Times: user=0.00 sys=0.00, real=0.00 secs] 
2020-10-27T01:22:08.783+0800: 55.703: [GC (Allocation Failure) 2020-10-27T01:22:08.783+0800: 55.703: [ParNew: 33902K->51K(38080K), 0.0020764 secs] 59302K->25451K(122752K), 0.0021927 secs] [Times: user=0.00 sys=0.00, real=0.00 secs] 
2020-10-27T01:22:09.422+0800: 56.348: [GC (Allocation Failure) 2020-10-27T01:22:09.422+0800: 56.348: [ParNew: 33907K->65K(38080K), 0.0019229 secs] 59307K->25465K(122752K), 0.0020084 secs] [Times: user=0.00 sys=0.00, real=0.00 secs] 
2020-10-27T01:22:10.015+0800: 56.935: [GC (Allocation Failure) 2020-10-27T01:22:10.015+0800: 56.935: [ParNew: 33921K->54K(38080K), 0.0021930 secs] 59321K->25454K(122752K), 0.0023030 secs] [Times: user=0.00 sys=0.00, real=0.00 secs] 
2020-10-27T01:22:10.622+0800: 57.543: [GC (Allocation Failure) 2020-10-27T01:22:10.622+0800: 57.543: [ParNew: 33910K->50K(38080K), 0.0019867 secs] 59310K->25450K(122752K), 0.0020994 secs] [Times: user=0.00 sys=0.00, real=0.00 secs] 
2020-10-27T01:22:11.226+0800: 58.160: [GC (Allocation Failure) 2020-10-27T01:22:11.226+0800: 58.160: [ParNew: 33906K->58K(38080K), 0.0020556 secs] 59306K->25457K(122752K), 0.0021697 secs] [Times: user=0.05 sys=0.00, real=0.02 secs] 
2020-10-27T01:22:11.773+0800: 58.700: [GC (Allocation Failure) 2020-10-27T01:22:11.773+0800: 58.700: [ParNew: 33914K->54K(38080K), 0.0020257 secs] 59313K->25453K(122752K), 0.0021271 secs] [Times: user=0.00 sys=0.00, real=0.00 secs] 
2020-10-27T01:22:12.392+0800: 59.312: [GC (Allocation Failure) 2020-10-27T01:22:12.392+0800: 59.312: [ParNew: 33910K->50K(38080K), 0.0019730 secs] 59309K->25450K(122752K), 0.0020681 secs] [Times: user=0.00 sys=0.00, real=0.00 secs] 
2020-10-27T01:22:13.009+0800: 59.937: [GC (Allocation Failure) 2020-10-27T01:22:13.009+0800: 59.937: [ParNew: 33906K->50K(38080K), 0.0019258 secs] 59306K->25450K(122752K), 0.0020129 secs] [Times: user=0.00 sys=0.00, real=0.00 secs] 
2020-10-27T01:22:13.556+0800: 60.489: [GC (Allocation Failure) 2020-10-27T01:22:13.556+0800: 60.489: [ParNew: 33903K->60K(38080K), 0.0020082 secs] 59302K->25460K(122752K), 0.0021202 secs] [Times: user=0.00 sys=0.00, real=0.00 secs] 
2020-10-27T01:22:14.115+0800: 61.050: [GC (Allocation Failure) 2020-10-27T01:22:14.115+0800: 61.050: [ParNew: 33916K->82K(38080K), 0.0020632 secs] 59316K->25482K(122752K), 0.0021526 secs] [Times: user=0.06 sys=0.00, real=0.02 secs] 
2020-10-27T01:22:14.693+0800: 61.626: [GC (Allocation Failure) 2020-10-27T01:22:14.693+0800: 61.626: [ParNew: 33938K->62K(38080K), 0.0019494 secs] 59338K->25462K(122752K), 0.0020528 secs] [Times: user=0.00 sys=0.00, real=0.00 secs] 
2020-10-27T01:22:15.284+0800: 62.204: [GC (Allocation Failure) 2020-10-27T01:22:15.284+0800: 62.204: [ParNew: 33918K->52K(38080K), 0.0020122 secs] 59318K->25456K(122752K), 0.0021078 secs] [Times: user=0.00 sys=0.00, real=0.00 secs] 
2020-10-27T01:22:15.937+0800: 62.857: [GC (Allocation Failure) 2020-10-27T01:22:15.937+0800: 62.857: [ParNew: 33908K->48K(38080K), 0.0020003 secs] 59312K->25452K(122752K), 0.0020930 secs] [Times: user=0.00 sys=0.00, real=0.00 secs] 
2020-10-27T01:22:16.496+0800: 63.430: [GC (Allocation Failure) 2020-10-27T01:22:16.496+0800: 63.430: [ParNew: 33904K->66K(38080K), 0.0019524 secs] 59308K->25471K(122752K), 0.0020535 secs] [Times: user=0.05 sys=0.00, real=0.01 secs] 
2020-10-27T01:22:17.082+0800: 64.002: [GC (Allocation Failure) 2020-10-27T01:22:17.082+0800: 64.002: [ParNew: 33922K->52K(38080K), 0.0018725 secs] 59327K->25456K(122752K), 0.0019555 secs] [Times: user=0.00 sys=0.00, real=0.00 secs] 
2020-10-27T01:22:17.664+0800: 64.584: [GC (Allocation Failure) 2020-10-27T01:22:17.664+0800: 64.584: [ParNew: 33908K->66K(38080K), 0.0019262 secs] 59312K->25470K(122752K), 0.0020877 secs] [Times: user=0.00 sys=0.00, real=0.00 secs] 
2020-10-27T01:22:18.274+0800: 65.198: [GC (Allocation Failure) 2020-10-27T01:22:18.274+0800: 65.198: [ParNew: 33922K->48K(38080K), 0.0019419 secs] 59326K->25452K(122752K), 0.0020468 secs] [Times: user=0.00 sys=0.00, real=0.00 secs] 
2020-10-27T01:22:18.892+0800: 65.812: [GC (Allocation Failure) 2020-10-27T01:22:18.892+0800: 65.812: [ParNew: 33902K->68K(38080K), 0.0020389 secs] 59306K->25472K(122752K), 0.0021662 secs] [Times: user=0.00 sys=0.00, real=0.00 secs] 
2020-10-27T01:22:19.496+0800: 66.417: [GC (Allocation Failure) 2020-10-27T01:22:19.496+0800: 66.417: [ParNew: 33924K->54K(38080K), 0.0020776 secs] 59328K->25458K(122752K), 0.0021871 secs] [Times: user=0.00 sys=0.00, real=0.00 secs] 
2020-10-27T01:22:20.085+0800: 67.005: [GC (Allocation Failure) 2020-10-27T01:22:20.085+0800: 67.005: [ParNew: 33910K->58K(38080K), 0.0019000 secs] 59314K->25462K(122752K), 0.0019870 secs] [Times: user=0.02 sys=0.00, real=0.00 secs] 
2020-10-27T01:22:20.689+0800: 67.609: [GC (Allocation Failure) 2020-10-27T01:22:20.690+0800: 67.609: [ParNew: 33914K->54K(38080K), 0.0018354 secs] 59318K->25459K(122752K), 0.0019438 secs] [Times: user=0.00 sys=0.00, real=0.00 secs] 
2020-10-27T01:22:21.259+0800: 68.193: [GC (Allocation Failure) 2020-10-27T01:22:21.259+0800: 68.193: [ParNew: 33910K->67K(38080K), 0.0019341 secs] 59315K->25472K(122752K), 0.0020480 secs] [Times: user=0.00 sys=0.00, real=0.00 secs] 
2020-10-27T01:22:21.869+0800: 68.804: [GC (Allocation Failure) 2020-10-27T01:22:21.869+0800: 68.804: [ParNew: 33923K->85K(38080K), 0.0019074 secs] 59328K->25490K(122752K), 0.0020087 secs] [Times: user=0.06 sys=0.00, real=0.02 secs] 
2020-10-27T01:22:22.447+0800: 69.382: [GC (Allocation Failure) 2020-10-27T01:22:22.447+0800: 69.382: [ParNew: 33940K->69K(38080K), 0.0019351 secs] 59344K->25474K(122752K), 0.0020490 secs] [Times: user=0.06 sys=0.00, real=0.01 secs] 
2020-10-27T01:22:23.040+0800: 69.968: [GC (Allocation Failure) 2020-10-27T01:22:23.040+0800: 69.968: [ParNew: 33925K->47K(38080K), 0.0019660 secs] 59330K->25452K(122752K), 0.0020676 secs] [Times: user=0.00 sys=0.00, real=0.00 secs] 
2020-10-27T01:22:23.642+0800: 70.563: [GC (Allocation Failure) 2020-10-27T01:22:23.642+0800: 70.563: [ParNew: 33903K->57K(38080K), 0.0018956 secs] 59308K->25462K(122752K), 0.0019888 secs] [Times: user=0.00 sys=0.00, real=0.00 secs] 
Heap
 par new generation   total 38080K, used 26405K [0x00000000e0000000, 0x00000000e2950000, 0x00000000eaaa0000)
  eden space 33856K,  77% used [0x00000000e0000000, 0x00000000e19bb098, 0x00000000e2110000)
  from space 4224K,   1% used [0x00000000e2110000, 0x00000000e211e4d0, 0x00000000e2530000)
  to   space 4224K,   0% used [0x00000000e2530000, 0x00000000e2530000, 0x00000000e2950000)
 concurrent mark-sweep generation total 84672K, used 25405K [0x00000000eaaa0000, 0x00000000efd50000, 0x0000000100000000)
 Metaspace       used 36411K, capacity 38178K, committed 38468K, reserved 1083392K
  class space    used 4577K, capacity 4894K, committed 4960K, reserved 1048576K
