Java HotSpot(TM) 64-Bit Server VM (25.231-b11) for windows-amd64 JRE (1.8.0_231-b11), built on Oct  5 2019 03:11:30 by "java_re" with MS VC++ 10.0 (VS2010)
Memory: 4k page, physical 8086332k(4481028k free), swap 16212796k(12146976k free)
CommandLine flags: -XX:InitialHeapSize=129381312 -XX:MaxHeapSize=536870912 -XX:+PrintGC -XX:+PrintGCDateStamps -XX:+PrintGCDetails -XX:+PrintGCTimeStamps -XX:+UseCompressedClassPointers -XX:+UseCompressedOops -XX:-UseLargePagesIndividualAllocation -XX:+UseParallelGC 
2020-10-27T01:19:50.371+0800: 0.592: [GC (Allocation Failure) [PSYoungGen: 31744K->3445K(36864K)] 31744K->3453K(121856K), 0.0050799 secs] [Times: user=0.00 sys=0.00, real=0.00 secs] 
2020-10-27T01:19:50.655+0800: 0.876: [GC (Allocation Failure) [PSYoungGen: 35189K->3754K(36864K)] 35197K->3770K(121856K), 0.0093955 secs] [Times: user=0.03 sys=0.00, real=0.01 secs] 
2020-10-27T01:19:50.867+0800: 1.088: [GC (Allocation Failure) [PSYoungGen: 35498K->4649K(36864K)] 35514K->4673K(121856K), 0.0059350 secs] [Times: user=0.00 sys=0.00, real=0.01 secs] 
2020-10-27T01:19:51.033+0800: 1.266: [GC (Allocation Failure) [PSYoungGen: 36393K->4797K(68608K)] 36417K->4829K(153600K), 0.0080910 secs] [Times: user=0.05 sys=0.02, real=0.02 secs] 
2020-10-27T01:19:51.361+0800: 1.589: [GC (Allocation Failure) [PSYoungGen: 68285K->5100K(68608K)] 68317K->7633K(153600K), 0.0082426 secs] [Times: user=0.02 sys=0.01, real=0.02 secs] 
2020-10-27T01:19:51.689+0800: 1.919: [GC (Metadata GC Threshold) [PSYoungGen: 50836K->7657K(133120K)] 53369K->10838K(218112K), 0.0111981 secs] [Times: user=0.06 sys=0.00, real=0.02 secs] 
2020-10-27T01:19:51.705+0800: 1.931: [Full GC (Metadata GC Threshold) [PSYoungGen: 7657K->0K(133120K)] [ParOldGen: 3181K->8049K(54272K)] 10838K->8049K(187392K), [Metaspace: 20504K->20504K(1067008K)], 0.0355479 secs] [Times: user=0.08 sys=0.00, real=0.03 secs] 
2020-10-27T01:19:52.752+0800: 2.982: [GC (Allocation Failure) [PSYoungGen: 125440K->6635K(134656K)] 133489K->14756K(188928K), 0.0114522 secs] [Times: user=0.06 sys=0.00, real=0.02 secs] 
2020-10-27T01:19:54.278+0800: 4.513: [GC (Allocation Failure) [PSYoungGen: 132075K->9191K(159232K)] 140196K->21172K(213504K), 0.0155570 secs] [Times: user=0.06 sys=0.00, real=0.02 secs] 
2020-10-27T01:20:00.211+0800: 10.432: [GC (Allocation Failure) [PSYoungGen: 159207K->12284K(162304K)] 171188K->24428K(216576K), 0.0133451 secs] [Times: user=0.00 sys=0.00, real=0.01 secs] 
2020-10-27T01:20:00.249+0800: 10.470: [GC (Metadata GC Threshold) [PSYoungGen: 28080K->3520K(159232K)] 40224K->23400K(213504K), 0.0114837 secs] [Times: user=0.06 sys=0.00, real=0.01 secs] 
2020-10-27T01:20:00.261+0800: 10.481: [Full GC (Metadata GC Threshold) [PSYoungGen: 3520K->0K(159232K)] [ParOldGen: 19880K->16474K(72704K)] 23400K->16474K(231936K), [Metaspace: 33885K->33885K(1079296K)], 0.0764193 secs] [Times: user=0.22 sys=0.00, real=0.08 secs] 
2020-10-27T01:20:06.475+0800: 16.704: [GC (Allocation Failure) [PSYoungGen: 146944K->3843K(160768K)] 163418K->20325K(233472K), 0.0051579 secs] [Times: user=0.00 sys=0.00, real=0.00 secs] 
2020-10-27T01:20:10.952+0800: 21.187: [GC (Allocation Failure) [PSYoungGen: 150787K->160K(159744K)] 167269K->19661K(232448K), 0.0044444 secs] [Times: user=0.06 sys=0.00, real=0.02 secs] 
2020-10-27T01:20:13.573+0800: 23.796: [GC (Allocation Failure) [PSYoungGen: 146080K->96K(160256K)] 165581K->19637K(232960K), 0.0031804 secs] [Times: user=0.00 sys=0.00, real=0.01 secs] 
2020-10-27T01:20:16.151+0800: 26.387: [GC (Allocation Failure) [PSYoungGen: 146016K->128K(160256K)] 165557K->19693K(232960K), 0.0029153 secs] [Times: user=0.06 sys=0.00, real=0.02 secs] 
2020-10-27T01:20:18.753+0800: 28.974: [GC (Allocation Failure) [PSYoungGen: 146048K->128K(160256K)] 165613K->19717K(232960K), 0.0024028 secs] [Times: user=0.00 sys=0.00, real=0.00 secs] 
2020-10-27T01:20:21.372+0800: 31.604: [GC (Allocation Failure) [PSYoungGen: 146048K->128K(159232K)] 165637K->19725K(231936K), 0.0020744 secs] [Times: user=0.00 sys=0.00, real=0.00 secs] 
2020-10-27T01:20:24.000+0800: 34.220: [GC (Allocation Failure) [PSYoungGen: 146048K->128K(159744K)] 165645K->19733K(232448K), 0.0020003 secs] [Times: user=0.00 sys=0.00, real=0.00 secs] 
2020-10-27T01:20:26.715+0800: 36.936: [GC (Allocation Failure) [PSYoungGen: 146048K->160K(160768K)] 165653K->19789K(233472K), 0.0020574 secs] [Times: user=0.00 sys=0.00, real=0.00 secs] 
2020-10-27T01:20:29.373+0800: 39.594: [GC (Allocation Failure) [PSYoungGen: 147616K->128K(160768K)] 167245K->19757K(233472K), 0.0024266 secs] [Times: user=0.00 sys=0.00, real=0.00 secs] 
2020-10-27T01:20:31.965+0800: 42.198: [GC (Allocation Failure) [PSYoungGen: 147584K->128K(160768K)] 167213K->19765K(233472K), 0.0021231 secs] [Times: user=0.00 sys=0.00, real=0.00 secs] 
2020-10-27T01:20:34.561+0800: 44.785: [GC (Allocation Failure) [PSYoungGen: 148608K->128K(160768K)] 168245K->19765K(233472K), 0.0021498 secs] [Times: user=0.00 sys=0.00, real=0.00 secs] 
2020-10-27T01:20:37.198+0800: 47.419: [GC (Allocation Failure) [PSYoungGen: 148608K->128K(161792K)] 168245K->19765K(234496K), 0.0021197 secs] [Times: user=0.00 sys=0.00, real=0.00 secs] 
2020-10-27T01:20:39.868+0800: 50.089: [GC (Allocation Failure) [PSYoungGen: 150656K->128K(161792K)] 170293K->19765K(234496K), 0.0020085 secs] [Times: user=0.00 sys=0.00, real=0.00 secs] 
2020-10-27T01:20:42.503+0800: 52.724: [GC (Allocation Failure) [PSYoungGen: 150656K->128K(162816K)] 170293K->19765K(235520K), 0.0024652 secs] [Times: user=0.00 sys=0.00, real=0.00 secs] 
2020-10-27T01:20:45.172+0800: 55.392: [GC (Allocation Failure) [PSYoungGen: 152704K->128K(162816K)] 172341K->19765K(235520K), 0.0021487 secs] [Times: user=0.00 sys=0.00, real=0.00 secs] 
2020-10-27T01:20:47.896+0800: 58.117: [GC (Allocation Failure) [PSYoungGen: 152704K->128K(163840K)] 172341K->19765K(236544K), 0.0021431 secs] [Times: user=0.02 sys=0.00, real=0.00 secs] 
2020-10-27T01:20:50.583+0800: 60.804: [GC (Allocation Failure) [PSYoungGen: 154752K->96K(163840K)] 174389K->19741K(236544K), 0.0049131 secs] [Times: user=0.00 sys=0.00, real=0.01 secs] 
2020-10-27T01:20:53.321+0800: 63.542: [GC (Allocation Failure) [PSYoungGen: 154720K->128K(164864K)] 174365K->19773K(237568K), 0.0021316 secs] [Times: user=0.00 sys=0.00, real=0.00 secs] 
2020-10-27T01:20:56.120+0800: 66.345: [GC (Allocation Failure) [PSYoungGen: 156800K->128K(164864K)] 176445K->19773K(237568K), 0.0018898 secs] [Times: user=0.00 sys=0.00, real=0.00 secs] 
2020-10-27T01:20:58.907+0800: 69.127: [GC (Allocation Failure) [PSYoungGen: 156800K->128K(165888K)] 176445K->19773K(238592K), 0.0024199 secs] [Times: user=0.00 sys=0.00, real=0.00 secs] 
Heap
 PSYoungGen      total 165888K, used 78793K [0x00000000f5580000, 0x00000000ffe80000, 0x0000000100000000)
  eden space 158720K, 49% used [0x00000000f5580000,0x00000000fa252498,0x00000000ff080000)
  from space 7168K, 1% used [0x00000000ff780000,0x00000000ff7a0000,0x00000000ffe80000)
  to   space 7168K, 0% used [0x00000000ff080000,0x00000000ff080000,0x00000000ff780000)
 ParOldGen       total 72704K, used 19645K [0x00000000e0000000, 0x00000000e4700000, 0x00000000f5580000)
  object space 72704K, 27% used [0x00000000e0000000,0x00000000e132f510,0x00000000e4700000)
 Metaspace       used 36318K, capacity 37964K, committed 38184K, reserved 1083392K
  class space    used 4563K, capacity 4871K, committed 4904K, reserved 1048576K
