Java HotSpot(TM) 64-Bit Server VM (25.231-b11) for windows-amd64 JRE (1.8.0_231-b11), built on Oct  5 2019 03:11:30 by "java_re" with MS VC++ 10.0 (VS2010)
Memory: 4k page, physical 8086332k(4499900k free), swap 16212796k(12157380k free)
CommandLine flags: -XX:InitialHeapSize=129381312 -XX:MaxHeapSize=536870912 -XX:+PrintGC -XX:+PrintGCDateStamps -XX:+PrintGCDetails -XX:+PrintGCTimeStamps -XX:+UseCompressedClassPointers -XX:+UseCompressedOops -XX:-UseLargePagesIndividualAllocation -XX:+UseSerialGC 
2020-10-27T01:18:16.405+0800: 0.623: [GC (Allocation Failure) 2020-10-27T01:18:16.405+0800: 0.623: [DefNew: 33856K->3445K(38080K), 0.0095999 secs] 33856K->3445K(122752K), 0.0097682 secs] [Times: user=0.05 sys=0.00, real=0.02 secs] 
2020-10-27T01:18:16.640+0800: 0.854: [GC (Allocation Failure) 2020-10-27T01:18:16.640+0800: 0.854: [DefNew: 37301K->1518K(38080K), 0.0081290 secs] 37301K->3760K(122752K), 0.0082048 secs] [Times: user=0.00 sys=0.00, real=0.00 secs] 
2020-10-27T01:18:16.812+0800: 1.026: [GC (Allocation Failure) 2020-10-27T01:18:16.812+0800: 1.026: [DefNew: 35374K->2390K(38080K), 0.0048992 secs] 37616K->4632K(122752K), 0.0049741 secs] [Times: user=0.00 sys=0.00, real=0.00 secs] 
2020-10-27T01:18:17.000+0800: 1.211: [GC (Allocation Failure) 2020-10-27T01:18:17.000+0800: 1.211: [DefNew: 36246K->2146K(38080K), 0.0069715 secs] 38488K->4922K(122752K), 0.0070542 secs] [Times: user=0.03 sys=0.00, real=0.01 secs] 
2020-10-27T01:18:17.162+0800: 1.373: [GC (Allocation Failure) 2020-10-27T01:18:17.162+0800: 1.373: [DefNew: 36002K->2335K(38080K), 0.0067391 secs] 38778K->5696K(122752K), 0.0068266 secs] [Times: user=0.03 sys=0.00, real=0.01 secs] 
2020-10-27T01:18:17.355+0800: 1.565: [GC (Allocation Failure) 2020-10-27T01:18:17.355+0800: 1.565: [DefNew: 36191K->2992K(38080K), 0.0079059 secs] 39552K->6950K(122752K), 0.0079963 secs] [Times: user=0.00 sys=0.00, real=0.01 secs] 
2020-10-27T01:18:17.559+0800: 1.770: [GC (Allocation Failure) 2020-10-27T01:18:17.559+0800: 1.770: [DefNew: 36848K->2628K(38080K), 0.0087632 secs] 40806K->7389K(122752K), 0.0089174 secs] [Times: user=0.00 sys=0.00, real=0.01 secs] 
2020-10-27T01:18:17.601+0800: 1.812: [Full GC (Metadata GC Threshold) 2020-10-27T01:18:17.601+0800: 1.812: [Tenured: 4761K->5574K(84672K), 0.0307203 secs] 23314K->5574K(122752K), [Metaspace: 20577K->20577K(1067008K)], 0.0308082 secs] [Times: user=0.06 sys=0.00, real=0.03 secs] 
2020-10-27T01:18:18.040+0800: 2.251: [GC (Allocation Failure) 2020-10-27T01:18:18.041+0800: 2.251: [DefNew: 33920K->2833K(38144K), 0.0083276 secs] 39494K->8407K(122816K), 0.0084234 secs] [Times: user=0.00 sys=0.00, real=0.01 secs] 
2020-10-27T01:18:18.399+0800: 2.609: [GC (Allocation Failure) 2020-10-27T01:18:18.399+0800: 2.609: [DefNew: 36753K->2254K(38144K), 0.0084963 secs] 42327K->9572K(122816K), 0.0085621 secs] [Times: user=0.00 sys=0.00, real=0.01 secs] 
2020-10-27T01:18:18.650+0800: 2.861: [GC (Allocation Failure) 2020-10-27T01:18:18.650+0800: 2.861: [DefNew: 36174K->1207K(38144K), 0.0081475 secs] 43492K->9506K(122816K), 0.0082407 secs] [Times: user=0.00 sys=0.00, real=0.01 secs] 
2020-10-27T01:18:18.929+0800: 3.140: [GC (Allocation Failure) 2020-10-27T01:18:18.929+0800: 3.140: [DefNew: 35127K->2386K(38144K), 0.0082653 secs] 43426K->10684K(122816K), 0.0083385 secs] [Times: user=0.00 sys=0.00, real=0.01 secs] 
2020-10-27T01:18:19.729+0800: 3.939: [GC (Allocation Failure) 2020-10-27T01:18:19.729+0800: 3.939: [DefNew: 36306K->4224K(38144K), 0.0167502 secs] 44604K->15157K(122816K), 0.0168479 secs] [Times: user=0.03 sys=0.00, real=0.02 secs] 
2020-10-27T01:18:20.133+0800: 4.344: [GC (Allocation Failure) 2020-10-27T01:18:20.133+0800: 4.344: [DefNew: 38144K->2210K(38144K), 0.0221861 secs] 49077K->17350K(122816K), 0.0222805 secs] [Times: user=0.03 sys=0.00, real=0.02 secs] 
2020-10-27T01:18:20.382+0800: 4.593: [GC (Allocation Failure) 2020-10-27T01:18:20.382+0800: 4.593: [DefNew: 36130K->972K(38144K), 0.0118642 secs] 51270K->17246K(122816K), 0.0119720 secs] [Times: user=0.00 sys=0.00, real=0.01 secs] 
2020-10-27T01:18:20.724+0800: 4.934: [GC (Allocation Failure) 2020-10-27T01:18:20.724+0800: 4.934: [DefNew: 34892K->1867K(38144K), 0.0138984 secs] 51166K->18142K(122816K), 0.0140656 secs] [Times: user=0.05 sys=0.00, real=0.01 secs] 
2020-10-27T01:18:20.945+0800: 5.155: [GC (Allocation Failure) 2020-10-27T01:18:20.945+0800: 5.155: [DefNew: 35787K->3369K(38144K), 0.0184409 secs] 52062K->19643K(122816K), 0.0185221 secs] [Times: user=0.03 sys=0.00, real=0.02 secs] 
2020-10-27T01:18:21.179+0800: 5.398: [GC (Allocation Failure) 2020-10-27T01:18:21.179+0800: 5.398: [DefNew: 37289K->2273K(38144K), 0.0145921 secs] 53563K->20115K(122816K), 0.0146850 secs] [Times: user=0.02 sys=0.00, real=0.02 secs] 
2020-10-27T01:18:26.004+0800: 10.214: [GC (Allocation Failure) 2020-10-27T01:18:26.004+0800: 10.214: [DefNew: 36193K->2186K(38144K), 0.0091330 secs] 54035K->21077K(122816K), 0.0092286 secs] [Times: user=0.02 sys=0.00, real=0.01 secs] 
2020-10-27T01:18:26.025+0800: 10.236: [GC (GCLocker Initiated GC) 2020-10-27T01:18:26.025+0800: 10.236: [DefNew: 7077K->1568K(38144K), 0.0052206 secs] 25968K->20995K(122816K), 0.0052875 secs] [Times: user=0.00 sys=0.00, real=0.01 secs] 
2020-10-27T01:18:26.090+0800: 10.300: [Full GC (Metadata GC Threshold) 2020-10-27T01:18:26.090+0800: 10.300: [Tenured: 19427K->23539K(84672K), 0.0556309 secs] 32060K->23539K(122816K), [Metaspace: 34218K->34218K(1081344K)], 0.0557113 secs] [Times: user=0.05 sys=0.00, real=0.06 secs] 
2020-10-27T01:18:27.360+0800: 11.571: [GC (Allocation Failure) 2020-10-27T01:18:27.360+0800: 11.571: [DefNew: 33920K->723K(38144K), 0.0061723 secs] 57459K->24263K(122816K), 0.0062735 secs] [Times: user=0.02 sys=0.00, real=0.01 secs] 
2020-10-27T01:18:28.572+0800: 12.783: [GC (Allocation Failure) 2020-10-27T01:18:28.572+0800: 12.783: [DefNew: 34643K->453K(38144K), 0.0061236 secs] 58183K->23993K(122816K), 0.0062320 secs] [Times: user=0.00 sys=0.00, real=0.01 secs] 
2020-10-27T01:18:30.912+0800: 15.123: [GC (Allocation Failure) 2020-10-27T01:18:30.912+0800: 15.123: [DefNew: 34373K->451K(38144K), 0.0061182 secs] 57913K->23990K(122816K), 0.0062272 secs] [Times: user=0.05 sys=0.00, real=0.01 secs] 
2020-10-27T01:18:32.330+0800: 16.553: [GC (Allocation Failure) 2020-10-27T01:18:32.330+0800: 16.553: [DefNew: 34371K->490K(38144K), 0.0062684 secs] 57910K->24030K(122816K), 0.0063591 secs] [Times: user=0.01 sys=0.00, real=0.02 secs] 
2020-10-27T01:18:33.493+0800: 17.704: [GC (Allocation Failure) 2020-10-27T01:18:33.493+0800: 17.704: [DefNew: 34410K->483K(38144K), 0.0062448 secs] 57950K->24023K(122816K), 0.0063811 secs] [Times: user=0.00 sys=0.00, real=0.01 secs] 
2020-10-27T01:18:35.223+0800: 19.434: [GC (Allocation Failure) 2020-10-27T01:18:35.223+0800: 19.434: [DefNew: 34403K->520K(38144K), 0.0052713 secs] 57943K->24060K(122816K), 0.0053720 secs] [Times: user=0.02 sys=0.00, real=0.00 secs] 
2020-10-27T01:18:36.399+0800: 20.621: [GC (Allocation Failure) 2020-10-27T01:18:36.399+0800: 20.621: [DefNew: 34440K->518K(38144K), 0.0062659 secs] 57980K->24058K(122816K), 0.0063736 secs] [Times: user=0.01 sys=0.00, real=0.02 secs] 
2020-10-27T01:18:36.997+0800: 21.219: [GC (Allocation Failure) 2020-10-27T01:18:36.997+0800: 21.219: [DefNew: 34438K->523K(38144K), 0.0059793 secs] 57978K->24063K(122816K), 0.0060992 secs] [Times: user=0.02 sys=0.00, real=0.02 secs] 
2020-10-27T01:18:37.497+0800: 21.720: [GC (Allocation Failure) 2020-10-27T01:18:37.497+0800: 21.720: [DefNew: 34443K->525K(38144K), 0.0061732 secs] 57983K->24065K(122816K), 0.0062747 secs] [Times: user=0.01 sys=0.00, real=0.02 secs] 
2020-10-27T01:18:38.148+0800: 22.359: [GC (Allocation Failure) 2020-10-27T01:18:38.148+0800: 22.359: [DefNew: 34445K->526K(38144K), 0.0051010 secs] 57985K->24066K(122816K), 0.0051928 secs] [Times: user=0.00 sys=0.00, real=0.01 secs] 
2020-10-27T01:18:38.804+0800: 23.015: [GC (Allocation Failure) 2020-10-27T01:18:38.804+0800: 23.015: [DefNew: 34446K->525K(38144K), 0.0048978 secs] 57986K->24065K(122816K), 0.0049996 secs] [Times: user=0.00 sys=0.00, real=0.01 secs] 
2020-10-27T01:18:39.420+0800: 23.630: [GC (Allocation Failure) 2020-10-27T01:18:39.420+0800: 23.630: [DefNew: 34445K->540K(38144K), 0.0047797 secs] 57985K->24079K(122816K), 0.0048722 secs] [Times: user=0.00 sys=0.00, real=0.00 secs] 
2020-10-27T01:18:40.005+0800: 24.216: [GC (Allocation Failure) 2020-10-27T01:18:40.005+0800: 24.216: [DefNew: 34460K->527K(38144K), 0.0060959 secs] 57999K->24067K(122816K), 0.0062011 secs] [Times: user=0.02 sys=0.00, real=0.01 secs] 
2020-10-27T01:18:40.614+0800: 24.825: [GC (Allocation Failure) 2020-10-27T01:18:40.614+0800: 24.825: [DefNew: 34447K->527K(38144K), 0.0074810 secs] 57987K->24067K(122816K), 0.0075951 secs] [Times: user=0.02 sys=0.00, real=0.01 secs] 
2020-10-27T01:18:41.205+0800: 25.416: [GC (Allocation Failure) 2020-10-27T01:18:41.206+0800: 25.416: [DefNew: 34447K->526K(38144K), 0.0058114 secs] 57987K->24066K(122816K), 0.0059221 secs] [Times: user=0.02 sys=0.00, real=0.01 secs] 
2020-10-27T01:18:41.784+0800: 25.995: [GC (Allocation Failure) 2020-10-27T01:18:41.784+0800: 25.995: [DefNew: 34443K->142K(38144K), 0.0056141 secs] 57983K->24081K(122816K), 0.0056963 secs] [Times: user=0.02 sys=0.00, real=0.01 secs] 
2020-10-27T01:18:42.315+0800: 26.532: [GC (Allocation Failure) 2020-10-27T01:18:42.315+0800: 26.532: [DefNew: 34062K->110K(38144K), 0.0048876 secs] 58001K->24068K(122816K), 0.0050043 secs] [Times: user=0.00 sys=0.00, real=0.00 secs] 
2020-10-27T01:18:42.878+0800: 27.094: [GC (Allocation Failure) 2020-10-27T01:18:42.878+0800: 27.094: [DefNew: 34027K->94K(38144K), 0.0041452 secs] 57985K->24069K(122816K), 0.0042343 secs] [Times: user=0.00 sys=0.00, real=0.00 secs] 
2020-10-27T01:18:43.591+0800: 27.801: [GC (Allocation Failure) 2020-10-27T01:18:43.591+0800: 27.801: [DefNew: 34014K->78K(38144K), 0.0041014 secs] 57989K->24066K(122816K), 0.0042300 secs] [Times: user=0.00 sys=0.00, real=0.00 secs] 
2020-10-27T01:18:44.337+0800: 28.547: [GC (Allocation Failure) 2020-10-27T01:18:44.337+0800: 28.547: [DefNew: 33998K->74K(38144K), 0.0040609 secs] 57986K->24069K(122816K), 0.0041575 secs] [Times: user=0.00 sys=0.00, real=0.00 secs] 
2020-10-27T01:18:44.900+0800: 29.113: [GC (Allocation Failure) 2020-10-27T01:18:44.900+0800: 29.113: [DefNew: 33994K->52K(38144K), 0.0035462 secs] 57989K->24068K(122816K), 0.0036444 secs] [Times: user=0.00 sys=0.00, real=0.00 secs] 
2020-10-27T01:18:45.459+0800: 29.669: [GC (Allocation Failure) 2020-10-27T01:18:45.459+0800: 29.669: [DefNew: 33972K->54K(38144K), 0.0042463 secs] 57988K->24081K(122816K), 0.0043589 secs] [Times: user=0.02 sys=0.00, real=0.00 secs] 
2020-10-27T01:18:46.055+0800: 30.266: [GC (Allocation Failure) 2020-10-27T01:18:46.055+0800: 30.266: [DefNew: 33974K->44K(38144K), 0.0033408 secs] 58001K->24075K(122816K), 0.0034294 secs] [Times: user=0.00 sys=0.00, real=0.00 secs] 
2020-10-27T01:18:46.646+0800: 30.857: [GC (Allocation Failure) 2020-10-27T01:18:46.647+0800: 30.857: [DefNew: 33964K->37K(38144K), 0.0036287 secs] 57995K->24068K(122816K), 0.0037465 secs] [Times: user=0.02 sys=0.00, real=0.00 secs] 
2020-10-27T01:18:47.217+0800: 31.427: [GC (Allocation Failure) 2020-10-27T01:18:47.217+0800: 31.427: [DefNew: 33957K->35K(38144K), 0.0035693 secs] 57988K->24067K(122816K), 0.0036647 secs] [Times: user=0.00 sys=0.00, real=0.00 secs] 
2020-10-27T01:18:47.782+0800: 31.993: [GC (Allocation Failure) 2020-10-27T01:18:47.782+0800: 31.993: [DefNew: 33955K->37K(38144K), 0.0037098 secs] 57987K->24068K(122816K), 0.0038205 secs] [Times: user=0.00 sys=0.00, real=0.00 secs] 
2020-10-27T01:18:48.489+0800: 32.699: [GC (Allocation Failure) 2020-10-27T01:18:48.489+0800: 32.699: [DefNew: 33957K->37K(38144K), 0.0034565 secs] 57988K->24069K(122816K), 0.0035688 secs] [Times: user=0.02 sys=0.00, real=0.00 secs] 
2020-10-27T01:18:49.443+0800: 33.653: [GC (Allocation Failure) 2020-10-27T01:18:49.443+0800: 33.653: [DefNew: 33957K->37K(38144K), 0.0033657 secs] 57989K->24069K(122816K), 0.0034588 secs] [Times: user=0.02 sys=0.00, real=0.00 secs] 
2020-10-27T01:18:49.973+0800: 34.188: [GC (Allocation Failure) 2020-10-27T01:18:49.973+0800: 34.188: [DefNew: 33957K->35K(38144K), 0.0029038 secs] 57989K->24066K(122816K), 0.0029956 secs] [Times: user=0.00 sys=0.00, real=0.00 secs] 
2020-10-27T01:18:50.596+0800: 34.806: [GC (Allocation Failure) 2020-10-27T01:18:50.596+0800: 34.806: [DefNew: 33955K->41K(38144K), 0.0043259 secs] 57986K->24072K(122816K), 0.0044325 secs] [Times: user=0.01 sys=0.00, real=0.01 secs] 
2020-10-27T01:18:51.165+0800: 35.388: [GC (Allocation Failure) 2020-10-27T01:18:51.165+0800: 35.388: [DefNew: 33961K->34K(38144K), 0.0034975 secs] 57992K->24070K(122816K), 0.0036075 secs] [Times: user=0.01 sys=0.00, real=0.02 secs] 
2020-10-27T01:18:51.696+0800: 35.912: [GC (Allocation Failure) 2020-10-27T01:18:51.696+0800: 35.912: [DefNew: 33954K->47K(38144K), 0.0036928 secs] 57990K->24083K(122816K), 0.0038055 secs] [Times: user=0.00 sys=0.00, real=0.00 secs] 
2020-10-27T01:18:52.257+0800: 36.468: [GC (Allocation Failure) 2020-10-27T01:18:52.257+0800: 36.468: [DefNew: 33967K->32K(38144K), 0.0035121 secs] 58003K->24068K(122816K), 0.0036223 secs] [Times: user=0.00 sys=0.00, real=0.00 secs] 
2020-10-27T01:18:52.857+0800: 37.067: [GC (Allocation Failure) 2020-10-27T01:18:52.857+0800: 37.067: [DefNew: 33952K->34K(38144K), 0.0031587 secs] 57988K->24070K(122816K), 0.0032558 secs] [Times: user=0.00 sys=0.00, real=0.00 secs] 
2020-10-27T01:18:53.660+0800: 37.870: [GC (Allocation Failure) 2020-10-27T01:18:53.660+0800: 37.870: [DefNew: 33954K->34K(38144K), 0.0037991 secs] 57990K->24070K(122816K), 0.0039053 secs] [Times: user=0.02 sys=0.00, real=0.00 secs] 
2020-10-27T01:18:54.390+0800: 38.601: [GC (Allocation Failure) 2020-10-27T01:18:54.390+0800: 38.601: [DefNew: 33954K->46K(38144K), 0.0032530 secs] 57990K->24083K(122816K), 0.0033655 secs] [Times: user=0.00 sys=0.00, real=0.00 secs] 
2020-10-27T01:18:55.075+0800: 39.292: [GC (Allocation Failure) 2020-10-27T01:18:55.075+0800: 39.292: [DefNew: 33966K->32K(38144K), 0.0034383 secs] 58003K->24070K(122816K), 0.0035511 secs] [Times: user=0.00 sys=0.00, real=0.00 secs] 
2020-10-27T01:18:55.731+0800: 39.953: [GC (Allocation Failure) 2020-10-27T01:18:55.731+0800: 39.954: [DefNew: 33952K->34K(38144K), 0.0026391 secs] 57990K->24073K(122816K), 0.0027958 secs] [Times: user=0.00 sys=0.00, real=0.00 secs] 
2020-10-27T01:18:56.545+0800: 40.756: [GC (Allocation Failure) 2020-10-27T01:18:56.545+0800: 40.756: [DefNew: 33954K->34K(38144K), 0.0035015 secs] 57993K->24072K(122816K), 0.0036036 secs] [Times: user=0.00 sys=0.00, real=0.00 secs] 
2020-10-27T01:18:57.261+0800: 41.471: [GC (Allocation Failure) 2020-10-27T01:18:57.261+0800: 41.471: [DefNew: 33954K->30K(38144K), 0.0034767 secs] 57992K->24068K(122816K), 0.0035815 secs] [Times: user=0.00 sys=0.00, real=0.00 secs] 
2020-10-27T01:18:57.847+0800: 42.073: [GC (Allocation Failure) 2020-10-27T01:18:57.847+0800: 42.073: [DefNew: 33950K->31K(38144K), 0.0037378 secs] 57988K->24069K(122816K), 0.0038370 secs] [Times: user=0.02 sys=0.00, real=0.02 secs] 
2020-10-27T01:18:58.551+0800: 42.762: [GC (Allocation Failure) 2020-10-27T01:18:58.551+0800: 42.762: [DefNew: 33951K->32K(38144K), 0.0029163 secs] 57989K->24070K(122816K), 0.0030162 secs] [Times: user=0.02 sys=0.00, real=0.00 secs] 
2020-10-27T01:18:59.234+0800: 43.445: [GC (Allocation Failure) 2020-10-27T01:18:59.234+0800: 43.445: [DefNew: 33952K->33K(38144K), 0.0035325 secs] 57990K->24072K(122816K), 0.0036396 secs] [Times: user=0.00 sys=0.00, real=0.00 secs] 
2020-10-27T01:18:59.881+0800: 44.106: [GC (Allocation Failure) 2020-10-27T01:18:59.881+0800: 44.106: [DefNew: 33953K->46K(38144K), 0.0054499 secs] 57992K->24084K(122816K), 0.0055632 secs] [Times: user=0.02 sys=0.00, real=0.02 secs] 
2020-10-27T01:19:00.548+0800: 44.758: [GC (Allocation Failure) 2020-10-27T01:19:00.548+0800: 44.758: [DefNew: 33966K->32K(38144K), 0.0029026 secs] 58004K->24072K(122816K), 0.0029916 secs] [Times: user=0.00 sys=0.00, real=0.00 secs] 
2020-10-27T01:19:01.191+0800: 45.401: [GC (Allocation Failure) 2020-10-27T01:19:01.191+0800: 45.401: [DefNew: 33952K->30K(38144K), 0.0036417 secs] 57992K->24070K(122816K), 0.0037606 secs] [Times: user=0.02 sys=0.00, real=0.00 secs] 
2020-10-27T01:19:01.800+0800: 46.011: [GC (Allocation Failure) 2020-10-27T01:19:01.800+0800: 46.011: [DefNew: 33950K->32K(38144K), 0.0030187 secs] 57990K->24072K(122816K), 0.0031276 secs] [Times: user=0.00 sys=0.00, real=0.00 secs] 
2020-10-27T01:19:02.429+0800: 46.639: [GC (Allocation Failure) 2020-10-27T01:19:02.429+0800: 46.639: [DefNew: 33952K->31K(38144K), 0.0031946 secs] 57992K->24071K(122816K), 0.0033026 secs] [Times: user=0.00 sys=0.00, real=0.00 secs] 
2020-10-27T01:19:03.056+0800: 47.276: [GC (Allocation Failure) 2020-10-27T01:19:03.056+0800: 47.276: [DefNew: 33951K->32K(38144K), 0.0031438 secs] 57991K->24072K(122816K), 0.0032856 secs] [Times: user=0.00 sys=0.00, real=0.00 secs] 
2020-10-27T01:19:03.687+0800: 47.898: [GC (Allocation Failure) 2020-10-27T01:19:03.687+0800: 47.898: [DefNew: 33952K->44K(38144K), 0.0028213 secs] 57992K->24084K(122816K), 0.0029016 secs] [Times: user=0.00 sys=0.00, real=0.00 secs] 
2020-10-27T01:19:04.319+0800: 48.530: [GC (Allocation Failure) 2020-10-27T01:19:04.319+0800: 48.530: [DefNew: 33961K->32K(38144K), 0.0029559 secs] 58002K->24073K(122816K), 0.0030564 secs] [Times: user=0.00 sys=0.00, real=0.00 secs] 
2020-10-27T01:19:04.944+0800: 49.154: [GC (Allocation Failure) 2020-10-27T01:19:04.944+0800: 49.154: [DefNew: 33952K->30K(38144K), 0.0034165 secs] 57993K->24070K(122816K), 0.0035218 secs] [Times: user=0.02 sys=0.00, real=0.00 secs] 
2020-10-27T01:19:05.629+0800: 49.839: [GC (Allocation Failure) 2020-10-27T01:19:05.629+0800: 49.839: [DefNew: 33950K->29K(38144K), 0.0035056 secs] 57990K->24070K(122816K), 0.0036064 secs] [Times: user=0.00 sys=0.00, real=0.00 secs] 
2020-10-27T01:19:06.265+0800: 50.481: [GC (Allocation Failure) 2020-10-27T01:19:06.265+0800: 50.481: [DefNew: 33949K->32K(38144K), 0.0030543 secs] 57990K->24074K(122816K), 0.0031460 secs] [Times: user=0.00 sys=0.00, real=0.00 secs] 
2020-10-27T01:19:06.890+0800: 51.107: [GC (Allocation Failure) 2020-10-27T01:19:06.890+0800: 51.107: [DefNew: 33952K->30K(38144K), 0.0032108 secs] 57994K->24072K(122816K), 0.0033145 secs] [Times: user=0.00 sys=0.00, real=0.00 secs] 
2020-10-27T01:19:07.500+0800: 51.716: [GC (Allocation Failure) 2020-10-27T01:19:07.500+0800: 51.717: [DefNew: 33950K->42K(38144K), 0.0030212 secs] 57992K->24084K(122816K), 0.0031123 secs] [Times: user=0.00 sys=0.00, real=0.00 secs] 
2020-10-27T01:19:08.085+0800: 52.295: [GC (Allocation Failure) 2020-10-27T01:19:08.085+0800: 52.295: [DefNew: 33962K->30K(38144K), 0.0027901 secs] 58004K->24072K(122816K), 0.0028908 secs] [Times: user=0.02 sys=0.00, real=0.00 secs] 
2020-10-27T01:19:08.801+0800: 53.012: [GC (Allocation Failure) 2020-10-27T01:19:08.801+0800: 53.012: [DefNew: 33950K->34K(38144K), 0.0030877 secs] 57992K->24076K(122816K), 0.0031816 secs] [Times: user=0.02 sys=0.00, real=0.00 secs] 
2020-10-27T01:19:09.466+0800: 53.676: [GC (Allocation Failure) 2020-10-27T01:19:09.466+0800: 53.676: [DefNew: 33954K->40K(38144K), 0.0026365 secs] 57996K->24082K(122816K), 0.0027223 secs] [Times: user=0.00 sys=0.00, real=0.00 secs] 
2020-10-27T01:19:10.183+0800: 54.394: [GC (Allocation Failure) 2020-10-27T01:19:10.183+0800: 54.394: [DefNew: 33960K->29K(38144K), 0.0036616 secs] 58002K->24071K(122816K), 0.0037634 secs] [Times: user=0.00 sys=0.00, real=0.00 secs] 
2020-10-27T01:19:10.961+0800: 55.172: [GC (Allocation Failure) 2020-10-27T01:19:10.961+0800: 55.172: [DefNew: 33949K->34K(38144K), 0.0033565 secs] 57991K->24076K(122816K), 0.0034749 secs] [Times: user=0.00 sys=0.00, real=0.00 secs] 
2020-10-27T01:19:11.621+0800: 55.845: [GC (Allocation Failure) 2020-10-27T01:19:11.621+0800: 55.845: [DefNew: 33954K->30K(38144K), 0.0035486 secs] 57996K->24072K(122816K), 0.0036542 secs] [Times: user=0.02 sys=0.00, real=0.02 secs] 
2020-10-27T01:19:12.293+0800: 56.518: [GC (Allocation Failure) 2020-10-27T01:19:12.293+0800: 56.518: [DefNew: 33950K->39K(38144K), 0.0033691 secs] 57992K->24081K(122816K), 0.0034774 secs] [Times: user=0.02 sys=0.00, real=0.02 secs] 
2020-10-27T01:19:12.965+0800: 57.181: [GC (Allocation Failure) 2020-10-27T01:19:12.965+0800: 57.182: [DefNew: 33959K->44K(38144K), 0.0028086 secs] 58001K->24086K(122816K), 0.0029176 secs] [Times: user=0.00 sys=0.00, real=0.00 secs] 
2020-10-27T01:19:13.575+0800: 57.786: [GC (Allocation Failure) 2020-10-27T01:19:13.575+0800: 57.786: [DefNew: 33964K->35K(38144K), 0.0034314 secs] 58006K->24077K(122816K), 0.0035518 secs] [Times: user=0.00 sys=0.00, real=0.00 secs] 
2020-10-27T01:19:14.195+0800: 58.416: [GC (Allocation Failure) 2020-10-27T01:19:14.195+0800: 58.416: [DefNew: 33955K->47K(38144K), 0.0035352 secs] 57997K->24089K(122816K), 0.0036383 secs] [Times: user=0.00 sys=0.00, real=0.00 secs] 
2020-10-27T01:19:14.820+0800: 59.045: [GC (Allocation Failure) 2020-10-27T01:19:14.820+0800: 59.045: [DefNew: 33967K->47K(38144K), 0.0039210 secs] 58009K->24089K(122816K), 0.0040253 secs] [Times: user=0.02 sys=0.00, real=0.02 secs] 
2020-10-27T01:19:15.562+0800: 59.772: [GC (Allocation Failure) 2020-10-27T01:19:15.562+0800: 59.772: [DefNew: 33967K->39K(38144K), 0.0043438 secs] 58009K->24081K(122816K), 0.0044431 secs] [Times: user=0.00 sys=0.00, real=0.00 secs] 
2020-10-27T01:19:16.244+0800: 60.455: [GC (Allocation Failure) 2020-10-27T01:19:16.244+0800: 60.455: [DefNew: 33957K->34K(38144K), 0.0033909 secs] 57999K->24076K(122816K), 0.0034993 secs] [Times: user=0.00 sys=0.00, real=0.00 secs] 
2020-10-27T01:19:16.851+0800: 61.061: [GC (Allocation Failure) 2020-10-27T01:19:16.851+0800: 61.061: [DefNew: 33954K->34K(38144K), 0.0034621 secs] 57996K->24076K(122816K), 0.0035685 secs] [Times: user=0.00 sys=0.00, real=0.00 secs] 
2020-10-27T01:19:17.491+0800: 61.702: [GC (Allocation Failure) 2020-10-27T01:19:17.492+0800: 61.702: [DefNew: 33954K->33K(38144K), 0.0026573 secs] 57996K->24075K(122816K), 0.0027948 secs] [Times: user=0.02 sys=0.00, real=0.00 secs] 
2020-10-27T01:19:18.120+0800: 62.331: [GC (Allocation Failure) 2020-10-27T01:19:18.120+0800: 62.331: [DefNew: 33953K->31K(38144K), 0.0034376 secs] 57995K->24073K(122816K), 0.0035438 secs] [Times: user=0.00 sys=0.00, real=0.00 secs] 
2020-10-27T01:19:18.911+0800: 63.122: [GC (Allocation Failure) 2020-10-27T01:19:18.911+0800: 63.122: [DefNew: 33951K->35K(38144K), 0.0034904 secs] 57993K->24077K(122816K), 0.0036031 secs] [Times: user=0.01 sys=0.00, real=0.00 secs] 
2020-10-27T01:19:19.599+0800: 63.822: [GC (Allocation Failure) 2020-10-27T01:19:19.599+0800: 63.822: [DefNew: 33955K->36K(38144K), 0.0025542 secs] 57997K->24078K(122816K), 0.0026495 secs] [Times: user=0.00 sys=0.00, real=0.00 secs] 
2020-10-27T01:19:20.326+0800: 64.536: [GC (Allocation Failure) 2020-10-27T01:19:20.326+0800: 64.536: [DefNew: 33956K->40K(38144K), 0.0032441 secs] 57998K->24082K(122816K), 0.0033278 secs] [Times: user=0.00 sys=0.00, real=0.00 secs] 
2020-10-27T01:19:20.938+0800: 65.148: [GC (Allocation Failure) 2020-10-27T01:19:20.938+0800: 65.148: [DefNew: 33960K->31K(38144K), 0.0028197 secs] 58002K->24074K(122816K), 0.0029459 secs] [Times: user=0.00 sys=0.00, real=0.00 secs] 
2020-10-27T01:19:21.398+0800: 65.617: [GC (Allocation Failure) 2020-10-27T01:19:21.398+0800: 65.617: [DefNew: 33951K->33K(38144K), 0.0031545 secs] 57994K->24076K(122816K), 0.0032601 secs] [Times: user=0.00 sys=0.00, real=0.00 secs] 
2020-10-27T01:19:21.867+0800: 66.084: [GC (Allocation Failure) 2020-10-27T01:19:21.867+0800: 66.084: [DefNew: 33953K->32K(38144K), 0.0033586 secs] 57996K->24075K(122816K), 0.0034717 secs] [Times: user=0.00 sys=0.00, real=0.00 secs] 
2020-10-27T01:19:22.430+0800: 66.640: [GC (Allocation Failure) 2020-10-27T01:19:22.430+0800: 66.640: [DefNew: 33952K->32K(38144K), 0.0029984 secs] 57995K->24076K(122816K), 0.0030982 secs] [Times: user=0.00 sys=0.00, real=0.00 secs] 
2020-10-27T01:19:22.951+0800: 67.161: [GC (Allocation Failure) 2020-10-27T01:19:22.951+0800: 67.161: [DefNew: 33952K->33K(38144K), 0.0033693 secs] 57996K->24077K(122816K), 0.0034794 secs] [Times: user=0.00 sys=0.00, real=0.00 secs] 
2020-10-27T01:19:23.485+0800: 67.696: [GC (Allocation Failure) 2020-10-27T01:19:23.485+0800: 67.696: [DefNew: 33953K->43K(38144K), 0.0033921 secs] 57997K->24088K(122816K), 0.0035011 secs] [Times: user=0.00 sys=0.00, real=0.00 secs] 
2020-10-27T01:19:24.011+0800: 68.222: [GC (Allocation Failure) 2020-10-27T01:19:24.011+0800: 68.222: [DefNew: 33963K->31K(38144K), 0.0032644 secs] 58008K->24076K(122816K), 0.0033734 secs] [Times: user=0.00 sys=0.00, real=0.00 secs] 
2020-10-27T01:19:24.527+0800: 68.739: [GC (Allocation Failure) 2020-10-27T01:19:24.527+0800: 68.739: [DefNew: 33951K->31K(38144K), 0.0033230 secs] 57996K->24076K(122816K), 0.0034293 secs] [Times: user=0.00 sys=0.00, real=0.00 secs] 
2020-10-27T01:19:24.995+0800: 69.213: [GC (Allocation Failure) 2020-10-27T01:19:24.995+0800: 69.213: [DefNew: 33951K->31K(38144K), 0.0031977 secs] 57996K->24076K(122816K), 0.0032992 secs] [Times: user=0.00 sys=0.00, real=0.00 secs] 
2020-10-27T01:19:25.527+0800: 69.739: [GC (Allocation Failure) 2020-10-27T01:19:25.527+0800: 69.740: [DefNew: 33951K->46K(38144K), 0.0034035 secs] 57996K->24091K(122816K), 0.0035062 secs] [Times: user=0.00 sys=0.00, real=0.00 secs] 
Heap
 def new generation   total 38144K, used 28900K [0x00000000e0000000, 0x00000000e2960000, 0x00000000eaaa0000)
  eden space 33920K,  85% used [0x00000000e0000000, 0x00000000e1c2d888, 0x00000000e2120000)
  from space 4224K,   1% used [0x00000000e2540000, 0x00000000e254ba00, 0x00000000e2960000)
  to   space 4224K,   0% used [0x00000000e2120000, 0x00000000e2120000, 0x00000000e2540000)
 tenured generation   total 84672K, used 24044K [0x00000000eaaa0000, 0x00000000efd50000, 0x0000000100000000)
   the space 84672K,  28% used [0x00000000eaaa0000, 0x00000000ec21b3f0, 0x00000000ec21b400, 0x00000000efd50000)
 Metaspace       used 36340K, capacity 37948K, committed 38184K, reserved 1083392K
  class space    used 4564K, capacity 4867K, committed 4904K, reserved 1048576K
