Java HotSpot(TM) 64-Bit Server VM (25.231-b11) for windows-amd64 JRE (1.8.0_231-b11), built on Oct  5 2019 03:11:30 by "java_re" with MS VC++ 10.0 (VS2010)
Memory: 4k page, physical 8086332k(4376508k free), swap 16212796k(12077624k free)
CommandLine flags: -XX:InitialHeapSize=129381312 -XX:MaxHeapSize=134217728 -XX:MaxNewSize=44740608 -XX:MaxTenuringThreshold=6 -XX:OldPLABSize=16 -XX:+PrintGC -XX:+PrintGCDateStamps -XX:+PrintGCDetails -XX:+PrintGCTimeStamps -XX:+UseCompressedClassPointers -XX:+UseCompressedOops -XX:+UseConcMarkSweepGC -XX:-UseLargePagesIndividualAllocation -XX:+UseParNewGC 
2020-10-27T01:28:15.673+0800: 0.888: [GC (Allocation Failure) 2020-10-27T01:28:15.673+0800: 0.888: [ParNew: 33856K->3483K(38080K), 0.0043133 secs] 33856K->3483K(122752K), 0.0045919 secs] [Times: user=0.00 sys=0.00, real=0.00 secs] 
2020-10-27T01:28:15.930+0800: 1.145: [GC (Allocation Failure) 2020-10-27T01:28:15.930+0800: 1.145: [ParNew: 37339K->3017K(38080K), 0.0119409 secs] 37339K->5287K(122752K), 0.0120233 secs] [Times: user=0.00 sys=0.00, real=0.01 secs] 
2020-10-27T01:28:16.151+0800: 1.377: [GC (Allocation Failure) 2020-10-27T01:28:16.151+0800: 1.377: [ParNew: 36873K->2644K(38080K), 0.0030423 secs] 39143K->4914K(122752K), 0.0031535 secs] [Times: user=0.00 sys=0.00, real=0.00 secs] 
2020-10-27T01:28:16.323+0800: 1.543: [GC (Allocation Failure) 2020-10-27T01:28:16.323+0800: 1.543: [ParNew: 36492K->2825K(38080K), 0.0062811 secs] 38763K->5732K(122752K), 0.0063695 secs] [Times: user=0.00 sys=0.00, real=0.00 secs] 
2020-10-27T01:28:16.557+0800: 1.784: [GC (Allocation Failure) 2020-10-27T01:28:16.557+0800: 1.784: [ParNew: 36681K->3129K(38080K), 0.0040316 secs] 39588K->6610K(122752K), 0.0041266 secs] [Times: user=0.03 sys=0.00, real=0.02 secs] 
2020-10-27T01:28:16.917+0800: 2.146: [GC (Allocation Failure) 2020-10-27T01:28:16.917+0800: 2.146: [ParNew: 36985K->3559K(38080K), 0.0050873 secs] 40466K->7630K(122752K), 0.0051706 secs] [Times: user=0.06 sys=0.00, real=0.01 secs] 
2020-10-27T01:28:17.385+0800: 2.600: [GC (Allocation Failure) 2020-10-27T01:28:17.385+0800: 2.600: [ParNew: 37415K->2843K(38080K), 0.0047081 secs] 41486K->7757K(122752K), 0.0047944 secs] [Times: user=0.00 sys=0.00, real=0.00 secs] 
2020-10-27T01:28:17.385+0800: 2.607: [GC (GCLocker Initiated GC) 2020-10-27T01:28:17.385+0800: 2.607: [ParNew: 3416K->713K(38080K), 0.0039254 secs] 8330K->6955K(122752K), 0.0040207 secs] [Times: user=0.00 sys=0.00, real=0.00 secs] 
2020-10-27T01:28:17.385+0800: 2.612: [GC (CMS Initial Mark) [1 CMS-initial-mark: 6242K(84672K)] 6955K(122752K), 0.0005510 secs] [Times: user=0.00 sys=0.00, real=0.00 secs] 
2020-10-27T01:28:17.385+0800: 2.612: [CMS-concurrent-mark-start]
2020-10-27T01:28:17.401+0800: 2.625: [CMS-concurrent-mark: 0.013/0.013 secs] [Times: user=0.05 sys=0.00, real=0.02 secs] 
2020-10-27T01:28:17.401+0800: 2.626: [CMS-concurrent-preclean-start]
2020-10-27T01:28:17.401+0800: 2.626: [CMS-concurrent-preclean: 0.001/0.001 secs] [Times: user=0.00 sys=0.00, real=0.00 secs] 
2020-10-27T01:28:17.432+0800: 2.647: [GC (CMS Final Remark) [YG occupancy: 12262 K (38080 K)]2020-10-27T01:28:17.432+0800: 2.647: [Rescan (parallel) , 0.0019130 secs]2020-10-27T01:28:17.432+0800: 2.649: [weak refs processing, 0.0000356 secs]2020-10-27T01:28:17.432+0800: 2.649: [class unloading, 0.0039523 secs]2020-10-27T01:28:17.432+0800: 2.653: [scrub symbol table, 0.0039320 secs]2020-10-27T01:28:17.432+0800: 2.657: [scrub string table, 0.0003963 secs][1 CMS-remark: 6242K(84672K)] 18504K(122752K), 0.0109109 secs] [Times: user=0.00 sys=0.00, real=0.00 secs] 
2020-10-27T01:28:17.432+0800: 2.658: [CMS-concurrent-sweep-start]
2020-10-27T01:28:17.432+0800: 2.662: [CMS-concurrent-sweep: 0.004/0.004 secs] [Times: user=0.00 sys=0.00, real=0.00 secs] 
2020-10-27T01:28:17.432+0800: 2.662: [CMS-concurrent-reset-start]
2020-10-27T01:28:17.432+0800: 2.662: [CMS-concurrent-reset: 0.000/0.000 secs] [Times: user=0.00 sys=0.00, real=0.00 secs] 
2020-10-27T01:28:17.854+0800: 3.072: [GC (Allocation Failure) 2020-10-27T01:28:17.854+0800: 3.072: [ParNew: 34569K->1736K(38080K), 0.0022768 secs] 40108K->7276K(122752K), 0.0024696 secs] [Times: user=0.00 sys=0.00, real=0.00 secs] 
2020-10-27T01:28:18.271+0800: 3.486: [GC (Allocation Failure) 2020-10-27T01:28:18.271+0800: 3.486: [ParNew: 35592K->3974K(38080K), 0.0056204 secs] 41132K->9513K(122752K), 0.0057211 secs] [Times: user=0.06 sys=0.00, real=0.01 secs] 
2020-10-27T01:28:18.696+0800: 3.911: [GC (Allocation Failure) 2020-10-27T01:28:18.696+0800: 3.911: [ParNew: 37830K->2770K(38080K), 0.0076858 secs] 43369K->10846K(122752K), 0.0077786 secs] [Times: user=0.00 sys=0.00, real=0.01 secs] 
2020-10-27T01:28:18.961+0800: 4.176: [GC (Allocation Failure) 2020-10-27T01:28:18.961+0800: 4.176: [ParNew: 36626K->2567K(38080K), 0.0032952 secs] 44702K->10644K(122752K), 0.0034034 secs] [Times: user=0.00 sys=0.00, real=0.00 secs] 
2020-10-27T01:28:19.864+0800: 5.079: [GC (Allocation Failure) 2020-10-27T01:28:19.864+0800: 5.079: [ParNew: 36423K->3529K(38080K), 0.0058103 secs] 44500K->12440K(122752K), 0.0058969 secs] [Times: user=0.03 sys=0.03, real=0.01 secs] 
2020-10-27T01:28:20.440+0800: 5.654: [GC (Allocation Failure) 2020-10-27T01:28:20.440+0800: 5.654: [ParNew: 37385K->4224K(38080K), 0.0091393 secs] 46296K->17004K(122752K), 0.0092332 secs] [Times: user=0.03 sys=0.03, real=0.01 secs] 
2020-10-27T01:28:20.859+0800: 6.074: [GC (Allocation Failure) 2020-10-27T01:28:20.859+0800: 6.074: [ParNew: 38080K->3817K(38080K), 0.0089843 secs] 50860K->20606K(122752K), 0.0090888 secs] [Times: user=0.06 sys=0.00, real=0.01 secs] 
2020-10-27T01:28:21.206+0800: 6.421: [GC (Allocation Failure) 2020-10-27T01:28:21.207+0800: 6.421: [ParNew: 37673K->2500K(38080K), 0.0030481 secs] 54462K->19289K(122752K), 0.0031498 secs] [Times: user=0.03 sys=0.00, real=0.00 secs] 
2020-10-27T01:28:21.471+0800: 6.686: [GC (Allocation Failure) 2020-10-27T01:28:21.471+0800: 6.686: [ParNew: 36356K->3794K(38080K), 0.0049876 secs] 53145K->20583K(122752K), 0.0050721 secs] [Times: user=0.06 sys=0.00, real=0.01 secs] 
2020-10-27T01:28:22.193+0800: 7.407: [GC (Allocation Failure) 2020-10-27T01:28:22.193+0800: 7.407: [ParNew: 37650K->3681K(38080K), 0.0081198 secs] 54439K->22011K(122752K), 0.0082267 secs] [Times: user=0.06 sys=0.00, real=0.01 secs] 
2020-10-27T01:28:22.577+0800: 7.792: [GC (Allocation Failure) 2020-10-27T01:28:22.577+0800: 7.792: [ParNew: 37537K->3609K(38080K), 0.0066464 secs] 55867K->23290K(122752K), 0.0067780 secs] [Times: user=0.00 sys=0.00, real=0.01 secs] 
2020-10-27T01:28:29.020+0800: 14.234: [GC (Allocation Failure) 2020-10-27T01:28:29.020+0800: 14.234: [ParNew: 37465K->4224K(38080K), 0.0074963 secs] 57146K->25228K(122752K), 0.0075701 secs] [Times: user=0.05 sys=0.00, real=0.01 secs] 
2020-10-27T01:28:29.028+0800: 14.242: [GC (CMS Initial Mark) [1 CMS-initial-mark: 21004K(84672K)] 25438K(122752K), 0.0016255 secs] [Times: user=0.00 sys=0.00, real=0.00 secs] 
2020-10-27T01:28:29.031+0800: 14.245: [CMS-concurrent-mark-start]
2020-10-27T01:28:29.062+0800: 14.277: [CMS-concurrent-mark: 0.031/0.032 secs] [Times: user=0.09 sys=0.00, real=0.03 secs] 
2020-10-27T01:28:29.062+0800: 14.277: [CMS-concurrent-preclean-start]
2020-10-27T01:28:29.062+0800: 14.277: [CMS-concurrent-preclean: 0.001/0.001 secs] [Times: user=0.00 sys=0.00, real=0.00 secs] 
2020-10-27T01:28:29.063+0800: 14.278: [CMS-concurrent-abortable-preclean-start]
2020-10-27T01:28:31.906+0800: 17.121: [GC (Allocation Failure) 2020-10-27T01:28:31.907+0800: 17.121: [ParNew: 38080K->3051K(38080K), 0.0069979 secs] 59084K->27588K(122752K), 0.0071243 secs] [Times: user=0.03 sys=0.00, real=0.01 secs] 
2020-10-27T01:28:33.952+0800: 19.167: [CMS-concurrent-abortable-preclean: 0.644/4.889 secs] [Times: user=9.41 sys=0.70, real=4.89 secs] 
2020-10-27T01:28:33.953+0800: 19.167: [GC (CMS Final Remark) [YG occupancy: 21527 K (38080 K)]2020-10-27T01:28:33.953+0800: 19.167: [Rescan (parallel) , 0.0056869 secs]2020-10-27T01:28:33.958+0800: 19.173: [weak refs processing, 0.0000680 secs]2020-10-27T01:28:33.959+0800: 19.173: [class unloading, 0.0107468 secs]2020-10-27T01:28:33.969+0800: 19.184: [scrub symbol table, 0.0107713 secs]2020-10-27T01:28:33.980+0800: 19.195: [scrub string table, 0.0013457 secs][1 CMS-remark: 24537K(84672K)] 46064K(122752K), 0.0299586 secs] [Times: user=0.03 sys=0.00, real=0.03 secs] 
2020-10-27T01:28:33.983+0800: 19.198: [CMS-concurrent-sweep-start]
2020-10-27T01:28:33.999+0800: 19.214: [CMS-concurrent-sweep: 0.016/0.016 secs] [Times: user=0.01 sys=0.00, real=0.02 secs] 
2020-10-27T01:28:33.999+0800: 19.214: [CMS-concurrent-reset-start]
2020-10-27T01:28:33.999+0800: 19.214: [CMS-concurrent-reset: 0.000/0.000 secs] [Times: user=0.00 sys=0.00, real=0.00 secs] 
2020-10-27T01:28:35.068+0800: 20.282: [GC (Allocation Failure) 2020-10-27T01:28:35.068+0800: 20.282: [ParNew: 36907K->794K(38080K), 0.0019008 secs] 56093K->19980K(122752K), 0.0020085 secs] [Times: user=0.02 sys=0.00, real=0.00 secs] 
2020-10-27T01:28:37.384+0800: 22.598: [GC (Allocation Failure) 2020-10-27T01:28:37.384+0800: 22.598: [ParNew: 34650K->278K(38080K), 0.0014408 secs] 53836K->19464K(122752K), 0.0015479 secs] [Times: user=0.00 sys=0.00, real=0.00 secs] 
2020-10-27T01:28:38.902+0800: 24.119: [GC (Allocation Failure) 2020-10-27T01:28:38.902+0800: 24.119: [ParNew: 34127K->225K(38080K), 0.0014323 secs] 53313K->19411K(122752K), 0.0015454 secs] [Times: user=0.00 sys=0.00, real=0.00 secs] 
2020-10-27T01:28:40.547+0800: 25.773: [GC (Allocation Failure) 2020-10-27T01:28:40.547+0800: 25.773: [ParNew: 34081K->255K(38080K), 0.0013039 secs] 53267K->19442K(122752K), 0.0014009 secs] [Times: user=0.00 sys=0.00, real=0.00 secs] 
2020-10-27T01:28:42.228+0800: 27.443: [GC (Allocation Failure) 2020-10-27T01:28:42.228+0800: 27.443: [ParNew: 34111K->249K(38080K), 0.0016722 secs] 53298K->19435K(122752K), 0.0017763 secs] [Times: user=0.00 sys=0.00, real=0.00 secs] 
2020-10-27T01:28:43.212+0800: 28.426: [GC (Allocation Failure) 2020-10-27T01:28:43.212+0800: 28.426: [ParNew: 34105K->186K(38080K), 0.0018881 secs] 53291K->19480K(122752K), 0.0019762 secs] [Times: user=0.00 sys=0.00, real=0.00 secs] 
2020-10-27T01:28:44.049+0800: 29.263: [GC (Allocation Failure) 2020-10-27T01:28:44.049+0800: 29.263: [ParNew: 34042K->116K(38080K), 0.0014501 secs] 53336K->19431K(122752K), 0.0015431 secs] [Times: user=0.00 sys=0.00, real=0.00 secs] 
2020-10-27T01:28:44.759+0800: 29.979: [GC (Allocation Failure) 2020-10-27T01:28:44.759+0800: 29.979: [ParNew: 33972K->91K(38080K), 0.0012444 secs] 53287K->19417K(122752K), 0.0013310 secs] [Times: user=0.00 sys=0.00, real=0.00 secs] 
2020-10-27T01:28:45.457+0800: 30.671: [GC (Allocation Failure) 2020-10-27T01:28:45.457+0800: 30.671: [ParNew: 33947K->94K(38080K), 0.0012346 secs] 53273K->19422K(122752K), 0.0013372 secs] [Times: user=0.00 sys=0.00, real=0.00 secs] 
2020-10-27T01:28:46.170+0800: 31.391: [GC (Allocation Failure) 2020-10-27T01:28:46.170+0800: 31.391: [ParNew: 33950K->73K(38080K), 0.0014195 secs] 53278K->19415K(122752K), 0.0015247 secs] [Times: user=0.00 sys=0.00, real=0.00 secs] 
2020-10-27T01:28:46.842+0800: 32.061: [GC (Allocation Failure) 2020-10-27T01:28:46.842+0800: 32.061: [ParNew: 33929K->62K(38080K), 0.0012667 secs] 53271K->19414K(122752K), 0.0013748 secs] [Times: user=0.00 sys=0.00, real=0.00 secs] 
2020-10-27T01:28:47.529+0800: 32.744: [GC (Allocation Failure) 2020-10-27T01:28:47.529+0800: 32.744: [ParNew: 33918K->43K(38080K), 0.0012727 secs] 53270K->19407K(122752K), 0.0013751 secs] [Times: user=0.00 sys=0.00, real=0.00 secs] 
2020-10-27T01:28:48.248+0800: 33.471: [GC (Allocation Failure) 2020-10-27T01:28:48.248+0800: 33.471: [ParNew: 33899K->39K(38080K), 0.0011244 secs] 53263K->19404K(122752K), 0.0012076 secs] [Times: user=0.00 sys=0.00, real=0.00 secs] 
2020-10-27T01:28:48.935+0800: 34.160: [GC (Allocation Failure) 2020-10-27T01:28:48.935+0800: 34.160: [ParNew: 33895K->29K(38080K), 0.0011452 secs] 53260K->19394K(122752K), 0.0012374 secs] [Times: user=0.00 sys=0.00, real=0.00 secs] 
2020-10-27T01:28:49.631+0800: 34.845: [GC (Allocation Failure) 2020-10-27T01:28:49.631+0800: 34.845: [ParNew: 33885K->30K(38080K), 0.0011999 secs] 53250K->19395K(122752K), 0.0013067 secs] [Times: user=0.06 sys=0.00, real=0.00 secs] 
2020-10-27T01:28:50.303+0800: 35.518: [GC (Allocation Failure) 2020-10-27T01:28:50.304+0800: 35.518: [ParNew: 33886K->28K(38080K), 0.0014140 secs] 53251K->19394K(122752K), 0.0015366 secs] [Times: user=0.02 sys=0.00, real=0.00 secs] 
2020-10-27T01:28:50.994+0800: 36.210: [GC (Allocation Failure) 2020-10-27T01:28:50.994+0800: 36.210: [ParNew: 33884K->44K(38080K), 0.0011915 secs] 53250K->19411K(122752K), 0.0012949 secs] [Times: user=0.00 sys=0.00, real=0.00 secs] 
2020-10-27T01:28:51.665+0800: 36.891: [GC (Allocation Failure) 2020-10-27T01:28:51.665+0800: 36.891: [ParNew: 33900K->31K(38080K), 0.0013442 secs] 53267K->19398K(122752K), 0.0014576 secs] [Times: user=0.00 sys=0.00, real=0.00 secs] 
2020-10-27T01:28:52.368+0800: 37.598: [GC (Allocation Failure) 2020-10-27T01:28:52.368+0800: 37.598: [ParNew: 33887K->52K(38080K), 0.0012067 secs] 53254K->19419K(122752K), 0.0013048 secs] [Times: user=0.06 sys=0.00, real=0.02 secs] 
2020-10-27T01:28:53.040+0800: 38.267: [GC (Allocation Failure) 2020-10-27T01:28:53.040+0800: 38.267: [ParNew: 33908K->35K(38080K), 0.0012894 secs] 53275K->19402K(122752K), 0.0013998 secs] [Times: user=0.00 sys=0.00, real=0.00 secs] 
2020-10-27T01:28:53.712+0800: 38.934: [GC (Allocation Failure) 2020-10-27T01:28:53.712+0800: 38.934: [ParNew: 33891K->47K(38080K), 0.0009767 secs] 53258K->19414K(122752K), 0.0010695 secs] [Times: user=0.00 sys=0.00, real=0.00 secs] 
2020-10-27T01:28:54.375+0800: 39.589: [GC (Allocation Failure) 2020-10-27T01:28:54.375+0800: 39.589: [ParNew: 33903K->37K(38080K), 0.0009621 secs] 53270K->19405K(122752K), 0.0010559 secs] [Times: user=0.00 sys=0.00, real=0.00 secs] 
2020-10-27T01:28:55.024+0800: 40.238: [GC (Allocation Failure) 2020-10-27T01:28:55.024+0800: 40.238: [ParNew: 33893K->35K(38080K), 0.0010101 secs] 53261K->19404K(122752K), 0.0010959 secs] [Times: user=0.00 sys=0.00, real=0.00 secs] 
2020-10-27T01:28:55.716+0800: 40.931: [GC (Allocation Failure) 2020-10-27T01:28:55.716+0800: 40.931: [ParNew: 33891K->36K(38080K), 0.0009592 secs] 53260K->19405K(122752K), 0.0010588 secs] [Times: user=0.00 sys=0.00, real=0.00 secs] 
2020-10-27T01:28:56.422+0800: 41.636: [GC (Allocation Failure) 2020-10-27T01:28:56.422+0800: 41.636: [ParNew: 33892K->27K(38080K), 0.0010084 secs] 53261K->19397K(122752K), 0.0011173 secs] [Times: user=0.00 sys=0.00, real=0.00 secs] 
2020-10-27T01:28:57.115+0800: 42.338: [GC (Allocation Failure) 2020-10-27T01:28:57.115+0800: 42.338: [ParNew: 33879K->25K(38080K), 0.0013005 secs] 53248K->19394K(122752K), 0.0014105 secs] [Times: user=0.00 sys=0.00, real=0.00 secs] 
2020-10-27T01:28:57.771+0800: 42.993: [GC (Allocation Failure) 2020-10-27T01:28:57.771+0800: 42.993: [ParNew: 33881K->30K(38080K), 0.0009771 secs] 53250K->19400K(122752K), 0.0010675 secs] [Times: user=0.00 sys=0.00, real=0.00 secs] 
2020-10-27T01:28:58.442+0800: 43.657: [GC (Allocation Failure) 2020-10-27T01:28:58.442+0800: 43.657: [ParNew: 33886K->26K(38080K), 0.0009780 secs] 53256K->19396K(122752K), 0.0010808 secs] [Times: user=0.00 sys=0.00, real=0.00 secs] 
2020-10-27T01:28:59.129+0800: 44.343: [GC (Allocation Failure) 2020-10-27T01:28:59.129+0800: 44.343: [ParNew: 33882K->33K(38080K), 0.0010777 secs] 53252K->19402K(122752K), 0.0011759 secs] [Times: user=0.00 sys=0.00, real=0.00 secs] 
2020-10-27T01:28:59.780+0800: 45.003: [GC (Allocation Failure) 2020-10-27T01:28:59.780+0800: 45.003: [ParNew: 33889K->43K(38080K), 0.0010723 secs] 53258K->19413K(122752K), 0.0011739 secs] [Times: user=0.00 sys=0.00, real=0.00 secs] 
2020-10-27T01:29:00.469+0800: 45.684: [GC (Allocation Failure) 2020-10-27T01:29:00.469+0800: 45.684: [ParNew: 33899K->35K(38080K), 0.0009874 secs] 53269K->19405K(122752K), 0.0010796 secs] [Times: user=0.00 sys=0.00, real=0.00 secs] 
2020-10-27T01:29:01.166+0800: 46.381: [GC (Allocation Failure) 2020-10-27T01:29:01.167+0800: 46.381: [ParNew: 33891K->34K(38080K), 0.0011647 secs] 53261K->19404K(122752K), 0.0012640 secs] [Times: user=0.00 sys=0.00, real=0.00 secs] 
2020-10-27T01:29:01.818+0800: 47.033: [GC (Allocation Failure) 2020-10-27T01:29:01.818+0800: 47.033: [ParNew: 33890K->46K(38080K), 0.0010551 secs] 53260K->19416K(122752K), 0.0012291 secs] [Times: user=0.06 sys=0.00, real=0.00 secs] 
2020-10-27T01:29:02.491+0800: 47.716: [GC (Allocation Failure) 2020-10-27T01:29:02.491+0800: 47.716: [ParNew: 33902K->37K(38080K), 0.0010134 secs] 53272K->19407K(122752K), 0.0011108 secs] [Times: user=0.00 sys=0.00, real=0.00 secs] 
2020-10-27T01:29:03.152+0800: 48.367: [GC (Allocation Failure) 2020-10-27T01:29:03.152+0800: 48.367: [ParNew: 33893K->24K(38080K), 0.0013413 secs] 53263K->19396K(122752K), 0.0014511 secs] [Times: user=0.00 sys=0.00, real=0.00 secs] 
2020-10-27T01:29:03.798+0800: 49.013: [GC (Allocation Failure) 2020-10-27T01:29:03.798+0800: 49.013: [ParNew: 33880K->30K(38080K), 0.0010127 secs] 53252K->19401K(122752K), 0.0011133 secs] [Times: user=0.00 sys=0.00, real=0.00 secs] 
2020-10-27T01:29:04.485+0800: 49.700: [GC (Allocation Failure) 2020-10-27T01:29:04.485+0800: 49.700: [ParNew: 33886K->38K(38080K), 0.0010086 secs] 53257K->19410K(122752K), 0.0010984 secs] [Times: user=0.00 sys=0.00, real=0.00 secs] 
2020-10-27T01:29:05.166+0800: 50.380: [GC (Allocation Failure) 2020-10-27T01:29:05.166+0800: 50.380: [ParNew: 33894K->29K(38080K), 0.0009776 secs] 53266K->19401K(122752K), 0.0010672 secs] [Times: user=0.00 sys=0.00, real=0.00 secs] 
2020-10-27T01:29:05.842+0800: 51.057: [GC (Allocation Failure) 2020-10-27T01:29:05.842+0800: 51.057: [ParNew: 33885K->26K(38080K), 0.0010469 secs] 53257K->19398K(122752K), 0.0011428 secs] [Times: user=0.00 sys=0.00, real=0.00 secs] 
2020-10-27T01:29:06.497+0800: 51.714: [GC (Allocation Failure) 2020-10-27T01:29:06.497+0800: 51.714: [ParNew: 33882K->32K(38080K), 0.0010332 secs] 53254K->19404K(122752K), 0.0011401 secs] [Times: user=0.00 sys=0.00, real=0.00 secs] 
2020-10-27T01:29:07.156+0800: 52.370: [GC (Allocation Failure) 2020-10-27T01:29:07.156+0800: 52.370: [ParNew: 33888K->35K(38080K), 0.0010698 secs] 53260K->19406K(122752K), 0.0011651 secs] [Times: user=0.00 sys=0.00, real=0.00 secs] 
2020-10-27T01:29:07.816+0800: 53.031: [GC (Allocation Failure) 2020-10-27T01:29:07.816+0800: 53.031: [ParNew: 33891K->24K(38080K), 0.0010673 secs] 53262K->19396K(122752K), 0.0011709 secs] [Times: user=0.00 sys=0.00, real=0.00 secs] 
2020-10-27T01:29:08.479+0800: 53.705: [GC (Allocation Failure) 2020-10-27T01:29:08.479+0800: 53.705: [ParNew: 33880K->32K(38080K), 0.0009951 secs] 53252K->19403K(122752K), 0.0010975 secs] [Times: user=0.00 sys=0.00, real=0.00 secs] 
2020-10-27T01:29:09.165+0800: 54.379: [GC (Allocation Failure) 2020-10-27T01:29:09.165+0800: 54.379: [ParNew: 33888K->28K(38080K), 0.0010561 secs] 53259K->19400K(122752K), 0.0011466 secs] [Times: user=0.00 sys=0.00, real=0.00 secs] 
2020-10-27T01:29:09.818+0800: 55.042: [GC (Allocation Failure) 2020-10-27T01:29:09.818+0800: 55.042: [ParNew: 33884K->35K(38080K), 0.0009485 secs] 53256K->19407K(122752K), 0.0010381 secs] [Times: user=0.00 sys=0.00, real=0.00 secs] 
2020-10-27T01:29:10.492+0800: 55.707: [GC (Allocation Failure) 2020-10-27T01:29:10.492+0800: 55.707: [ParNew: 33891K->27K(38080K), 0.0013849 secs] 53263K->19399K(122752K), 0.0014813 secs] [Times: user=0.00 sys=0.00, real=0.00 secs] 
2020-10-27T01:29:11.214+0800: 56.430: [GC (Allocation Failure) 2020-10-27T01:29:11.214+0800: 56.430: [ParNew: 33876K->45K(38080K), 0.0009793 secs] 53248K->19417K(122752K), 0.0010774 secs] [Times: user=0.00 sys=0.00, real=0.00 secs] 
2020-10-27T01:29:11.870+0800: 57.096: [GC (Allocation Failure) 2020-10-27T01:29:11.870+0800: 57.096: [ParNew: 33901K->41K(38080K), 0.0013096 secs] 53273K->19413K(122752K), 0.0014025 secs] [Times: user=0.00 sys=0.00, real=0.00 secs] 
2020-10-27T01:29:12.558+0800: 57.776: [GC (Allocation Failure) 2020-10-27T01:29:12.558+0800: 57.776: [ParNew: 33897K->33K(38080K), 0.0009964 secs] 53269K->19405K(122752K), 0.0010930 secs] [Times: user=0.00 sys=0.00, real=0.00 secs] 
2020-10-27T01:29:13.229+0800: 58.444: [GC (Allocation Failure) 2020-10-27T01:29:13.229+0800: 58.444: [ParNew: 33884K->38K(38080K), 0.0009556 secs] 53256K->19409K(122752K), 0.0010519 secs] [Times: user=0.00 sys=0.00, real=0.00 secs] 
2020-10-27T01:29:13.868+0800: 59.083: [GC (Allocation Failure) 2020-10-27T01:29:13.868+0800: 59.083: [ParNew: 33894K->29K(38080K), 0.0011853 secs] 53265K->19401K(122752K), 0.0013580 secs] [Times: user=0.00 sys=0.00, real=0.00 secs] 
2020-10-27T01:29:14.562+0800: 59.783: [GC (Allocation Failure) 2020-10-27T01:29:14.562+0800: 59.783: [ParNew: 33885K->34K(38080K), 0.0009541 secs] 53257K->19406K(122752K), 0.0010418 secs] [Times: user=0.00 sys=0.00, real=0.00 secs] 
2020-10-27T01:29:15.220+0800: 60.434: [GC (Allocation Failure) 2020-10-27T01:29:15.220+0800: 60.434: [ParNew: 33890K->37K(38080K), 0.0009914 secs] 53262K->19409K(122752K), 0.0010878 secs] [Times: user=0.00 sys=0.00, real=0.00 secs] 
2020-10-27T01:29:15.885+0800: 61.099: [GC (Allocation Failure) 2020-10-27T01:29:15.885+0800: 61.099: [ParNew: 33893K->50K(38080K), 0.0010226 secs] 53265K->19422K(122752K), 0.0011176 secs] [Times: user=0.00 sys=0.00, real=0.00 secs] 
2020-10-27T01:29:16.539+0800: 61.758: [GC (Allocation Failure) 2020-10-27T01:29:16.539+0800: 61.758: [ParNew: 33906K->38K(38080K), 0.0009674 secs] 53278K->19410K(122752K), 0.0010525 secs] [Times: user=0.00 sys=0.00, real=0.00 secs] 
2020-10-27T01:29:17.227+0800: 62.441: [GC (Allocation Failure) 2020-10-27T01:29:17.227+0800: 62.441: [ParNew: 33894K->35K(38080K), 0.0009587 secs] 53266K->19407K(122752K), 0.0010555 secs] [Times: user=0.00 sys=0.00, real=0.00 secs] 
2020-10-27T01:29:18.365+0800: 63.582: [GC (Allocation Failure) 2020-10-27T01:29:18.365+0800: 63.582: [ParNew: 33891K->27K(38080K), 0.0009624 secs] 53263K->19399K(122752K), 0.0010486 secs] [Times: user=0.00 sys=0.00, real=0.00 secs] 
2020-10-27T01:29:19.047+0800: 64.261: [GC (Allocation Failure) 2020-10-27T01:29:19.047+0800: 64.261: [ParNew: 33883K->26K(38080K), 0.0010848 secs] 53255K->19399K(122752K), 0.0011914 secs] [Times: user=0.00 sys=0.00, real=0.00 secs] 
2020-10-27T01:29:19.725+0800: 64.939: [GC (Allocation Failure) 2020-10-27T01:29:19.725+0800: 64.939: [ParNew: 33882K->28K(38080K), 0.0009794 secs] 53255K->19401K(122752K), 0.0010805 secs] [Times: user=0.06 sys=0.00, real=0.00 secs] 
2020-10-27T01:29:20.426+0800: 65.641: [GC (Allocation Failure) 2020-10-27T01:29:20.426+0800: 65.641: [ParNew: 33884K->31K(38080K), 0.0010608 secs] 53257K->19404K(122752K), 0.0011607 secs] [Times: user=0.00 sys=0.00, real=0.00 secs] 
2020-10-27T01:29:21.120+0800: 66.337: [GC (Allocation Failure) 2020-10-27T01:29:21.120+0800: 66.337: [ParNew: 33887K->30K(38080K), 0.0010614 secs] 53260K->19403K(122752K), 0.0011674 secs] [Times: user=0.00 sys=0.00, real=0.00 secs] 
2020-10-27T01:29:21.792+0800: 67.013: [GC (Allocation Failure) 2020-10-27T01:29:21.792+0800: 67.013: [ParNew: 33882K->36K(38080K), 0.0009910 secs] 53254K->19410K(122752K), 0.0010926 secs] [Times: user=0.00 sys=0.00, real=0.00 secs] 
2020-10-27T01:29:22.495+0800: 67.721: [GC (Allocation Failure) 2020-10-27T01:29:22.495+0800: 67.721: [ParNew: 33892K->41K(38080K), 0.0010261 secs] 53266K->19415K(122752K), 0.0011253 secs] [Times: user=0.00 sys=0.00, real=0.00 secs] 
2020-10-27T01:29:23.167+0800: 68.388: [GC (Allocation Failure) 2020-10-27T01:29:23.167+0800: 68.388: [ParNew: 33897K->37K(38080K), 0.0010160 secs] 53271K->19411K(122752K), 0.0011122 secs] [Times: user=0.00 sys=0.00, real=0.00 secs] 
2020-10-27T01:29:23.823+0800: 69.051: [GC (Allocation Failure) 2020-10-27T01:29:23.823+0800: 69.051: [ParNew: 33893K->34K(38080K), 0.0010276 secs] 53267K->19408K(122752K), 0.0011286 secs] [Times: user=0.00 sys=0.00, real=0.00 secs] 
2020-10-27T01:29:24.512+0800: 69.726: [GC (Allocation Failure) 2020-10-27T01:29:24.512+0800: 69.726: [ParNew: 33878K->51K(38080K), 0.0013537 secs] 53252K->19425K(122752K), 0.0014639 secs] [Times: user=0.00 sys=0.00, real=0.00 secs] 
2020-10-27T01:29:25.169+0800: 70.383: [GC (Allocation Failure) 2020-10-27T01:29:25.169+0800: 70.383: [ParNew: 33907K->38K(38080K), 0.0009696 secs] 53281K->19412K(122752K), 0.0010665 secs] [Times: user=0.00 sys=0.00, real=0.00 secs] 
2020-10-27T01:29:25.870+0800: 71.085: [GC (Allocation Failure) 2020-10-27T01:29:25.870+0800: 71.085: [ParNew: 33894K->33K(38080K), 0.0010154 secs] 53268K->19407K(122752K), 0.0011077 secs] [Times: user=0.00 sys=0.00, real=0.00 secs] 
2020-10-27T01:29:26.543+0800: 71.765: [GC (Allocation Failure) 2020-10-27T01:29:26.543+0800: 71.765: [ParNew: 33889K->30K(38080K), 0.0010956 secs] 53263K->19405K(122752K), 0.0011961 secs] [Times: user=0.00 sys=0.00, real=0.00 secs] 
2020-10-27T01:29:27.230+0800: 72.460: [GC (Allocation Failure) 2020-10-27T01:29:27.230+0800: 72.460: [ParNew: 33886K->33K(38080K), 0.0009844 secs] 53261K->19408K(122752K), 0.0010864 secs] [Times: user=0.06 sys=0.00, real=0.02 secs] 
2020-10-27T01:29:27.902+0800: 73.124: [GC (Allocation Failure) 2020-10-27T01:29:27.902+0800: 73.124: [ParNew: 33889K->35K(38080K), 0.0010491 secs] 53264K->19411K(122752K), 0.0011540 secs] [Times: user=0.00 sys=0.00, real=0.00 secs] 
2020-10-27T01:29:28.601+0800: 73.815: [GC (Allocation Failure) 2020-10-27T01:29:28.601+0800: 73.815: [ParNew: 33891K->31K(38080K), 0.0009635 secs] 53267K->19407K(122752K), 0.0010501 secs] [Times: user=0.00 sys=0.00, real=0.00 secs] 
Heap
 par new generation   total 38080K, used 11954K [0x00000000f8000000, 0x00000000fa950000, 0x00000000faaa0000)
  eden space 33856K,  35% used [0x00000000f8000000, 0x00000000f8ba49a0, 0x00000000fa110000)
  from space 4224K,   0% used [0x00000000fa530000, 0x00000000fa537f50, 0x00000000fa950000)
  to   space 4224K,   0% used [0x00000000fa110000, 0x00000000fa110000, 0x00000000fa530000)
 concurrent mark-sweep generation total 84672K, used 19375K [0x00000000faaa0000, 0x00000000ffd50000, 0x0000000100000000)
 Metaspace       used 36394K, capacity 38078K, committed 38296K, reserved 1083392K
  class space    used 4577K, capacity 4890K, committed 4936K, reserved 1048576K
