Java HotSpot(TM) 64-Bit Server VM (25.231-b11) for windows-amd64 JRE (1.8.0_231-b11), built on Oct  5 2019 03:11:30 by "java_re" with MS VC++ 10.0 (VS2010)
Memory: 4k page, physical 8086332k(4450928k free), swap 16212796k(12110620k free)
CommandLine flags: -XX:InitialHeapSize=129381312 -XX:MaxHeapSize=2147483648 -XX:MaxNewSize=348966912 -XX:MaxTenuringThreshold=6 -XX:OldPLABSize=16 -XX:+PrintGC -XX:+PrintGCDateStamps -XX:+PrintGCDetails -XX:+PrintGCTimeStamps -XX:+UseCompressedClassPointers -XX:+UseCompressedOops -XX:+UseConcMarkSweepGC -XX:-UseLargePagesIndividualAllocation -XX:+UseParNewGC 
2020-10-27T01:35:05.403+0800: 0.680: [GC (Allocation Failure) 2020-10-27T01:35:05.404+0800: 0.680: [ParNew: 33856K->3487K(38080K), 0.0042108 secs] 33856K->3487K(122752K), 0.0045140 secs] [Times: user=0.00 sys=0.00, real=0.00 secs] 
2020-10-27T01:35:05.725+0800: 1.002: [GC (Allocation Failure) 2020-10-27T01:35:05.725+0800: 1.002: [ParNew: 37343K->2930K(38080K), 0.0125536 secs] 37343K->5201K(122752K), 0.0126438 secs] [Times: user=0.00 sys=0.00, real=0.01 secs] 
2020-10-27T01:35:05.926+0800: 1.204: [GC (Allocation Failure) 2020-10-27T01:35:05.926+0800: 1.204: [ParNew: 36786K->2782K(38080K), 0.0037548 secs] 39057K->5053K(122752K), 0.0038369 secs] [Times: user=0.06 sys=0.00, real=0.00 secs] 
2020-10-27T01:35:06.111+0800: 1.400: [GC (Allocation Failure) 2020-10-27T01:35:06.111+0800: 1.400: [ParNew: 36638K->2746K(38080K), 0.0044769 secs] 38909K->5565K(122752K), 0.0045734 secs] [Times: user=0.03 sys=0.00, real=0.02 secs] 
2020-10-27T01:35:06.236+0800: 1.515: [GC (Allocation Failure) 2020-10-27T01:35:06.236+0800: 1.515: [ParNew: 36602K->2903K(38080K), 0.0036445 secs] 39421K->6344K(122752K), 0.0037143 secs] [Times: user=0.00 sys=0.00, real=0.00 secs] 
2020-10-27T01:35:06.408+0800: 1.686: [GC (Allocation Failure) 2020-10-27T01:35:06.408+0800: 1.686: [ParNew: 36759K->3417K(38080K), 0.0051279 secs] 40200K->7544K(122752K), 0.0052159 secs] [Times: user=0.00 sys=0.00, real=0.00 secs] 
2020-10-27T01:35:06.580+0800: 1.864: [GC (Allocation Failure) 2020-10-27T01:35:06.580+0800: 1.865: [ParNew: 37273K->2731K(38080K), 0.0056940 secs] 41400K->7598K(122752K), 0.0058077 secs] [Times: user=0.00 sys=0.00, real=0.00 secs] 
2020-10-27T01:35:06.768+0800: 2.051: [GC (Allocation Failure) 2020-10-27T01:35:06.768+0800: 2.051: [ParNew: 36587K->1665K(38080K), 0.0035497 secs] 41454K->7015K(122752K), 0.0036417 secs] [Times: user=0.00 sys=0.00, real=0.00 secs] 
2020-10-27T01:35:06.768+0800: 2.055: [GC (CMS Initial Mark) [1 CMS-initial-mark: 5350K(84672K)] 7291K(122752K), 0.0006871 secs] [Times: user=0.00 sys=0.00, real=0.00 secs] 
2020-10-27T01:35:06.768+0800: 2.055: [CMS-concurrent-mark-start]
2020-10-27T01:35:06.799+0800: 2.089: [CMS-concurrent-mark: 0.033/0.033 secs] [Times: user=0.09 sys=0.03, real=0.03 secs] 
2020-10-27T01:35:06.799+0800: 2.089: [CMS-concurrent-preclean-start]
2020-10-27T01:35:06.799+0800: 2.090: [CMS-concurrent-preclean: 0.001/0.001 secs] [Times: user=0.00 sys=0.00, real=0.00 secs] 
2020-10-27T01:35:06.861+0800: 2.141: [GC (CMS Final Remark) [YG occupancy: 4736 K (38080 K)]2020-10-27T01:35:06.861+0800: 2.141: [Rescan (parallel) , 0.0012683 secs]2020-10-27T01:35:06.861+0800: 2.142: [weak refs processing, 0.0000391 secs]2020-10-27T01:35:06.861+0800: 2.142: [class unloading, 0.0047001 secs]2020-10-27T01:35:06.861+0800: 2.147: [scrub symbol table, 0.0069097 secs]2020-10-27T01:35:06.861+0800: 2.154: [scrub string table, 0.0005193 secs][1 CMS-remark: 5350K(84672K)] 10086K(122752K), 0.0142049 secs] [Times: user=0.03 sys=0.00, real=0.02 secs] 
2020-10-27T01:35:06.877+0800: 2.155: [CMS-concurrent-sweep-start]
2020-10-27T01:35:06.877+0800: 2.159: [CMS-concurrent-sweep: 0.003/0.003 secs] [Times: user=0.00 sys=0.00, real=0.00 secs] 
2020-10-27T01:35:06.877+0800: 2.159: [CMS-concurrent-reset-start]
2020-10-27T01:35:06.877+0800: 2.162: [CMS-concurrent-reset: 0.003/0.003 secs] [Times: user=0.00 sys=0.00, real=0.00 secs] 
2020-10-27T01:35:07.268+0800: 2.547: [GC (Allocation Failure) 2020-10-27T01:35:07.268+0800: 2.547: [ParNew: 35521K->4223K(38080K), 0.0056359 secs] 40741K->9451K(122752K), 0.0058151 secs] [Times: user=0.00 sys=0.00, real=0.00 secs] 
2020-10-27T01:35:07.658+0800: 2.950: [GC (Allocation Failure) 2020-10-27T01:35:07.658+0800: 2.950: [ParNew: 38079K->2875K(38080K), 0.0090142 secs] 43307K->10623K(122752K), 0.0091210 secs] [Times: user=0.06 sys=0.00, real=0.02 secs] 
2020-10-27T01:35:08.023+0800: 3.300: [GC (Allocation Failure) 2020-10-27T01:35:08.023+0800: 3.300: [ParNew: 36731K->2346K(38080K), 0.0055770 secs] 44479K->10094K(122752K), 0.0056578 secs] [Times: user=0.00 sys=0.00, real=0.01 secs] 
2020-10-27T01:35:08.823+0800: 4.114: [GC (Allocation Failure) 2020-10-27T01:35:08.823+0800: 4.114: [ParNew: 36202K->3380K(38080K), 0.0053922 secs] 43950K->11881K(122752K), 0.0054924 secs] [Times: user=0.06 sys=0.00, real=0.02 secs] 
2020-10-27T01:35:09.175+0800: 4.453: [GC (Allocation Failure) 2020-10-27T01:35:09.175+0800: 4.453: [ParNew: 37236K->4224K(38080K), 0.0092539 secs] 45737K->16485K(122752K), 0.0093480 secs] [Times: user=0.06 sys=0.00, real=0.01 secs] 
2020-10-27T01:35:09.460+0800: 4.738: [GC (Allocation Failure) 2020-10-27T01:35:09.460+0800: 4.738: [ParNew: 38080K->4088K(38080K), 0.0092071 secs] 50341K->20658K(122752K), 0.0093154 secs] [Times: user=0.00 sys=0.00, real=0.01 secs] 
2020-10-27T01:35:09.646+0800: 4.923: [GC (Allocation Failure) 2020-10-27T01:35:09.646+0800: 4.923: [ParNew: 37944K->2200K(38080K), 0.0036278 secs] 54514K->18770K(122752K), 0.0037043 secs] [Times: user=0.06 sys=0.00, real=0.00 secs] 
2020-10-27T01:35:09.866+0800: 5.143: [GC (Allocation Failure) 2020-10-27T01:35:09.866+0800: 5.143: [ParNew: 36056K->3722K(38080K), 0.0045858 secs] 52626K->20292K(122752K), 0.0046930 secs] [Times: user=0.06 sys=0.00, real=0.01 secs] 
2020-10-27T01:35:10.083+0800: 5.361: [GC (Allocation Failure) 2020-10-27T01:35:10.084+0800: 5.361: [ParNew: 37578K->4223K(38080K), 0.0074996 secs] 54148K->22377K(122752K), 0.0076050 secs] [Times: user=0.06 sys=0.00, real=0.01 secs] 
2020-10-27T01:35:10.249+0800: 5.529: [GC (Allocation Failure) 2020-10-27T01:35:10.249+0800: 5.529: [ParNew: 38079K->2300K(38080K), 0.0065383 secs] 56233K->21836K(122752K), 0.0066310 secs] [Times: user=0.00 sys=0.00, real=0.00 secs] 
2020-10-27T01:35:17.176+0800: 12.458: [GC (Allocation Failure) 2020-10-27T01:35:17.176+0800: 12.458: [ParNew: 36156K->4224K(38080K), 0.0063133 secs] 55692K->24533K(122752K), 0.0063936 secs] [Times: user=0.00 sys=0.00, real=0.00 secs] 
2020-10-27T01:35:19.029+0800: 14.317: [GC (Allocation Failure) 2020-10-27T01:35:19.029+0800: 14.317: [ParNew: 38080K->3478K(38080K), 0.0083766 secs] 58389K->27750K(122752K), 0.0085025 secs] [Times: user=0.05 sys=0.02, real=0.02 secs] 
2020-10-27T01:35:20.134+0800: 15.411: [GC (Allocation Failure) 2020-10-27T01:35:20.134+0800: 15.412: [ParNew: 37334K->875K(38080K), 0.0026154 secs] 61606K->25148K(122752K), 0.0027283 secs] [Times: user=0.00 sys=0.00, real=0.00 secs] 
2020-10-27T01:35:22.830+0800: 18.107: [GC (Allocation Failure) 2020-10-27T01:35:22.830+0800: 18.107: [ParNew: 34731K->346K(38080K), 0.0022971 secs] 59004K->24618K(122752K), 0.0023918 secs] [Times: user=0.00 sys=0.00, real=0.00 secs] 
2020-10-27T01:35:23.890+0800: 19.167: [GC (Allocation Failure) 2020-10-27T01:35:23.890+0800: 19.167: [ParNew: 34202K->331K(38080K), 0.0024000 secs] 58474K->24604K(122752K), 0.0025061 secs] [Times: user=0.00 sys=0.00, real=0.00 secs] 
2020-10-27T01:35:25.110+0800: 20.387: [GC (Allocation Failure) 2020-10-27T01:35:25.110+0800: 20.387: [ParNew: 34187K->339K(38080K), 0.0026305 secs] 58460K->24611K(122752K), 0.0028113 secs] [Times: user=0.00 sys=0.00, real=0.00 secs] 
2020-10-27T01:35:26.371+0800: 21.649: [GC (Allocation Failure) 2020-10-27T01:35:26.371+0800: 21.649: [ParNew: 34195K->340K(38080K), 0.0028097 secs] 58467K->24613K(122752K), 0.0029120 secs] [Times: user=0.00 sys=0.00, real=0.00 secs] 
2020-10-27T01:35:27.257+0800: 22.549: [GC (Allocation Failure) 2020-10-27T01:35:27.257+0800: 22.549: [ParNew: 34196K->243K(38080K), 0.0030632 secs] 58469K->24677K(122752K), 0.0031634 secs] [Times: user=0.03 sys=0.00, real=0.02 secs] 
2020-10-27T01:35:27.997+0800: 23.274: [GC (Allocation Failure) 2020-10-27T01:35:27.997+0800: 23.274: [ParNew: 34099K->140K(38080K), 0.0023906 secs] 58533K->24591K(122752K), 0.0025049 secs] [Times: user=0.00 sys=0.00, real=0.00 secs] 
2020-10-27T01:35:28.582+0800: 23.860: [GC (Allocation Failure) 2020-10-27T01:35:28.582+0800: 23.860: [ParNew: 33996K->108K(38080K), 0.0024570 secs] 58447K->24572K(122752K), 0.0025610 secs] [Times: user=0.02 sys=0.00, real=0.00 secs] 
2020-10-27T01:35:29.038+0800: 24.326: [GC (Allocation Failure) 2020-10-27T01:35:29.038+0800: 24.326: [ParNew: 33964K->102K(38080K), 0.0023872 secs] 58428K->24572K(122752K), 0.0024839 secs] [Times: user=0.00 sys=0.00, real=0.00 secs] 
2020-10-27T01:35:29.522+0800: 24.800: [GC (Allocation Failure) 2020-10-27T01:35:29.522+0800: 24.800: [ParNew: 33958K->79K(38080K), 0.0022762 secs] 58428K->24563K(122752K), 0.0023733 secs] [Times: user=0.00 sys=0.00, real=0.00 secs] 
2020-10-27T01:35:30.023+0800: 25.301: [GC (Allocation Failure) 2020-10-27T01:35:30.024+0800: 25.301: [ParNew: 33935K->92K(38080K), 0.0024113 secs] 58419K->24586K(122752K), 0.0025394 secs] [Times: user=0.00 sys=0.00, real=0.00 secs] 
2020-10-27T01:35:30.504+0800: 25.781: [GC (Allocation Failure) 2020-10-27T01:35:30.504+0800: 25.781: [ParNew: 33948K->52K(38080K), 0.0024055 secs] 58442K->24555K(122752K), 0.0025372 secs] [Times: user=0.02 sys=0.00, real=0.00 secs] 
2020-10-27T01:35:31.007+0800: 26.288: [GC (Allocation Failure) 2020-10-27T01:35:31.007+0800: 26.288: [ParNew: 33908K->39K(38080K), 0.0026818 secs] 58411K->24547K(122752K), 0.0027840 secs] [Times: user=0.00 sys=0.00, real=0.00 secs] 
2020-10-27T01:35:31.444+0800: 26.732: [GC (Allocation Failure) 2020-10-27T01:35:31.444+0800: 26.732: [ParNew: 33895K->37K(38080K), 0.0022658 secs] 58403K->24546K(122752K), 0.0023663 secs] [Times: user=0.00 sys=0.00, real=0.00 secs] 
2020-10-27T01:35:31.866+0800: 27.155: [GC (Allocation Failure) 2020-10-27T01:35:31.866+0800: 27.155: [ParNew: 33893K->28K(38080K), 0.0024031 secs] 58402K->24537K(122752K), 0.0025169 secs] [Times: user=0.00 sys=0.00, real=0.00 secs] 
2020-10-27T01:35:32.342+0800: 27.619: [GC (Allocation Failure) 2020-10-27T01:35:32.342+0800: 27.619: [ParNew: 33884K->43K(38080K), 0.0024058 secs] 58393K->24553K(122752K), 0.0025217 secs] [Times: user=0.00 sys=0.00, real=0.00 secs] 
2020-10-27T01:35:32.789+0800: 28.067: [GC (Allocation Failure) 2020-10-27T01:35:32.789+0800: 28.067: [ParNew: 33899K->31K(38080K), 0.0023303 secs] 58409K->24541K(122752K), 0.0024206 secs] [Times: user=0.00 sys=0.00, real=0.00 secs] 
2020-10-27T01:35:33.242+0800: 28.528: [GC (Allocation Failure) 2020-10-27T01:35:33.242+0800: 28.528: [ParNew: 33883K->39K(38080K), 0.0024096 secs] 58393K->24549K(122752K), 0.0025256 secs] [Times: user=0.00 sys=0.00, real=0.00 secs] 
2020-10-27T01:35:33.680+0800: 28.957: [GC (Allocation Failure) 2020-10-27T01:35:33.680+0800: 28.957: [ParNew: 33895K->33K(38080K), 0.0023845 secs] 58405K->24544K(122752K), 0.0024822 secs] [Times: user=0.00 sys=0.00, real=0.00 secs] 
2020-10-27T01:35:34.117+0800: 29.397: [GC (Allocation Failure) 2020-10-27T01:35:34.117+0800: 29.397: [ParNew: 33889K->36K(38080K), 0.0023278 secs] 58400K->24547K(122752K), 0.0024291 secs] [Times: user=0.00 sys=0.00, real=0.00 secs] 
2020-10-27T01:35:34.570+0800: 29.848: [GC (Allocation Failure) 2020-10-27T01:35:34.570+0800: 29.849: [ParNew: 33884K->63K(38080K), 0.0022266 secs] 58395K->24574K(122752K), 0.0023337 secs] [Times: user=0.00 sys=0.00, real=0.00 secs] 
2020-10-27T01:35:35.027+0800: 30.304: [GC (Allocation Failure) 2020-10-27T01:35:35.027+0800: 30.304: [ParNew: 33912K->38K(38080K), 0.0018659 secs] 58423K->24550K(122752K), 0.0019622 secs] [Times: user=0.00 sys=0.00, real=0.00 secs] 
2020-10-27T01:35:35.491+0800: 30.768: [GC (Allocation Failure) 2020-10-27T01:35:35.491+0800: 30.768: [ParNew: 33887K->41K(38080K), 0.0020153 secs] 58399K->24553K(122752K), 0.0021305 secs] [Times: user=0.00 sys=0.02, real=0.00 secs] 
2020-10-27T01:35:35.980+0800: 31.258: [GC (Allocation Failure) 2020-10-27T01:35:35.980+0800: 31.258: [ParNew: 33897K->38K(38080K), 0.0018775 secs] 58409K->24549K(122752K), 0.0019991 secs] [Times: user=0.00 sys=0.00, real=0.00 secs] 
2020-10-27T01:35:36.420+0800: 31.699: [GC (Allocation Failure) 2020-10-27T01:35:36.420+0800: 31.699: [ParNew: 33894K->28K(38080K), 0.0018919 secs] 58405K->24540K(122752K), 0.0020012 secs] [Times: user=0.00 sys=0.00, real=0.00 secs] 
2020-10-27T01:35:36.858+0800: 32.136: [GC (Allocation Failure) 2020-10-27T01:35:36.858+0800: 32.136: [ParNew: 33884K->38K(38080K), 0.0018363 secs] 58396K->24550K(122752K), 0.0019511 secs] [Times: user=0.00 sys=0.00, real=0.00 secs] 
2020-10-27T01:35:37.311+0800: 32.598: [GC (Allocation Failure) 2020-10-27T01:35:37.311+0800: 32.598: [ParNew: 33894K->44K(38080K), 0.0018599 secs] 58406K->24556K(122752K), 0.0019616 secs] [Times: user=0.00 sys=0.00, real=0.00 secs] 
2020-10-27T01:35:37.748+0800: 33.038: [GC (Allocation Failure) 2020-10-27T01:35:37.748+0800: 33.038: [ParNew: 33900K->42K(38080K), 0.0017974 secs] 58412K->24554K(122752K), 0.0019005 secs] [Times: user=0.00 sys=0.00, real=0.00 secs] 
2020-10-27T01:35:38.201+0800: 33.485: [GC (Allocation Failure) 2020-10-27T01:35:38.201+0800: 33.485: [ParNew: 33898K->34K(38080K), 0.0020358 secs] 58410K->24546K(122752K), 0.0021307 secs] [Times: user=0.00 sys=0.00, real=0.00 secs] 
2020-10-27T01:35:38.639+0800: 33.931: [GC (Allocation Failure) 2020-10-27T01:35:38.654+0800: 33.931: [ParNew: 33890K->34K(38080K), 0.0017701 secs] 58402K->24546K(122752K), 0.0018674 secs] [Times: user=0.02 sys=0.00, real=0.02 secs] 
2020-10-27T01:35:39.115+0800: 34.393: [GC (Allocation Failure) 2020-10-27T01:35:39.116+0800: 34.393: [ParNew: 33890K->42K(38080K), 0.0018554 secs] 58402K->24554K(122752K), 0.0019905 secs] [Times: user=0.02 sys=0.00, real=0.00 secs] 
2020-10-27T01:35:39.582+0800: 34.859: [GC (Allocation Failure) 2020-10-27T01:35:39.582+0800: 34.859: [ParNew: 33898K->38K(38080K), 0.0016891 secs] 58410K->24550K(122752K), 0.0017872 secs] [Times: user=0.00 sys=0.00, real=0.00 secs] 
2020-10-27T01:35:40.035+0800: 35.325: [GC (Allocation Failure) 2020-10-27T01:35:40.035+0800: 35.325: [ParNew: 33894K->33K(38080K), 0.0018444 secs] 58406K->24545K(122752K), 0.0019402 secs] [Times: user=0.01 sys=0.00, real=0.01 secs] 
2020-10-27T01:35:40.499+0800: 35.788: [GC (Allocation Failure) 2020-10-27T01:35:40.499+0800: 35.788: [ParNew: 33885K->29K(38080K), 0.0016774 secs] 58397K->24541K(122752K), 0.0017708 secs] [Times: user=0.00 sys=0.00, real=0.00 secs] 
2020-10-27T01:35:40.984+0800: 36.264: [GC (Allocation Failure) 2020-10-27T01:35:40.984+0800: 36.264: [ParNew: 33885K->41K(38080K), 0.0017835 secs] 58397K->24554K(122752K), 0.0018843 secs] [Times: user=0.00 sys=0.00, real=0.00 secs] 
2020-10-27T01:35:41.437+0800: 36.729: [GC (Allocation Failure) 2020-10-27T01:35:41.452+0800: 36.729: [ParNew: 33897K->41K(38080K), 0.0019628 secs] 58410K->24553K(122752K), 0.0020878 secs] [Times: user=0.02 sys=0.00, real=0.01 secs] 
2020-10-27T01:35:41.906+0800: 37.196: [GC (Allocation Failure) 2020-10-27T01:35:41.906+0800: 37.196: [ParNew: 33897K->38K(38080K), 0.0018070 secs] 58409K->24550K(122752K), 0.0019043 secs] [Times: user=0.00 sys=0.00, real=0.00 secs] 
2020-10-27T01:35:42.393+0800: 37.670: [GC (Allocation Failure) 2020-10-27T01:35:42.393+0800: 37.670: [ParNew: 33894K->40K(38080K), 0.0017305 secs] 58406K->24554K(122752K), 0.0018183 secs] [Times: user=0.00 sys=0.00, real=0.00 secs] 
2020-10-27T01:35:42.866+0800: 38.143: [GC (Allocation Failure) 2020-10-27T01:35:42.866+0800: 38.144: [ParNew: 33896K->45K(38080K), 0.0018926 secs] 58410K->24559K(122752K), 0.0020197 secs] [Times: user=0.00 sys=0.00, real=0.00 secs] 
2020-10-27T01:35:43.329+0800: 38.606: [GC (Allocation Failure) 2020-10-27T01:35:43.329+0800: 38.606: [ParNew: 33901K->49K(38080K), 0.0017661 secs] 58415K->24563K(122752K), 0.0018646 secs] [Times: user=0.00 sys=0.00, real=0.00 secs] 
2020-10-27T01:35:43.775+0800: 39.053: [GC (Allocation Failure) 2020-10-27T01:35:43.775+0800: 39.053: [ParNew: 33901K->29K(38080K), 0.0017906 secs] 58416K->24544K(122752K), 0.0018857 secs] [Times: user=0.00 sys=0.00, real=0.00 secs] 
2020-10-27T01:35:44.255+0800: 39.533: [GC (Allocation Failure) 2020-10-27T01:35:44.255+0800: 39.533: [ParNew: 33879K->32K(38080K), 0.0017897 secs] 58394K->24548K(122752K), 0.0018963 secs] [Times: user=0.05 sys=0.00, real=0.00 secs] 
2020-10-27T01:35:44.698+0800: 39.975: [GC (Allocation Failure) 2020-10-27T01:35:44.698+0800: 39.975: [ParNew: 33888K->34K(38080K), 0.0017297 secs] 58404K->24549K(122752K), 0.0018298 secs] [Times: user=0.00 sys=0.00, real=0.00 secs] 
2020-10-27T01:35:45.171+0800: 40.448: [GC (Allocation Failure) 2020-10-27T01:35:45.171+0800: 40.448: [ParNew: 33890K->34K(38080K), 0.0019102 secs] 58405K->24550K(122752K), 0.0020262 secs] [Times: user=0.00 sys=0.00, real=0.00 secs] 
2020-10-27T01:35:45.648+0800: 40.925: [GC (Allocation Failure) 2020-10-27T01:35:45.648+0800: 40.926: [ParNew: 33890K->33K(38080K), 0.0017190 secs] 58406K->24549K(122752K), 0.0018296 secs] [Times: user=0.00 sys=0.00, real=0.00 secs] 
2020-10-27T01:35:46.135+0800: 41.421: [GC (Allocation Failure) 2020-10-27T01:35:46.135+0800: 41.421: [ParNew: 33889K->39K(38080K), 0.0019041 secs] 58405K->24554K(122752K), 0.0019957 secs] [Times: user=0.00 sys=0.00, real=0.00 secs] 
2020-10-27T01:35:46.744+0800: 42.026: [GC (Allocation Failure) 2020-10-27T01:35:46.744+0800: 42.026: [ParNew: 33895K->32K(38080K), 0.0018285 secs] 58410K->24547K(122752K), 0.0019187 secs] [Times: user=0.00 sys=0.00, real=0.00 secs] 
2020-10-27T01:35:47.229+0800: 42.507: [GC (Allocation Failure) 2020-10-27T01:35:47.229+0800: 42.507: [ParNew: 33888K->25K(38080K), 0.0017673 secs] 58403K->24540K(122752K), 0.0018693 secs] [Times: user=0.00 sys=0.00, real=0.00 secs] 
2020-10-27T01:35:47.651+0800: 42.942: [GC (Allocation Failure) 2020-10-27T01:35:47.651+0800: 42.942: [ParNew: 33881K->43K(38080K), 0.0018149 secs] 58396K->24559K(122752K), 0.0019304 secs] [Times: user=0.06 sys=0.00, real=0.01 secs] 
2020-10-27T01:35:48.112+0800: 43.389: [GC (Allocation Failure) 2020-10-27T01:35:48.112+0800: 43.389: [ParNew: 33896K->39K(38080K), 0.0019780 secs] 58412K->24554K(122752K), 0.0020781 secs] [Times: user=0.00 sys=0.00, real=0.00 secs] 
2020-10-27T01:35:48.565+0800: 43.843: [GC (Allocation Failure) 2020-10-27T01:35:48.566+0800: 43.843: [ParNew: 33895K->41K(38080K), 0.0018102 secs] 58410K->24556K(122752K), 0.0019252 secs] [Times: user=0.00 sys=0.00, real=0.00 secs] 
2020-10-27T01:35:49.029+0800: 44.307: [GC (Allocation Failure) 2020-10-27T01:35:49.029+0800: 44.307: [ParNew: 33897K->32K(38080K), 0.0017934 secs] 58412K->24548K(122752K), 0.0019030 secs] [Times: user=0.00 sys=0.00, real=0.00 secs] 
2020-10-27T01:35:49.487+0800: 44.764: [GC (Allocation Failure) 2020-10-27T01:35:49.487+0800: 44.764: [ParNew: 33885K->42K(38080K), 0.0017806 secs] 58400K->24558K(122752K), 0.0018822 secs] [Times: user=0.00 sys=0.00, real=0.00 secs] 
2020-10-27T01:35:49.931+0800: 45.208: [GC (Allocation Failure) 2020-10-27T01:35:49.931+0800: 45.208: [ParNew: 33898K->32K(38080K), 0.0018169 secs] 58414K->24548K(122752K), 0.0019458 secs] [Times: user=0.00 sys=0.00, real=0.00 secs] 
2020-10-27T01:35:50.415+0800: 45.693: [GC (Allocation Failure) 2020-10-27T01:35:50.415+0800: 45.693: [ParNew: 33888K->39K(38080K), 0.0017669 secs] 58404K->24555K(122752K), 0.0018695 secs] [Times: user=0.00 sys=0.00, real=0.00 secs] 
2020-10-27T01:35:50.891+0800: 46.169: [GC (Allocation Failure) 2020-10-27T01:35:50.891+0800: 46.169: [ParNew: 33895K->31K(38080K), 0.0018969 secs] 58411K->24549K(122752K), 0.0020189 secs] [Times: user=0.00 sys=0.00, real=0.00 secs] 
2020-10-27T01:35:51.336+0800: 46.613: [GC (Allocation Failure) 2020-10-27T01:35:51.336+0800: 46.613: [ParNew: 33887K->38K(38080K), 0.0017477 secs] 58405K->24556K(122752K), 0.0018462 secs] [Times: user=0.00 sys=0.00, real=0.00 secs] 
2020-10-27T01:35:51.757+0800: 47.039: [GC (Allocation Failure) 2020-10-27T01:35:51.757+0800: 47.039: [ParNew: 33894K->46K(38080K), 0.0018341 secs] 58412K->24563K(122752K), 0.0019482 secs] [Times: user=0.00 sys=0.00, real=0.00 secs] 
2020-10-27T01:35:52.195+0800: 47.476: [GC (Allocation Failure) 2020-10-27T01:35:52.195+0800: 47.476: [ParNew: 33902K->31K(38080K), 0.0016960 secs] 58419K->24549K(122752K), 0.0018076 secs] [Times: user=0.00 sys=0.00, real=0.00 secs] 
2020-10-27T01:35:52.632+0800: 47.911: [GC (Allocation Failure) 2020-10-27T01:35:52.632+0800: 47.911: [ParNew: 33887K->40K(38080K), 0.0018169 secs] 58405K->24558K(122752K), 0.0019258 secs] [Times: user=0.00 sys=0.00, real=0.00 secs] 
2020-10-27T01:35:53.054+0800: 48.347: [GC (Allocation Failure) 2020-10-27T01:35:53.070+0800: 48.347: [ParNew: 33889K->46K(38080K), 0.0018379 secs] 58406K->24563K(122752K), 0.0019348 secs] [Times: user=0.02 sys=0.00, real=0.02 secs] 
2020-10-27T01:35:53.523+0800: 48.815: [GC (Allocation Failure) 2020-10-27T01:35:53.523+0800: 48.815: [ParNew: 33902K->33K(38080K), 0.0017840 secs] 58419K->24551K(122752K), 0.0018743 secs] [Times: user=0.02 sys=0.00, real=0.02 secs] 
2020-10-27T01:35:53.992+0800: 49.269: [GC (Allocation Failure) 2020-10-27T01:35:53.992+0800: 49.269: [ParNew: 33889K->27K(38080K), 0.0022975 secs] 58407K->24545K(122752K), 0.0024060 secs] [Times: user=0.00 sys=0.00, real=0.00 secs] 
2020-10-27T01:35:54.413+0800: 49.701: [GC (Allocation Failure) 2020-10-27T01:35:54.413+0800: 49.701: [ParNew: 33878K->33K(38080K), 0.0018502 secs] 58396K->24551K(122752K), 0.0019530 secs] [Times: user=0.00 sys=0.00, real=0.00 secs] 
2020-10-27T01:35:54.862+0800: 50.139: [GC (Allocation Failure) 2020-10-27T01:35:54.862+0800: 50.139: [ParNew: 33889K->45K(38080K), 0.0018040 secs] 58407K->24563K(122752K), 0.0019119 secs] [Times: user=0.00 sys=0.00, real=0.00 secs] 
2020-10-27T01:35:55.311+0800: 50.594: [GC (Allocation Failure) 2020-10-27T01:35:55.311+0800: 50.594: [ParNew: 33901K->47K(38080K), 0.0017999 secs] 58419K->24564K(122752K), 0.0018892 secs] [Times: user=0.00 sys=0.00, real=0.00 secs] 
2020-10-27T01:35:55.780+0800: 51.061: [GC (Allocation Failure) 2020-10-27T01:35:55.780+0800: 51.061: [ParNew: 33901K->40K(38080K), 0.0018764 secs] 58418K->24557K(122752K), 0.0019757 secs] [Times: user=0.00 sys=0.00, real=0.00 secs] 
2020-10-27T01:35:56.257+0800: 51.534: [GC (Allocation Failure) 2020-10-27T01:35:56.257+0800: 51.534: [ParNew: 33896K->33K(38080K), 0.0018796 secs] 58413K->24550K(122752K), 0.0019803 secs] [Times: user=0.00 sys=0.00, real=0.00 secs] 
2020-10-27T01:35:56.739+0800: 52.016: [GC (Allocation Failure) 2020-10-27T01:35:56.739+0800: 52.016: [ParNew: 33889K->40K(38080K), 0.0018171 secs] 58406K->24557K(122752K), 0.0019319 secs] [Times: user=0.00 sys=0.00, real=0.00 secs] 
2020-10-27T01:35:57.226+0800: 52.511: [GC (Allocation Failure) 2020-10-27T01:35:57.226+0800: 52.511: [ParNew: 33896K->31K(38080K), 0.0016929 secs] 58413K->24549K(122752K), 0.0017899 secs] [Times: user=0.00 sys=0.00, real=0.00 secs] 
2020-10-27T01:35:57.664+0800: 52.953: [GC (Allocation Failure) 2020-10-27T01:35:57.664+0800: 52.953: [ParNew: 33887K->28K(38080K), 0.0018819 secs] 58405K->24546K(122752K), 0.0019830 secs] [Times: user=0.00 sys=0.00, real=0.00 secs] 
2020-10-27T01:35:58.127+0800: 53.405: [GC (Allocation Failure) 2020-10-27T01:35:58.127+0800: 53.405: [ParNew: 33884K->25K(38080K), 0.0017732 secs] 58402K->24543K(122752K), 0.0018631 secs] [Times: user=0.00 sys=0.00, real=0.00 secs] 
2020-10-27T01:35:58.590+0800: 53.868: [GC (Allocation Failure) 2020-10-27T01:35:58.591+0800: 53.868: [ParNew: 33881K->32K(38080K), 0.0018378 secs] 58399K->24549K(122752K), 0.0019614 secs] [Times: user=0.00 sys=0.00, real=0.00 secs] 
2020-10-27T01:35:59.023+0800: 54.314: [GC (Allocation Failure) 2020-10-27T01:35:59.023+0800: 54.314: [ParNew: 33888K->26K(38080K), 0.0016991 secs] 58405K->24545K(122752K), 0.0017905 secs] [Times: user=0.06 sys=0.00, real=0.02 secs] 
2020-10-27T01:35:59.492+0800: 54.780: [GC (Allocation Failure) 2020-10-27T01:35:59.492+0800: 54.780: [ParNew: 33882K->33K(38080K), 0.0018674 secs] 58401K->24552K(122752K), 0.0019793 secs] [Times: user=0.00 sys=0.00, real=0.00 secs] 
2020-10-27T01:35:59.965+0800: 55.242: [GC (Allocation Failure) 2020-10-27T01:35:59.965+0800: 55.242: [ParNew: 33889K->40K(38080K), 0.0018103 secs] 58408K->24559K(122752K), 0.0019027 secs] [Times: user=0.00 sys=0.00, real=0.00 secs] 
2020-10-27T01:36:00.430+0800: 55.707: [GC (Allocation Failure) 2020-10-27T01:36:00.430+0800: 55.707: [ParNew: 33896K->47K(38080K), 0.0019169 secs] 58415K->24566K(122752K), 0.0020439 secs] [Times: user=0.00 sys=0.00, real=0.00 secs] 
2020-10-27T01:36:00.927+0800: 56.204: [GC (Allocation Failure) 2020-10-27T01:36:00.927+0800: 56.205: [ParNew: 33903K->33K(38080K), 0.0017932 secs] 58422K->24552K(122752K), 0.0018988 secs] [Times: user=0.06 sys=0.00, real=0.00 secs] 
2020-10-27T01:36:01.355+0800: 56.635: [GC (Allocation Failure) 2020-10-27T01:36:01.355+0800: 56.635: [ParNew: 33889K->27K(38080K), 0.0018303 secs] 58408K->24546K(122752K), 0.0019364 secs] [Times: user=0.00 sys=0.00, real=0.00 secs] 
2020-10-27T01:36:01.793+0800: 57.082: [GC (Allocation Failure) 2020-10-27T01:36:01.793+0800: 57.082: [ParNew: 33883K->34K(38080K), 0.0018000 secs] 58402K->24553K(122752K), 0.0019032 secs] [Times: user=0.00 sys=0.00, real=0.00 secs] 
2020-10-27T01:36:02.277+0800: 57.555: [GC (Allocation Failure) 2020-10-27T01:36:02.277+0800: 57.555: [ParNew: 33890K->27K(38080K), 0.0017142 secs] 58409K->24546K(122752K), 0.0018142 secs] [Times: user=0.00 sys=0.00, real=0.00 secs] 
2020-10-27T01:36:02.735+0800: 58.012: [GC (Allocation Failure) 2020-10-27T01:36:02.735+0800: 58.012: [ParNew: 33883K->39K(38080K), 0.0017331 secs] 58402K->24558K(122752K), 0.0018384 secs] [Times: user=0.00 sys=0.00, real=0.00 secs] 
2020-10-27T01:36:03.184+0800: 58.470: [GC (Allocation Failure) 2020-10-27T01:36:03.184+0800: 58.470: [ParNew: 33895K->48K(38080K), 0.0020120 secs] 58414K->24567K(122752K), 0.0021235 secs] [Times: user=0.00 sys=0.00, real=0.00 secs] 
2020-10-27T01:36:03.606+0800: 58.896: [GC (Allocation Failure) 2020-10-27T01:36:03.606+0800: 58.896: [ParNew: 33904K->28K(38080K), 0.0018605 secs] 58423K->24547K(122752K), 0.0019608 secs] [Times: user=0.00 sys=0.00, real=0.00 secs] 
2020-10-27T01:36:04.043+0800: 59.329: [GC (Allocation Failure) 2020-10-27T01:36:04.043+0800: 59.329: [ParNew: 33884K->27K(38080K), 0.0018747 secs] 58403K->24546K(122752K), 0.0019927 secs] [Times: user=0.00 sys=0.00, real=0.00 secs] 
2020-10-27T01:36:04.481+0800: 59.759: [GC (Allocation Failure) 2020-10-27T01:36:04.481+0800: 59.759: [ParNew: 33883K->25K(38080K), 0.0018032 secs] 58402K->24544K(122752K), 0.0019109 secs] [Times: user=0.00 sys=0.00, real=0.00 secs] 
2020-10-27T01:36:04.919+0800: 60.197: [GC (Allocation Failure) 2020-10-27T01:36:04.919+0800: 60.197: [ParNew: 33874K->48K(38080K), 0.0018916 secs] 58394K->24567K(122752K), 0.0020026 secs] [Times: user=0.00 sys=0.00, real=0.00 secs] 
2020-10-27T01:36:05.422+0800: 60.700: [GC (Allocation Failure) 2020-10-27T01:36:05.422+0800: 60.700: [ParNew: 33904K->34K(38080K), 0.0018376 secs] 58423K->24553K(122752K), 0.0019462 secs] [Times: user=0.00 sys=0.00, real=0.00 secs] 
2020-10-27T01:36:05.889+0800: 61.166: [GC (Allocation Failure) 2020-10-27T01:36:05.889+0800: 61.166: [ParNew: 33890K->42K(38080K), 0.0017762 secs] 58409K->24561K(122752K), 0.0018656 secs] [Times: user=0.00 sys=0.00, real=0.00 secs] 
2020-10-27T01:36:06.322+0800: 61.605: [GC (Allocation Failure) 2020-10-27T01:36:06.322+0800: 61.605: [ParNew: 33898K->45K(38080K), 0.0018052 secs] 58417K->24564K(122752K), 0.0018949 secs] [Times: user=0.00 sys=0.00, real=0.00 secs] 
2020-10-27T01:36:06.760+0800: 62.039: [GC (Allocation Failure) 2020-10-27T01:36:06.760+0800: 62.039: [ParNew: 33901K->29K(38080K), 0.0017643 secs] 58420K->24548K(122752K), 0.0018653 secs] [Times: user=0.00 sys=0.00, real=0.00 secs] 
2020-10-27T01:36:07.181+0800: 62.464: [GC (Allocation Failure) 2020-10-27T01:36:07.181+0800: 62.464: [ParNew: 33885K->43K(38080K), 0.0018104 secs] 58404K->24562K(122752K), 0.0019088 secs] [Times: user=0.00 sys=0.00, real=0.00 secs] 
2020-10-27T01:36:07.603+0800: 62.895: [GC (Allocation Failure) 2020-10-27T01:36:07.603+0800: 62.895: [ParNew: 33899K->32K(38080K), 0.0017973 secs] 58418K->24552K(122752K), 0.0019100 secs] [Times: user=0.05 sys=0.00, real=0.02 secs] 
2020-10-27T01:36:08.047+0800: 63.325: [GC (Allocation Failure) 2020-10-27T01:36:08.047+0800: 63.325: [ParNew: 33888K->35K(38080K), 0.0017840 secs] 58408K->24555K(122752K), 0.0018881 secs] [Times: user=0.00 sys=0.00, real=0.00 secs] 
2020-10-27T01:36:08.547+0800: 63.824: [GC (Allocation Failure) 2020-10-27T01:36:08.547+0800: 63.825: [ParNew: 33891K->34K(38080K), 0.0018642 secs] 58411K->24555K(122752K), 0.0019751 secs] [Times: user=0.00 sys=0.00, real=0.00 secs] 
2020-10-27T01:36:08.992+0800: 64.280: [GC (Allocation Failure) 2020-10-27T01:36:08.992+0800: 64.280: [ParNew: 33884K->27K(38080K), 0.0018067 secs] 58404K->24548K(122752K), 0.0019037 secs] [Times: user=0.00 sys=0.00, real=0.00 secs] 
2020-10-27T01:36:09.445+0800: 64.727: [GC (Allocation Failure) 2020-10-27T01:36:09.445+0800: 64.727: [ParNew: 33883K->35K(38080K), 0.0018257 secs] 58404K->24555K(122752K), 0.0019234 secs] [Times: user=0.00 sys=0.00, real=0.00 secs] 
2020-10-27T01:36:09.885+0800: 65.162: [GC (Allocation Failure) 2020-10-27T01:36:09.885+0800: 65.162: [ParNew: 33891K->29K(38080K), 0.0018153 secs] 58411K->24550K(122752K), 0.0019071 secs] [Times: user=0.00 sys=0.00, real=0.00 secs] 
2020-10-27T01:36:10.330+0800: 65.608: [GC (Allocation Failure) 2020-10-27T01:36:10.330+0800: 65.608: [ParNew: 33885K->45K(38080K), 0.0017352 secs] 58406K->24565K(122752K), 0.0018494 secs] [Times: user=0.00 sys=0.00, real=0.00 secs] 
2020-10-27T01:36:10.801+0800: 66.078: [GC (Allocation Failure) 2020-10-27T01:36:10.801+0800: 66.078: [ParNew: 33901K->31K(38080K), 0.0016445 secs] 58421K->24553K(122752K), 0.0017227 secs] [Times: user=0.00 sys=0.00, real=0.00 secs] 
2020-10-27T01:36:11.228+0800: 66.516: [GC (Allocation Failure) 2020-10-27T01:36:11.228+0800: 66.516: [ParNew: 33887K->28K(38080K), 0.0016937 secs] 58409K->24549K(122752K), 0.0018094 secs] [Times: user=0.00 sys=0.00, real=0.00 secs] 
2020-10-27T01:36:11.712+0800: 66.998: [GC (Allocation Failure) 2020-10-27T01:36:11.712+0800: 66.998: [ParNew: 33884K->41K(38080K), 0.0017860 secs] 58405K->24563K(122752K), 0.0018870 secs] [Times: user=0.00 sys=0.00, real=0.00 secs] 
2020-10-27T01:36:12.134+0800: 67.421: [GC (Allocation Failure) 2020-10-27T01:36:12.134+0800: 67.421: [ParNew: 33897K->26K(38080K), 0.0018349 secs] 58419K->24548K(122752K), 0.0019450 secs] [Times: user=0.00 sys=0.00, real=0.00 secs] 
2020-10-27T01:36:12.572+0800: 67.862: [GC (Allocation Failure) 2020-10-27T01:36:12.572+0800: 67.862: [ParNew: 33882K->28K(38080K), 0.0016571 secs] 58404K->24550K(122752K), 0.0017497 secs] [Times: user=0.00 sys=0.00, real=0.00 secs] 
2020-10-27T01:36:13.009+0800: 68.301: [GC (Allocation Failure) 2020-10-27T01:36:13.009+0800: 68.301: [ParNew: 33884K->45K(38080K), 0.0019139 secs] 58406K->24567K(122752K), 0.0020191 secs] [Times: user=0.06 sys=0.00, real=0.02 secs] 
2020-10-27T01:36:13.446+0800: 68.734: [GC (Allocation Failure) 2020-10-27T01:36:13.446+0800: 68.734: [ParNew: 33901K->33K(38080K), 0.0017669 secs] 58423K->24554K(122752K), 0.0018604 secs] [Times: user=0.00 sys=0.00, real=0.00 secs] 
2020-10-27T01:36:13.884+0800: 69.171: [GC (Allocation Failure) 2020-10-27T01:36:13.884+0800: 69.171: [ParNew: 33889K->54K(38080K), 0.0017651 secs] 58410K->24575K(122752K), 0.0018752 secs] [Times: user=0.00 sys=0.00, real=0.00 secs] 
2020-10-27T01:36:14.337+0800: 69.619: [GC (Allocation Failure) 2020-10-27T01:36:14.337+0800: 69.619: [ParNew: 33910K->40K(38080K), 0.0016899 secs] 58431K->24561K(122752K), 0.0017949 secs] [Times: user=0.00 sys=0.00, real=0.00 secs] 
2020-10-27T01:36:14.823+0800: 70.100: [GC (Allocation Failure) 2020-10-27T01:36:14.823+0800: 70.100: [ParNew: 33896K->36K(38080K), 0.0016975 secs] 58417K->24558K(122752K), 0.0018047 secs] [Times: user=0.00 sys=0.00, real=0.00 secs] 
2020-10-27T01:36:15.291+0800: 70.569: [GC (Allocation Failure) 2020-10-27T01:36:15.292+0800: 70.569: [ParNew: 33892K->36K(38080K), 0.0019802 secs] 58414K->24557K(122752K), 0.0020987 secs] [Times: user=0.00 sys=0.00, real=0.00 secs] 
2020-10-27T01:36:15.794+0800: 71.071: [GC (Allocation Failure) 2020-10-27T01:36:15.794+0800: 71.072: [ParNew: 33892K->38K(38080K), 0.0018043 secs] 58413K->24559K(122752K), 0.0018991 secs] [Times: user=0.00 sys=0.00, real=0.00 secs] 
2020-10-27T01:36:16.230+0800: 71.516: [GC (Allocation Failure) 2020-10-27T01:36:16.230+0800: 71.516: [ParNew: 33894K->36K(38080K), 0.0016618 secs] 58415K->24558K(122752K), 0.0018218 secs] [Times: user=0.00 sys=0.00, real=0.00 secs] 
2020-10-27T01:36:16.667+0800: 71.953: [GC (Allocation Failure) 2020-10-27T01:36:16.667+0800: 71.953: [ParNew: 33892K->29K(38080K), 0.0017512 secs] 58414K->24551K(122752K), 0.0018662 secs] [Times: user=0.00 sys=0.00, real=0.00 secs] 
Heap
 par new generation   total 38080K, used 25115K [0x0000000080000000, 0x0000000082950000, 0x0000000094cc0000)
  eden space 33856K,  74% used [0x0000000080000000, 0x000000008187f758, 0x0000000082110000)
  from space 4224K,   0% used [0x0000000082530000, 0x0000000082537620, 0x0000000082950000)
  to   space 4224K,   0% used [0x0000000082110000, 0x0000000082110000, 0x0000000082530000)
 concurrent mark-sweep generation total 84672K, used 24521K [0x0000000094cc0000, 0x0000000099f70000, 0x0000000100000000)
 Metaspace       used 36419K, capacity 38148K, committed 38548K, reserved 1083392K
  class space    used 4574K, capacity 4889K, committed 5012K, reserved 1048576K
