Java HotSpot(TM) 64-Bit Server VM (25.231-b11) for windows-amd64 JRE (1.8.0_231-b11), built on Oct  5 2019 03:11:30 by "java_re" with MS VC++ 10.0 (VS2010)
Memory: 4k page, physical 8086332k(4382824k free), swap 16212796k(12072420k free)
CommandLine flags: -XX:InitialHeapSize=129381312 -XX:MaxHeapSize=134217728 -XX:+PrintGC -XX:+PrintGCDateStamps -XX:+PrintGCDetails -XX:+PrintGCTimeStamps -XX:+UseCompressedClassPointers -XX:+UseCompressedOops -XX:-UseLargePagesIndividualAllocation -XX:+UseParallelGC 
2020-10-27T01:26:52.765+0800: 0.864: [GC (Allocation Failure) [PSYoungGen: 31744K->3433K(36864K)] 31744K->3433K(121856K), 0.0125617 secs] [Times: user=0.00 sys=0.00, real=0.00 secs] 
2020-10-27T01:26:53.067+0800: 1.166: [GC (Allocation Failure) [PSYoungGen: 35177K->3882K(38400K)] 35177K->3898K(123392K), 0.0056292 secs] [Times: user=0.06 sys=0.00, real=0.01 secs] 
2020-10-27T01:26:53.271+0800: 1.369: [GC (Allocation Failure) [PSYoungGen: 37162K->4838K(38400K)] 37178K->4862K(123392K), 0.0068333 secs] [Times: user=0.05 sys=0.00, real=0.01 secs] 
2020-10-27T01:26:53.484+0800: 1.582: [GC (Allocation Failure) [PSYoungGen: 38118K->4864K(38400K)] 38142K->4896K(123392K), 0.0088309 secs] [Times: user=0.06 sys=0.00, real=0.01 secs] 
2020-10-27T01:26:53.716+0800: 1.814: [GC (Allocation Failure) [PSYoungGen: 38144K->5119K(38400K)] 38176K->5696K(123392K), 0.0104689 secs] [Times: user=0.03 sys=0.00, real=0.01 secs] 
2020-10-27T01:26:54.003+0800: 2.101: [GC (Allocation Failure) [PSYoungGen: 38399K->5100K(33280K)] 38976K->7428K(118272K), 0.0078087 secs] [Times: user=0.06 sys=0.00, real=0.01 secs] 
2020-10-27T01:26:54.148+0800: 2.246: [GC (Allocation Failure) [PSYoungGen: 33260K->4220K(35840K)] 35588K->9232K(120832K), 0.0102183 secs] [Times: user=0.00 sys=0.00, real=0.01 secs] 
2020-10-27T01:26:54.340+0800: 2.438: [GC (Metadata GC Threshold) [PSYoungGen: 13698K->2080K(35328K)] 18711K->8250K(120320K), 0.0127577 secs] [Times: user=0.03 sys=0.00, real=0.01 secs] 
2020-10-27T01:26:54.353+0800: 2.451: [Full GC (Metadata GC Threshold) [PSYoungGen: 2080K->0K(35328K)] [ParOldGen: 6170K->5749K(50688K)] 8250K->5749K(86016K), [Metaspace: 20515K->20515K(1067008K)], 0.0550615 secs] [Times: user=0.13 sys=0.00, real=0.06 secs] 
2020-10-27T01:26:54.510+0800: 2.613: [GC (Allocation Failure) [PSYoungGen: 28160K->833K(35840K)] 33909K->6590K(86528K), 0.0021407 secs] [Times: user=0.00 sys=0.00, real=0.00 secs] 
2020-10-27T01:26:55.135+0800: 3.233: [GC (Allocation Failure) [PSYoungGen: 28993K->2949K(35840K)] 34750K->8778K(86528K), 0.0068829 secs] [Times: user=0.00 sys=0.00, real=0.00 secs] 
2020-10-27T01:26:55.416+0800: 3.519: [GC (Allocation Failure) [PSYoungGen: 31109K->2032K(35840K)] 36938K->9845K(86528K), 0.0057244 secs] [Times: user=0.00 sys=0.00, real=0.00 secs] 
2020-10-27T01:26:55.729+0800: 3.838: [GC (Allocation Failure) [PSYoungGen: 30192K->1074K(35840K)] 38005K->9668K(86528K), 0.0029233 secs] [Times: user=0.00 sys=0.00, real=0.00 secs] 
2020-10-27T01:26:55.948+0800: 4.052: [GC (Allocation Failure) [PSYoungGen: 29234K->1405K(35840K)] 37828K->10646K(86528K), 0.0034308 secs] [Times: user=0.00 sys=0.00, real=0.00 secs] 
2020-10-27T01:26:56.588+0800: 4.691: [GC (Allocation Failure) [PSYoungGen: 29565K->1248K(35840K)] 38806K->11409K(86528K), 0.0034814 secs] [Times: user=0.00 sys=0.00, real=0.00 secs] 
2020-10-27T01:26:56.948+0800: 5.054: [GC (Allocation Failure) [PSYoungGen: 29408K->6235K(34816K)] 39569K->16404K(85504K), 0.0087216 secs] [Times: user=0.03 sys=0.00, real=0.02 secs] 
2020-10-27T01:26:57.338+0800: 5.445: [GC (Allocation Failure) [PSYoungGen: 34395K->6599K(33280K)] 44564K->16768K(83968K), 0.0073155 secs] [Times: user=0.02 sys=0.00, real=0.02 secs] 
2020-10-27T01:26:57.541+0800: 5.642: [GC (Allocation Failure) [PSYoungGen: 31687K->6756K(32256K)] 41856K->16925K(82944K), 0.0093381 secs] [Times: user=0.00 sys=0.00, real=0.00 secs] 
2020-10-27T01:26:57.729+0800: 5.836: [GC (Allocation Failure) [PSYoungGen: 31844K->2304K(33792K)] 42013K->17616K(84480K), 0.0090316 secs] [Times: user=0.00 sys=0.05, real=0.01 secs] 
2020-10-27T01:26:57.979+0800: 6.087: [GC (Allocation Failure) [PSYoungGen: 26368K->1994K(26112K)] 41680K->18715K(76800K), 0.0242472 secs] [Times: user=0.05 sys=0.01, real=0.03 secs] 
2020-10-27T01:26:58.165+0800: 6.263: [GC (Allocation Failure) [PSYoungGen: 26058K->1094K(33280K)] 42779K->19487K(83968K), 0.0062472 secs] [Times: user=0.00 sys=0.00, real=0.01 secs] 
2020-10-27T01:26:58.392+0800: 6.490: [GC (Allocation Failure) [PSYoungGen: 25158K->960K(33280K)] 43551K->19896K(83968K), 0.0069430 secs] [Times: user=0.03 sys=0.00, real=0.01 secs] 
2020-10-27T01:26:58.523+0800: 6.621: [GC (Allocation Failure) [PSYoungGen: 25024K->704K(33280K)] 43960K->20288K(83968K), 0.0074188 secs] [Times: user=0.00 sys=0.00, real=0.01 secs] 
2020-10-27T01:27:06.012+0800: 14.110: [GC (Metadata GC Threshold) [PSYoungGen: 19342K->1310K(33792K)] 38927K->21303K(84480K), 0.0038358 secs] [Times: user=0.00 sys=0.00, real=0.00 secs] 
2020-10-27T01:27:06.016+0800: 14.114: [Full GC (Metadata GC Threshold) [PSYoungGen: 1310K->0K(33792K)] [ParOldGen: 19992K->16429K(75776K)] 21303K->16429K(109568K), [Metaspace: 33822K->33822K(1079296K)], 0.0933827 secs] [Times: user=0.23 sys=0.00, real=0.09 secs] 
2020-10-27T01:27:06.408+0800: 14.506: [GC (Allocation Failure) [PSYoungGen: 25088K->2979K(33792K)] 41517K->19417K(109568K), 0.0053512 secs] [Times: user=0.03 sys=0.00, real=0.01 secs] 
2020-10-27T01:27:08.118+0800: 16.216: [GC (Allocation Failure) [PSYoungGen: 29091K->160K(34304K)] 45529K->18735K(110080K), 0.0040105 secs] [Times: user=0.00 sys=0.00, real=0.00 secs] 
2020-10-27T01:27:09.248+0800: 17.346: [GC (Allocation Failure) [PSYoungGen: 26272K->64K(35328K)] 44847K->18703K(111104K), 0.0034493 secs] [Times: user=0.00 sys=0.00, real=0.00 secs] 
2020-10-27T01:27:12.048+0800: 20.147: [GC (Allocation Failure) [PSYoungGen: 27200K->128K(27648K)] 45839K->18799K(103424K), 0.0020763 secs] [Times: user=0.00 sys=0.00, real=0.00 secs] 
2020-10-27T01:27:13.738+0800: 21.842: [GC (Allocation Failure) [PSYoungGen: 27264K->96K(34816K)] 45935K->18767K(110592K), 0.0021313 secs] [Times: user=0.00 sys=0.00, real=0.00 secs] 
2020-10-27T01:27:14.654+0800: 22.765: [GC (Allocation Failure) [PSYoungGen: 27232K->96K(34816K)] 45903K->18767K(110592K), 0.0024539 secs] [Times: user=0.01 sys=0.02, real=0.02 secs] 
2020-10-27T01:27:15.805+0800: 23.903: [GC (Allocation Failure) [PSYoungGen: 27232K->128K(35328K)] 45903K->18799K(111104K), 0.0030470 secs] [Times: user=0.00 sys=0.00, real=0.00 secs] 
2020-10-27T01:27:17.040+0800: 25.141: [GC (Allocation Failure) [PSYoungGen: 28288K->160K(35328K)] 46959K->18831K(111104K), 0.0023290 secs] [Times: user=0.00 sys=0.00, real=0.00 secs] 
2020-10-27T01:27:18.291+0800: 26.389: [GC (Allocation Failure) [PSYoungGen: 28320K->128K(35840K)] 46991K->18799K(111616K), 0.0025461 secs] [Times: user=0.00 sys=0.00, real=0.00 secs] 
2020-10-27T01:27:19.290+0800: 27.388: [GC (Allocation Failure) [PSYoungGen: 29312K->160K(35840K)] 47983K->18831K(111616K), 0.0020613 secs] [Times: user=0.00 sys=0.00, real=0.00 secs] 
2020-10-27T01:27:19.920+0800: 28.018: [GC (Allocation Failure) [PSYoungGen: 29344K->160K(36352K)] 48015K->18831K(112128K), 0.0023682 secs] [Times: user=0.00 sys=0.00, real=0.00 secs] 
2020-10-27T01:27:20.611+0800: 28.710: [GC (Allocation Failure) [PSYoungGen: 30880K->128K(36352K)] 49551K->18799K(112128K), 0.0041990 secs] [Times: user=0.02 sys=0.00, real=0.00 secs] 
2020-10-27T01:27:21.248+0800: 29.356: [GC (Allocation Failure) [PSYoungGen: 30848K->160K(36864K)] 49519K->18831K(112640K), 0.0020998 secs] [Times: user=0.00 sys=0.00, real=0.00 secs] 
2020-10-27T01:27:21.888+0800: 29.996: [GC (Allocation Failure) [PSYoungGen: 32416K->160K(37376K)] 51087K->18831K(113152K), 0.0023429 secs] [Times: user=0.00 sys=0.00, real=0.00 secs] 
2020-10-27T01:27:22.607+0800: 30.711: [GC (Allocation Failure) [PSYoungGen: 32416K->160K(37376K)] 51087K->18831K(113152K), 0.0024716 secs] [Times: user=0.00 sys=0.00, real=0.00 secs] 
2020-10-27T01:27:23.263+0800: 31.365: [GC (Allocation Failure) [PSYoungGen: 33440K->160K(37888K)] 52111K->18831K(113664K), 0.0023101 secs] [Times: user=0.00 sys=0.00, real=0.00 secs] 
2020-10-27T01:27:23.937+0800: 32.035: [GC (Allocation Failure) [PSYoungGen: 33440K->128K(37888K)] 52111K->18799K(113664K), 0.0022496 secs] [Times: user=0.00 sys=0.00, real=0.00 secs] 
2020-10-27T01:27:24.670+0800: 32.769: [GC (Allocation Failure) [PSYoungGen: 34432K->160K(38400K)] 53103K->18831K(114176K), 0.0020783 secs] [Times: user=0.00 sys=0.00, real=0.00 secs] 
2020-10-27T01:27:25.395+0800: 33.493: [GC (Allocation Failure) [PSYoungGen: 34464K->128K(38400K)] 53135K->18823K(114176K), 0.0020617 secs] [Times: user=0.00 sys=0.00, real=0.00 secs] 
2020-10-27T01:27:26.169+0800: 34.266: [GC (Allocation Failure) [PSYoungGen: 35456K->96K(38912K)] 54151K->18815K(114688K), 0.0021831 secs] [Times: user=0.00 sys=0.00, real=0.00 secs] 
2020-10-27T01:27:26.887+0800: 34.985: [GC (Allocation Failure) [PSYoungGen: 35424K->96K(38912K)] 54143K->18831K(114688K), 0.0020269 secs] [Times: user=0.00 sys=0.00, real=0.00 secs] 
2020-10-27T01:27:27.631+0800: 35.738: [GC (Allocation Failure) [PSYoungGen: 36443K->128K(39424K)] 55179K->18895K(115200K), 0.0020618 secs] [Times: user=0.00 sys=0.00, real=0.00 secs] 
2020-10-27T01:27:28.389+0800: 36.487: [GC (Allocation Failure) [PSYoungGen: 36480K->128K(40448K)] 55247K->18919K(116224K), 0.0024960 secs] [Times: user=0.00 sys=0.00, real=0.00 secs] 
2020-10-27T01:27:29.161+0800: 37.259: [GC (Allocation Failure) [PSYoungGen: 37504K->96K(37888K)] 56295K->18903K(113664K), 0.0021871 secs] [Times: user=0.02 sys=0.00, real=0.00 secs] 
2020-10-27T01:27:29.899+0800: 37.997: [GC (Allocation Failure) [PSYoungGen: 37472K->96K(39936K)] 56279K->18935K(115712K), 0.0020364 secs] [Times: user=0.00 sys=0.00, real=0.00 secs] 
2020-10-27T01:27:30.733+0800: 38.831: [GC (Allocation Failure) [PSYoungGen: 37472K->96K(39936K)] 56311K->18943K(115712K), 0.0024984 secs] [Times: user=0.00 sys=0.00, real=0.00 secs] 
2020-10-27T01:27:31.499+0800: 39.610: [GC (Allocation Failure) [PSYoungGen: 37472K->128K(39936K)] 56319K->18975K(115712K), 0.0027703 secs] [Times: user=0.01 sys=0.00, real=0.02 secs] 
2020-10-27T01:27:32.286+0800: 40.384: [GC (Allocation Failure) [PSYoungGen: 38528K->128K(40448K)] 57375K->18975K(116224K), 0.0022703 secs] [Times: user=0.00 sys=0.00, real=0.00 secs] 
2020-10-27T01:27:33.090+0800: 41.188: [GC (Allocation Failure) [PSYoungGen: 38528K->96K(41472K)] 57375K->18943K(117248K), 0.0022099 secs] [Times: user=0.00 sys=0.00, real=0.00 secs] 
2020-10-27T01:27:33.907+0800: 42.005: [GC (Allocation Failure) [PSYoungGen: 39520K->128K(41472K)] 58367K->18975K(117248K), 0.0020998 secs] [Times: user=0.00 sys=0.00, real=0.00 secs] 
2020-10-27T01:27:34.711+0800: 42.813: [GC (Allocation Failure) [PSYoungGen: 39552K->96K(40448K)] 58399K->18951K(116224K), 0.0024490 secs] [Times: user=0.00 sys=0.00, real=0.00 secs] 
2020-10-27T01:27:35.515+0800: 43.614: [GC (Allocation Failure) [PSYoungGen: 39520K->128K(40960K)] 58375K->18991K(116736K), 0.0022191 secs] [Times: user=0.00 sys=0.00, real=0.00 secs] 
2020-10-27T01:27:36.387+0800: 44.484: [GC (Allocation Failure) [PSYoungGen: 39544K->128K(41984K)] 58407K->18999K(117760K), 0.0020097 secs] [Times: user=0.00 sys=0.00, real=0.00 secs] 
2020-10-27T01:27:37.200+0800: 45.298: [GC (Allocation Failure) [PSYoungGen: 40576K->96K(41984K)] 59447K->18967K(117760K), 0.0020250 secs] [Times: user=0.00 sys=0.00, real=0.00 secs] 
2020-10-27T01:27:38.038+0800: 46.135: [GC (Allocation Failure) [PSYoungGen: 40544K->128K(41984K)] 59415K->18999K(117760K), 0.0020858 secs] [Times: user=0.00 sys=0.00, real=0.00 secs] 
2020-10-27T01:27:38.869+0800: 46.967: [GC (Allocation Failure) [PSYoungGen: 40576K->128K(40960K)] 59447K->18999K(116736K), 0.0019940 secs] [Times: user=0.00 sys=0.00, real=0.00 secs] 
2020-10-27T01:27:39.721+0800: 47.819: [GC (Allocation Failure) [PSYoungGen: 40576K->96K(41472K)] 59447K->18991K(117248K), 0.0022587 secs] [Times: user=0.00 sys=0.00, real=0.00 secs] 
2020-10-27T01:27:40.551+0800: 48.649: [GC (Allocation Failure) [PSYoungGen: 40544K->96K(41472K)] 59439K->18991K(117248K), 0.0021317 secs] [Times: user=0.00 sys=0.00, real=0.00 secs] 
2020-10-27T01:27:41.379+0800: 49.479: [GC (Allocation Failure) [PSYoungGen: 40544K->128K(42496K)] 59439K->19031K(118272K), 0.0021072 secs] [Times: user=0.00 sys=0.00, real=0.00 secs] 
2020-10-27T01:27:42.238+0800: 50.335: [GC (Allocation Failure) [PSYoungGen: 41600K->96K(42496K)] 60503K->18999K(118272K), 0.0019673 secs] [Times: user=0.00 sys=0.00, real=0.00 secs] 
2020-10-27T01:27:43.068+0800: 51.166: [GC (Allocation Failure) [PSYoungGen: 41568K->96K(42496K)] 60471K->19007K(118272K), 0.0020333 secs] [Times: user=0.03 sys=0.00, real=0.00 secs] 
2020-10-27T01:27:43.948+0800: 52.046: [GC (Allocation Failure) [PSYoungGen: 41568K->128K(42496K)] 60479K->19039K(118272K), 0.0024630 secs] [Times: user=0.00 sys=0.00, real=0.00 secs] 
2020-10-27T01:27:45.137+0800: 53.234: [GC (Allocation Failure) [PSYoungGen: 41595K->128K(42496K)] 60506K->19039K(118272K), 0.0018703 secs] [Times: user=0.00 sys=0.00, real=0.00 secs] 
2020-10-27T01:27:45.983+0800: 54.095: [GC (Allocation Failure) [PSYoungGen: 41599K->128K(42496K)] 60510K->19039K(118272K), 0.0021450 secs] [Times: user=0.02 sys=0.00, real=0.02 secs] 
2020-10-27T01:27:46.866+0800: 54.964: [GC (Allocation Failure) [PSYoungGen: 41600K->128K(42496K)] 60511K->19039K(118272K), 0.0021794 secs] [Times: user=0.00 sys=0.00, real=0.00 secs] 
2020-10-27T01:27:47.794+0800: 55.893: [GC (Allocation Failure) [PSYoungGen: 41600K->128K(42496K)] 60511K->19047K(118272K), 0.0028424 secs] [Times: user=0.00 sys=0.00, real=0.00 secs] 
2020-10-27T01:27:48.663+0800: 56.761: [GC (Allocation Failure) [PSYoungGen: 41600K->96K(42496K)] 60519K->19023K(118272K), 0.0019958 secs] [Times: user=0.00 sys=0.00, real=0.00 secs] 
2020-10-27T01:27:49.516+0800: 57.622: [GC (Allocation Failure) [PSYoungGen: 42080K->96K(42496K)] 61007K->19031K(118272K), 0.0024125 secs] [Times: user=0.00 sys=0.00, real=0.00 secs] 
2020-10-27T01:27:50.391+0800: 58.489: [GC (Allocation Failure) [PSYoungGen: 42079K->96K(43008K)] 61014K->19031K(118784K), 0.0021388 secs] [Times: user=0.00 sys=0.00, real=0.00 secs] 
2020-10-27T01:27:51.278+0800: 59.388: [GC (Allocation Failure) [PSYoungGen: 42592K->96K(43008K)] 61527K->19031K(118784K), 0.0337680 secs] [Times: user=0.00 sys=0.00, real=0.03 secs] 
2020-10-27T01:27:52.153+0800: 60.257: [GC (Allocation Failure) [PSYoungGen: 42592K->96K(43008K)] 61527K->19031K(118784K), 0.0019117 secs] [Times: user=0.00 sys=0.00, real=0.00 secs] 
2020-10-27T01:27:52.997+0800: 61.094: [GC (Allocation Failure) [PSYoungGen: 42592K->128K(43008K)] 61527K->19063K(118784K), 0.0019675 secs] [Times: user=0.00 sys=0.00, real=0.00 secs] 
2020-10-27T01:27:53.863+0800: 61.961: [GC (Allocation Failure) [PSYoungGen: 42624K->96K(43008K)] 61559K->19039K(118784K), 0.0019983 secs] [Times: user=0.00 sys=0.00, real=0.00 secs] 
2020-10-27T01:27:54.791+0800: 62.888: [GC (Allocation Failure) [PSYoungGen: 42592K->96K(43008K)] 61535K->19047K(118784K), 0.0019151 secs] [Times: user=0.00 sys=0.00, real=0.00 secs] 
2020-10-27T01:27:55.656+0800: 63.768: [GC (Allocation Failure) [PSYoungGen: 42592K->96K(43008K)] 61543K->19055K(118784K), 0.0019576 secs] [Times: user=0.02 sys=0.00, real=0.02 secs] 
2020-10-27T01:27:56.562+0800: 64.661: [GC (Allocation Failure) [PSYoungGen: 42592K->128K(43008K)] 61551K->19103K(118784K), 0.0019882 secs] [Times: user=0.00 sys=0.00, real=0.00 secs] 
2020-10-27T01:27:57.469+0800: 65.570: [GC (Allocation Failure) [PSYoungGen: 42624K->96K(43008K)] 61599K->19071K(118784K), 0.0020962 secs] [Times: user=0.00 sys=0.00, real=0.00 secs] 
2020-10-27T01:27:58.524+0800: 66.621: [GC (Allocation Failure) [PSYoungGen: 42587K->128K(43008K)] 61563K->19103K(118784K), 0.0021684 secs] [Times: user=0.00 sys=0.00, real=0.00 secs] 
2020-10-27T01:27:59.411+0800: 67.510: [GC (Allocation Failure) [PSYoungGen: 42624K->128K(43008K)] 61599K->19103K(118784K), 0.0029662 secs] [Times: user=0.00 sys=0.00, real=0.00 secs] 
2020-10-27T01:28:00.340+0800: 68.438: [GC (Allocation Failure) [PSYoungGen: 42616K->128K(43008K)] 61592K->19103K(118784K), 0.0020882 secs] [Times: user=0.00 sys=0.00, real=0.00 secs] 
2020-10-27T01:28:01.237+0800: 69.349: [GC (Allocation Failure) [PSYoungGen: 42624K->96K(43008K)] 61599K->19071K(118784K), 0.0019853 secs] [Times: user=0.02 sys=0.00, real=0.02 secs] 
2020-10-27T01:28:02.080+0800: 70.183: [GC (Allocation Failure) [PSYoungGen: 42592K->128K(43008K)] 61567K->19103K(118784K), 0.0020851 secs] [Times: user=0.00 sys=0.00, real=0.00 secs] 
2020-10-27T01:28:02.955+0800: 71.065: [GC (Allocation Failure) [PSYoungGen: 42624K->96K(43008K)] 61599K->19071K(118784K), 0.0019382 secs] [Times: user=0.00 sys=0.00, real=0.00 secs] 
2020-10-27T01:28:03.861+0800: 71.972: [GC (Allocation Failure) [PSYoungGen: 42592K->128K(43008K)] 61567K->19103K(118784K), 0.0018815 secs] [Times: user=0.00 sys=0.00, real=0.00 secs] 
2020-10-27T01:28:04.724+0800: 72.825: [GC (Allocation Failure) [PSYoungGen: 42624K->128K(43008K)] 61599K->19119K(118784K), 0.0019962 secs] [Times: user=0.00 sys=0.00, real=0.00 secs] 
2020-10-27T01:28:05.643+0800: 73.741: [GC (Allocation Failure) [PSYoungGen: 42624K->128K(43008K)] 61615K->19119K(118784K), 0.0019035 secs] [Times: user=0.00 sys=0.00, real=0.00 secs] 
Heap
 PSYoungGen      total 43008K, used 17606K [0x00000000fd580000, 0x0000000100000000, 0x0000000100000000)
  eden space 42496K, 41% used [0x00000000fd580000,0x00000000fe691808,0x00000000fff00000)
  from space 512K, 25% used [0x00000000fff00000,0x00000000fff20000,0x00000000fff80000)
  to   space 512K, 0% used [0x00000000fff80000,0x00000000fff80000,0x0000000100000000)
 ParOldGen       total 75776K, used 18991K [0x00000000f8000000, 0x00000000fca00000, 0x00000000fd580000)
  object space 75776K, 25% used [0x00000000f8000000,0x00000000f928bf10,0x00000000fca00000)
 Metaspace       used 36342K, capacity 37988K, committed 38184K, reserved 1083392K
  class space    used 4566K, capacity 4875K, committed 4904K, reserved 1048576K
