Java HotSpot(TM) 64-Bit Server VM (25.231-b11) for windows-amd64 JRE (1.8.0_231-b11), built on Oct  5 2019 03:11:30 by "java_re" with MS VC++ 10.0 (VS2010)
Memory: 4k page, physical 8086332k(4392684k free), swap 16212796k(12088928k free)
CommandLine flags: -XX:InitialHeapSize=129381312 -XX:MaxHeapSize=2147483648 -XX:+PrintGC -XX:+PrintGCDateStamps -XX:+PrintGCDetails -XX:+PrintGCTimeStamps -XX:+UseCompressedClassPointers -XX:+UseCompressedOops -XX:-UseLargePagesIndividualAllocation -XX:+UseSerialGC 
2020-10-27T01:32:26.134+0800: 0.747: [GC (Allocation Failure) 2020-10-27T01:32:26.134+0800: 0.747: [DefNew: 33856K->3446K(38080K), 0.0098295 secs] 33856K->3446K(122752K), 0.0100358 secs] [Times: user=0.00 sys=0.00, real=0.01 secs] 
2020-10-27T01:32:26.438+0800: 1.051: [GC (Allocation Failure) 2020-10-27T01:32:26.439+0800: 1.051: [DefNew: 37302K->1691K(38080K), 0.0092905 secs] 37302K->3926K(122752K), 0.0093642 secs] [Times: user=0.02 sys=0.00, real=0.01 secs] 
2020-10-27T01:32:26.680+0800: 1.293: [GC (Allocation Failure) 2020-10-27T01:32:26.681+0800: 1.293: [DefNew: 35547K->2441K(38080K), 0.0076333 secs] 37782K->4676K(122752K), 0.0077192 secs] [Times: user=0.00 sys=0.00, real=0.01 secs] 
2020-10-27T01:32:26.886+0800: 1.498: [GC (Allocation Failure) 2020-10-27T01:32:26.886+0800: 1.498: [DefNew: 36297K->2140K(38080K), 0.0095011 secs] 38532K->4956K(122752K), 0.0095742 secs] [Times: user=0.00 sys=0.00, real=0.01 secs] 
2020-10-27T01:32:27.131+0800: 1.744: [GC (Allocation Failure) 2020-10-27T01:32:27.131+0800: 1.744: [DefNew: 35996K->2287K(38080K), 0.0078846 secs] 38812K->5676K(122752K), 0.0079661 secs] [Times: user=0.05 sys=0.00, real=0.01 secs] 
2020-10-27T01:32:27.372+0800: 1.985: [GC (Allocation Failure) 2020-10-27T01:32:27.372+0800: 1.985: [DefNew: 36143K->3017K(38080K), 0.0091683 secs] 39532K->7068K(122752K), 0.0092519 secs] [Times: user=0.03 sys=0.00, real=0.01 secs] 
2020-10-27T01:32:27.746+0800: 2.359: [Full GC (Metadata GC Threshold) 2020-10-27T01:32:27.746+0800: 2.359: [Tenured: 4051K->7040K(84672K), 0.0453581 secs] 37907K->7040K(122752K), [Metaspace: 20500K->20500K(1067008K)], 0.0454732 secs] [Times: user=0.14 sys=0.00, real=0.04 secs] 
2020-10-27T01:32:28.327+0800: 2.940: [GC (Allocation Failure) 2020-10-27T01:32:28.327+0800: 2.940: [DefNew: 33920K->1533K(38144K), 0.0072923 secs] 40960K->8573K(122816K), 0.0074416 secs] [Times: user=0.03 sys=0.00, real=0.01 secs] 
2020-10-27T01:32:28.955+0800: 3.568: [GC (Allocation Failure) 2020-10-27T01:32:28.955+0800: 3.568: [DefNew: 35453K->3701K(38144K), 0.0105321 secs] 42493K->10741K(122816K), 0.0106097 secs] [Times: user=0.05 sys=0.00, real=0.01 secs] 
2020-10-27T01:32:29.409+0800: 4.022: [GC (Allocation Failure) 2020-10-27T01:32:29.409+0800: 4.022: [DefNew: 37621K->1721K(38144K), 0.0133191 secs] 44661K->11283K(122816K), 0.0134081 secs] [Times: user=0.03 sys=0.00, real=0.01 secs] 
2020-10-27T01:32:29.685+0800: 4.297: [GC (Allocation Failure) 2020-10-27T01:32:29.685+0800: 4.298: [DefNew: 35641K->2146K(38144K), 0.0064719 secs] 45203K->11708K(122816K), 0.0065489 secs] [Times: user=0.00 sys=0.00, real=0.01 secs] 
2020-10-27T01:32:30.429+0800: 5.041: [GC (Allocation Failure) 2020-10-27T01:32:30.429+0800: 5.041: [DefNew: 36066K->2451K(38144K), 0.0107495 secs] 45628K->12738K(122816K), 0.0108434 secs] [Times: user=0.00 sys=0.00, real=0.01 secs] 
2020-10-27T01:32:30.862+0800: 5.475: [GC (Allocation Failure) 2020-10-27T01:32:30.862+0800: 5.475: [DefNew: 36371K->4224K(38144K), 0.0170536 secs] 46658K->17975K(122816K), 0.0171386 secs] [Times: user=0.03 sys=0.00, real=0.02 secs] 
2020-10-27T01:32:31.205+0800: 5.830: [GC (Allocation Failure) 2020-10-27T01:32:31.205+0800: 5.830: [DefNew: 38144K->1397K(38144K), 0.0103428 secs] 51895K->19355K(122816K), 0.0104240 secs] [Times: user=0.02 sys=0.00, real=0.02 secs] 
2020-10-27T01:32:31.393+0800: 6.016: [GC (Allocation Failure) 2020-10-27T01:32:31.393+0800: 6.016: [DefNew: 35317K->1814K(38144K), 0.0093989 secs] 53275K->19771K(122816K), 0.0094879 secs] [Times: user=0.03 sys=0.00, real=0.02 secs] 
2020-10-27T01:32:31.643+0800: 6.266: [GC (Allocation Failure) 2020-10-27T01:32:31.643+0800: 6.266: [DefNew: 35734K->3301K(38144K), 0.0080770 secs] 53691K->21258K(122816K), 0.0082113 secs] [Times: user=0.01 sys=0.00, real=0.02 secs] 
2020-10-27T01:32:31.877+0800: 6.492: [GC (Allocation Failure) 2020-10-27T01:32:31.877+0800: 6.492: [DefNew: 37221K->2685K(38144K), 0.0160358 secs] 55178K->22292K(122816K), 0.0161288 secs] [Times: user=0.03 sys=0.00, real=0.02 secs] 
2020-10-27T01:32:32.080+0800: 6.705: [GC (Allocation Failure) 2020-10-27T01:32:32.080+0800: 6.705: [DefNew: 36605K->1786K(38144K), 0.0119662 secs] 56212K->22721K(122816K), 0.0120527 secs] [Times: user=0.05 sys=0.00, real=0.02 secs] 
2020-10-27T01:32:39.458+0800: 14.071: [Full GC (Metadata GC Threshold) 2020-10-27T01:32:39.458+0800: 14.071: [Tenured: 20935K->21787K(84672K), 0.0636152 secs] 42052K->21787K(122816K), [Metaspace: 33886K->33886K(1079296K)], 0.0637154 secs] [Times: user=0.06 sys=0.00, real=0.06 secs] 
2020-10-27T01:32:40.759+0800: 15.372: [GC (Allocation Failure) 2020-10-27T01:32:40.759+0800: 15.372: [DefNew: 33920K->2619K(38144K), 0.0089567 secs] 55707K->24407K(122816K), 0.0090755 secs] [Times: user=0.00 sys=0.00, real=0.01 secs] 
2020-10-27T01:32:42.704+0800: 17.329: [GC (Allocation Failure) 2020-10-27T01:32:42.704+0800: 17.329: [DefNew: 36539K->31K(38144K), 0.0071331 secs] 58327K->23915K(122816K), 0.0072376 secs] [Times: user=0.03 sys=0.00, real=0.02 secs] 
2020-10-27T01:32:45.657+0800: 20.270: [GC (Allocation Failure) 2020-10-27T01:32:45.657+0800: 20.270: [DefNew: 33951K->90K(38144K), 0.0039254 secs] 57835K->23974K(122816K), 0.0040329 secs] [Times: user=0.00 sys=0.00, real=0.00 secs] 
2020-10-27T01:32:47.863+0800: 22.475: [GC (Allocation Failure) 2020-10-27T01:32:47.863+0800: 22.475: [DefNew: 34010K->89K(38144K), 0.0043795 secs] 57894K->23973K(122816K), 0.0044915 secs] [Times: user=0.03 sys=0.00, real=0.00 secs] 
2020-10-27T01:32:49.203+0800: 23.823: [GC (Allocation Failure) 2020-10-27T01:32:49.203+0800: 23.823: [DefNew: 34009K->86K(38144K), 0.0047413 secs] 57893K->23970K(122816K), 0.0048418 secs] [Times: user=0.00 sys=0.00, real=0.00 secs] 
2020-10-27T01:32:50.897+0800: 25.510: [GC (Allocation Failure) 2020-10-27T01:32:50.897+0800: 25.510: [DefNew: 34006K->103K(38144K), 0.0041020 secs] 57890K->23987K(122816K), 0.0042062 secs] [Times: user=0.00 sys=0.00, real=0.00 secs] 
2020-10-27T01:32:52.233+0800: 26.856: [GC (Allocation Failure) 2020-10-27T01:32:52.233+0800: 26.856: [DefNew: 34023K->118K(38144K), 0.0035814 secs] 57907K->24002K(122816K), 0.0036858 secs] [Times: user=0.00 sys=0.00, real=0.00 secs] 
2020-10-27T01:32:53.217+0800: 27.844: [GC (Allocation Failure) 2020-10-27T01:32:53.217+0800: 27.844: [DefNew: 34038K->128K(38144K), 0.0040285 secs] 57922K->24012K(122816K), 0.0041316 secs] [Times: user=0.01 sys=0.00, real=0.02 secs] 
2020-10-27T01:32:53.877+0800: 28.502: [GC (Allocation Failure) 2020-10-27T01:32:53.877+0800: 28.502: [DefNew: 34048K->130K(38144K), 0.0042681 secs] 57932K->24014K(122816K), 0.0043726 secs] [Times: user=0.02 sys=0.00, real=0.01 secs] 
2020-10-27T01:32:54.603+0800: 29.215: [GC (Allocation Failure) 2020-10-27T01:32:54.603+0800: 29.215: [DefNew: 34050K->118K(38144K), 0.0041553 secs] 57934K->24002K(122816K), 0.0042564 secs] [Times: user=0.00 sys=0.00, real=0.00 secs] 
2020-10-27T01:32:55.267+0800: 29.885: [GC (Allocation Failure) 2020-10-27T01:32:55.267+0800: 29.885: [DefNew: 34038K->127K(38144K), 0.0044982 secs] 57922K->24011K(122816K), 0.0045981 secs] [Times: user=0.00 sys=0.00, real=0.00 secs] 
2020-10-27T01:32:55.908+0800: 30.527: [GC (Allocation Failure) 2020-10-27T01:32:55.908+0800: 30.527: [DefNew: 34047K->121K(38144K), 0.0039404 secs] 57931K->24005K(122816K), 0.0040384 secs] [Times: user=0.00 sys=0.00, real=0.00 secs] 
2020-10-27T01:32:56.533+0800: 31.151: [GC (Allocation Failure) 2020-10-27T01:32:56.533+0800: 31.151: [DefNew: 34041K->145K(38144K), 0.0041244 secs] 57925K->24029K(122816K), 0.0042249 secs] [Times: user=0.00 sys=0.00, real=0.00 secs] 
2020-10-27T01:32:57.158+0800: 31.776: [GC (Allocation Failure) 2020-10-27T01:32:57.158+0800: 31.776: [DefNew: 34065K->121K(38144K), 0.0040596 secs] 57949K->24005K(122816K), 0.0041599 secs] [Times: user=0.00 sys=0.00, real=0.00 secs] 
2020-10-27T01:32:57.783+0800: 32.410: [GC (Allocation Failure) 2020-10-27T01:32:57.783+0800: 32.410: [DefNew: 34041K->124K(38144K), 0.0044193 secs] 57925K->24008K(122816K), 0.0045123 secs] [Times: user=0.02 sys=0.00, real=0.02 secs] 
2020-10-27T01:32:58.432+0800: 33.045: [GC (Allocation Failure) 2020-10-27T01:32:58.432+0800: 33.045: [DefNew: 34044K->122K(38144K), 0.0043690 secs] 57928K->24006K(122816K), 0.0044692 secs] [Times: user=0.00 sys=0.00, real=0.01 secs] 
2020-10-27T01:32:59.054+0800: 33.667: [GC (Allocation Failure) 2020-10-27T01:32:59.055+0800: 33.667: [DefNew: 34042K->95K(38144K), 0.0035339 secs] 57926K->24004K(122816K), 0.0036256 secs] [Times: user=0.00 sys=0.00, real=0.00 secs] 
2020-10-27T01:32:59.712+0800: 34.324: [GC (Allocation Failure) 2020-10-27T01:32:59.712+0800: 34.324: [DefNew: 34015K->70K(38144K), 0.0042487 secs] 57924K->24006K(122816K), 0.0043479 secs] [Times: user=0.00 sys=0.00, real=0.00 secs] 
2020-10-27T01:33:00.360+0800: 34.972: [GC (Allocation Failure) 2020-10-27T01:33:00.360+0800: 34.972: [DefNew: 33990K->62K(38144K), 0.0036983 secs] 57926K->24006K(122816K), 0.0037912 secs] [Times: user=0.00 sys=0.00, real=0.00 secs] 
2020-10-27T01:33:01.029+0800: 35.642: [GC (Allocation Failure) 2020-10-27T01:33:01.029+0800: 35.642: [DefNew: 33982K->67K(38144K), 0.0040941 secs] 57926K->24014K(122816K), 0.0041989 secs] [Times: user=0.00 sys=0.00, real=0.00 secs] 
2020-10-27T01:33:01.688+0800: 36.300: [GC (Allocation Failure) 2020-10-27T01:33:01.688+0800: 36.300: [DefNew: 33987K->46K(38144K), 0.0037863 secs] 57934K->24012K(122816K), 0.0038779 secs] [Times: user=0.00 sys=0.00, real=0.00 secs] 
2020-10-27T01:33:02.351+0800: 36.974: [GC (Allocation Failure) 2020-10-27T01:33:02.351+0800: 36.974: [DefNew: 33966K->33K(38144K), 0.0038149 secs] 57932K->24011K(122816K), 0.0039085 secs] [Times: user=0.00 sys=0.00, real=0.00 secs] 
2020-10-27T01:33:03.007+0800: 37.620: [GC (Allocation Failure) 2020-10-27T01:33:03.007+0800: 37.620: [DefNew: 33953K->28K(38144K), 0.0036345 secs] 57931K->24010K(122816K), 0.0037291 secs] [Times: user=0.00 sys=0.00, real=0.00 secs] 
2020-10-27T01:33:03.679+0800: 38.303: [GC (Allocation Failure) 2020-10-27T01:33:03.679+0800: 38.303: [DefNew: 33948K->27K(38144K), 0.0034129 secs] 57930K->24009K(122816K), 0.0035094 secs] [Times: user=0.00 sys=0.00, real=0.00 secs] 
2020-10-27T01:33:04.272+0800: 38.899: [GC (Allocation Failure) 2020-10-27T01:33:04.272+0800: 38.899: [DefNew: 33947K->27K(38144K), 0.0030659 secs] 57929K->24009K(122816K), 0.0031635 secs] [Times: user=0.01 sys=0.00, real=0.02 secs] 
2020-10-27T01:33:04.902+0800: 39.524: [GC (Allocation Failure) 2020-10-27T01:33:04.902+0800: 39.524: [DefNew: 33947K->29K(38144K), 0.0037992 secs] 57929K->24011K(122816K), 0.0039013 secs] [Times: user=0.00 sys=0.00, real=0.00 secs] 
2020-10-27T01:33:05.561+0800: 40.173: [GC (Allocation Failure) 2020-10-27T01:33:05.561+0800: 40.173: [DefNew: 33949K->25K(38144K), 0.0032790 secs] 57931K->24007K(122816K), 0.0033739 secs] [Times: user=0.00 sys=0.00, real=0.00 secs] 
2020-10-27T01:33:06.249+0800: 40.862: [GC (Allocation Failure) 2020-10-27T01:33:06.250+0800: 40.862: [DefNew: 33939K->39K(38144K), 0.0034591 secs] 57921K->24021K(122816K), 0.0035662 secs] [Times: user=0.00 sys=0.00, real=0.00 secs] 
2020-10-27T01:33:06.907+0800: 41.519: [GC (Allocation Failure) 2020-10-27T01:33:06.907+0800: 41.519: [DefNew: 33959K->26K(38144K), 0.0032018 secs] 57941K->24009K(122816K), 0.0033096 secs] [Times: user=0.00 sys=0.00, real=0.00 secs] 
2020-10-27T01:33:07.568+0800: 42.180: [GC (Allocation Failure) 2020-10-27T01:33:07.568+0800: 42.180: [DefNew: 33946K->26K(38144K), 0.0032008 secs] 57929K->24009K(122816K), 0.0033047 secs] [Times: user=0.01 sys=0.00, real=0.00 secs] 
2020-10-27T01:33:08.215+0800: 42.828: [GC (Allocation Failure) 2020-10-27T01:33:08.215+0800: 42.828: [DefNew: 33946K->38K(38144K), 0.0028754 secs] 57929K->24021K(122816K), 0.0029453 secs] [Times: user=0.00 sys=0.00, real=0.00 secs] 
2020-10-27T01:33:08.840+0800: 43.452: [GC (Allocation Failure) 2020-10-27T01:33:08.840+0800: 43.452: [DefNew: 33958K->39K(38144K), 0.0031719 secs] 57941K->24021K(122816K), 0.0032727 secs] [Times: user=0.00 sys=0.00, real=0.00 secs] 
2020-10-27T01:33:09.527+0800: 44.140: [GC (Allocation Failure) 2020-10-27T01:33:09.527+0800: 44.140: [DefNew: 33959K->24K(38144K), 0.0028902 secs] 57941K->24007K(122816K), 0.0029880 secs] [Times: user=0.00 sys=0.00, real=0.00 secs] 
2020-10-27T01:33:10.157+0800: 44.784: [GC (Allocation Failure) 2020-10-27T01:33:10.157+0800: 44.784: [DefNew: 33944K->38K(38144K), 0.0036406 secs] 57927K->24021K(122816K), 0.0037429 secs] [Times: user=0.02 sys=0.00, real=0.02 secs] 
2020-10-27T01:33:10.798+0800: 45.415: [GC (Allocation Failure) 2020-10-27T01:33:10.798+0800: 45.415: [DefNew: 33958K->23K(38144K), 0.0030015 secs] 57941K->24006K(122816K), 0.0031006 secs] [Times: user=0.00 sys=0.00, real=0.00 secs] 
2020-10-27T01:33:11.407+0800: 46.033: [GC (Allocation Failure) 2020-10-27T01:33:11.407+0800: 46.033: [DefNew: 33943K->33K(38144K), 0.0032358 secs] 57926K->24018K(122816K), 0.0033320 secs] [Times: user=0.02 sys=0.00, real=0.01 secs] 
2020-10-27T01:33:12.014+0800: 46.627: [GC (Allocation Failure) 2020-10-27T01:33:12.014+0800: 46.627: [DefNew: 33953K->24K(38144K), 0.0030895 secs] 57938K->24010K(122816K), 0.0031762 secs] [Times: user=0.00 sys=0.00, real=0.00 secs] 
2020-10-27T01:33:12.695+0800: 47.307: [GC (Allocation Failure) 2020-10-27T01:33:12.695+0800: 47.307: [DefNew: 33944K->33K(38144K), 0.0034252 secs] 57930K->24022K(122816K), 0.0035273 secs] [Times: user=0.00 sys=0.00, real=0.00 secs] 
2020-10-27T01:33:13.326+0800: 47.948: [GC (Allocation Failure) 2020-10-27T01:33:13.326+0800: 47.948: [DefNew: 33953K->36K(38144K), 0.0031448 secs] 57942K->24024K(122816K), 0.0032361 secs] [Times: user=0.00 sys=0.00, real=0.00 secs] 
2020-10-27T01:33:13.935+0800: 48.560: [GC (Allocation Failure) 2020-10-27T01:33:13.935+0800: 48.560: [DefNew: 33956K->23K(38144K), 0.0027336 secs] 57944K->24012K(122816K), 0.0028193 secs] [Times: user=0.00 sys=0.00, real=0.00 secs] 
2020-10-27T01:33:14.598+0800: 49.211: [GC (Allocation Failure) 2020-10-27T01:33:14.598+0800: 49.211: [DefNew: 33943K->23K(38144K), 0.0032001 secs] 57932K->24011K(122816K), 0.0032945 secs] [Times: user=0.02 sys=0.00, real=0.00 secs] 
2020-10-27T01:33:15.208+0800: 49.825: [GC (Allocation Failure) 2020-10-27T01:33:15.208+0800: 49.825: [DefNew: 33943K->21K(38144K), 0.0031855 secs] 57931K->24010K(122816K), 0.0032958 secs] [Times: user=0.00 sys=0.00, real=0.00 secs] 
2020-10-27T01:33:15.864+0800: 50.489: [GC (Allocation Failure) 2020-10-27T01:33:15.864+0800: 50.489: [DefNew: 33941K->21K(38144K), 0.0029933 secs] 57930K->24010K(122816K), 0.0030997 secs] [Times: user=0.00 sys=0.00, real=0.00 secs] 
2020-10-27T01:33:16.473+0800: 51.086: [GC (Allocation Failure) 2020-10-27T01:33:16.473+0800: 51.086: [DefNew: 33941K->21K(38144K), 0.0030295 secs] 57930K->24009K(122816K), 0.0031249 secs] [Times: user=0.00 sys=0.00, real=0.00 secs] 
2020-10-27T01:33:17.067+0800: 51.688: [GC (Allocation Failure) 2020-10-27T01:33:17.067+0800: 51.689: [DefNew: 33941K->25K(38144K), 0.0034510 secs] 57929K->24014K(122816K), 0.0035533 secs] [Times: user=0.00 sys=0.00, real=0.00 secs] 
2020-10-27T01:33:17.676+0800: 52.295: [GC (Allocation Failure) 2020-10-27T01:33:17.676+0800: 52.295: [DefNew: 33945K->28K(38144K), 0.0034012 secs] 57934K->24017K(122816K), 0.0035077 secs] [Times: user=0.00 sys=0.00, real=0.00 secs] 
2020-10-27T01:33:18.324+0800: 52.937: [GC (Allocation Failure) 2020-10-27T01:33:18.324+0800: 52.937: [DefNew: 33948K->26K(38144K), 0.0033509 secs] 57937K->24015K(122816K), 0.0034556 secs] [Times: user=0.00 sys=0.00, real=0.00 secs] 
2020-10-27T01:33:19.008+0800: 53.621: [GC (Allocation Failure) 2020-10-27T01:33:19.008+0800: 53.621: [DefNew: 33946K->23K(38144K), 0.0032234 secs] 57935K->24012K(122816K), 0.0033251 secs] [Times: user=0.00 sys=0.00, real=0.00 secs] 
2020-10-27T01:33:19.639+0800: 54.251: [GC (Allocation Failure) 2020-10-27T01:33:19.639+0800: 54.251: [DefNew: 33943K->22K(38144K), 0.0030075 secs] 57932K->24011K(122816K), 0.0030943 secs] [Times: user=0.00 sys=0.00, real=0.00 secs] 
2020-10-27T01:33:20.281+0800: 54.893: [GC (Allocation Failure) 2020-10-27T01:33:20.281+0800: 54.893: [DefNew: 33942K->34K(38144K), 0.0029528 secs] 57931K->24023K(122816K), 0.0030384 secs] [Times: user=0.00 sys=0.00, real=0.00 secs] 
2020-10-27T01:33:20.930+0800: 55.542: [GC (Allocation Failure) 2020-10-27T01:33:20.930+0800: 55.542: [DefNew: 33954K->22K(38144K), 0.0029752 secs] 57943K->24011K(122816K), 0.0030768 secs] [Times: user=0.00 sys=0.00, real=0.00 secs] 
2020-10-27T01:33:21.545+0800: 56.165: [GC (Allocation Failure) 2020-10-27T01:33:21.545+0800: 56.165: [DefNew: 33942K->21K(38144K), 0.0032638 secs] 57931K->24011K(122816K), 0.0034228 secs] [Times: user=0.00 sys=0.00, real=0.00 secs] 
2020-10-27T01:33:22.211+0800: 56.824: [GC (Allocation Failure) 2020-10-27T01:33:22.212+0800: 56.824: [DefNew: 33941K->22K(38144K), 0.0032491 secs] 57931K->24011K(122816K), 0.0033519 secs] [Times: user=0.00 sys=0.00, real=0.00 secs] 
2020-10-27T01:33:22.883+0800: 57.496: [GC (Allocation Failure) 2020-10-27T01:33:22.883+0800: 57.496: [DefNew: 33942K->47K(38144K), 0.0033952 secs] 57931K->24036K(122816K), 0.0034893 secs] [Times: user=0.00 sys=0.00, real=0.00 secs] 
2020-10-27T01:33:23.493+0800: 58.114: [GC (Allocation Failure) 2020-10-27T01:33:23.493+0800: 58.114: [DefNew: 33967K->23K(38144K), 0.0031590 secs] 57956K->24012K(122816K), 0.0032665 secs] [Times: user=0.00 sys=0.00, real=0.00 secs] 
2020-10-27T01:33:24.109+0800: 58.722: [GC (Allocation Failure) 2020-10-27T01:33:24.109+0800: 58.722: [DefNew: 33943K->25K(38144K), 0.0031451 secs] 57932K->24014K(122816K), 0.0032536 secs] [Times: user=0.00 sys=0.00, real=0.00 secs] 
2020-10-27T01:33:24.789+0800: 59.401: [GC (Allocation Failure) 2020-10-27T01:33:24.789+0800: 59.402: [DefNew: 33945K->21K(38144K), 0.0026458 secs] 57934K->24010K(122816K), 0.0027325 secs] [Times: user=0.00 sys=0.00, real=0.00 secs] 
2020-10-27T01:33:25.405+0800: 60.031: [GC (Allocation Failure) 2020-10-27T01:33:25.405+0800: 60.031: [DefNew: 33941K->31K(38144K), 0.0031161 secs] 57930K->24021K(122816K), 0.0032087 secs] [Times: user=0.02 sys=0.00, real=0.02 secs] 
2020-10-27T01:33:26.061+0800: 60.682: [GC (Allocation Failure) 2020-10-27T01:33:26.061+0800: 60.682: [DefNew: 33951K->21K(38144K), 0.0030793 secs] 57941K->24011K(122816K), 0.0031816 secs] [Times: user=0.00 sys=0.00, real=0.00 secs] 
2020-10-27T01:33:26.670+0800: 61.289: [GC (Allocation Failure) 2020-10-27T01:33:26.670+0800: 61.289: [DefNew: 33941K->34K(38144K), 0.0032566 secs] 57931K->24024K(122816K), 0.0033669 secs] [Times: user=0.00 sys=0.00, real=0.00 secs] 
2020-10-27T01:33:27.264+0800: 61.889: [GC (Allocation Failure) 2020-10-27T01:33:27.264+0800: 61.889: [DefNew: 33954K->31K(38144K), 0.0030508 secs] 57944K->24023K(122816K), 0.0031477 secs] [Times: user=0.00 sys=0.01, real=0.02 secs] 
2020-10-27T01:33:27.936+0800: 62.550: [GC (Allocation Failure) 2020-10-27T01:33:27.936+0800: 62.550: [DefNew: 33951K->20K(38144K), 0.0028547 secs] 57943K->24011K(122816K), 0.0029399 secs] [Times: user=0.00 sys=0.00, real=0.00 secs] 
2020-10-27T01:33:28.569+0800: 63.182: [GC (Allocation Failure) 2020-10-27T01:33:28.569+0800: 63.182: [DefNew: 33940K->20K(38144K), 0.0030763 secs] 57931K->24011K(122816K), 0.0032032 secs] [Times: user=0.02 sys=0.00, real=0.00 secs] 
2020-10-27T01:33:29.212+0800: 63.825: [GC (Allocation Failure) 2020-10-27T01:33:29.212+0800: 63.825: [DefNew: 33940K->22K(38144K), 0.0030411 secs] 57931K->24013K(122816K), 0.0031457 secs] [Times: user=0.00 sys=0.00, real=0.00 secs] 
2020-10-27T01:33:29.839+0800: 64.452: [GC (Allocation Failure) 2020-10-27T01:33:29.839+0800: 64.452: [DefNew: 33942K->22K(38144K), 0.0029925 secs] 57933K->24013K(122816K), 0.0030895 secs] [Times: user=0.00 sys=0.00, real=0.00 secs] 
2020-10-27T01:33:30.487+0800: 65.099: [GC (Allocation Failure) 2020-10-27T01:33:30.487+0800: 65.099: [DefNew: 33942K->16K(38144K), 0.0028585 secs] 57933K->24008K(122816K), 0.0029554 secs] [Times: user=0.00 sys=0.00, real=0.00 secs] 
2020-10-27T01:33:31.184+0800: 65.797: [GC (Allocation Failure) 2020-10-27T01:33:31.184+0800: 65.797: [DefNew: 33935K->20K(38144K), 0.0028358 secs] 57926K->24012K(122816K), 0.0029420 secs] [Times: user=0.00 sys=0.00, real=0.00 secs] 
2020-10-27T01:33:31.793+0800: 66.412: [GC (Allocation Failure) 2020-10-27T01:33:31.793+0800: 66.412: [DefNew: 33940K->21K(38144K), 0.0030876 secs] 57932K->24012K(122816K), 0.0031896 secs] [Times: user=0.00 sys=0.00, real=0.00 secs] 
2020-10-27T01:33:32.418+0800: 67.040: [GC (Allocation Failure) 2020-10-27T01:33:32.418+0800: 67.040: [DefNew: 33941K->45K(38144K), 0.0029826 secs] 57932K->24036K(122816K), 0.0030816 secs] [Times: user=0.00 sys=0.00, real=0.00 secs] 
2020-10-27T01:33:33.027+0800: 67.651: [GC (Allocation Failure) 2020-10-27T01:33:33.027+0800: 67.652: [DefNew: 33965K->33K(38144K), 0.0029554 secs] 57956K->24024K(122816K), 0.0030553 secs] [Times: user=0.00 sys=0.00, real=0.00 secs] 
2020-10-27T01:33:33.621+0800: 68.240: [GC (Allocation Failure) 2020-10-27T01:33:33.621+0800: 68.240: [DefNew: 33952K->20K(38144K), 0.0031057 secs] 57944K->24012K(122816K), 0.0032006 secs] [Times: user=0.00 sys=0.00, real=0.00 secs] 
2020-10-27T01:33:34.277+0800: 68.900: [GC (Allocation Failure) 2020-10-27T01:33:34.277+0800: 68.900: [DefNew: 33933K->20K(38144K), 0.0029304 secs] 57924K->24012K(122816K), 0.0030256 secs] [Times: user=0.00 sys=0.00, real=0.00 secs] 
2020-10-27T01:33:34.930+0800: 69.550: [GC (Allocation Failure) 2020-10-27T01:33:34.930+0800: 69.550: [DefNew: 33940K->24K(38144K), 0.0032570 secs] 57932K->24015K(122816K), 0.0033509 secs] [Times: user=0.00 sys=0.00, real=0.00 secs] 
2020-10-27T01:33:35.559+0800: 70.172: [GC (Allocation Failure) 2020-10-27T01:33:35.559+0800: 70.172: [DefNew: 33944K->22K(38144K), 0.0029304 secs] 57935K->24013K(122816K), 0.0030219 secs] [Times: user=0.00 sys=0.00, real=0.00 secs] 
2020-10-27T01:33:36.211+0800: 70.823: [GC (Allocation Failure) 2020-10-27T01:33:36.211+0800: 70.823: [DefNew: 33934K->22K(38144K), 0.0033507 secs] 57926K->24014K(122816K), 0.0034490 secs] [Times: user=0.00 sys=0.00, real=0.00 secs] 
2020-10-27T01:33:36.886+0800: 71.498: [GC (Allocation Failure) 2020-10-27T01:33:36.886+0800: 71.498: [DefNew: 33942K->34K(38144K), 0.0031242 secs] 57934K->24025K(122816K), 0.0032237 secs] [Times: user=0.00 sys=0.00, real=0.00 secs] 
2020-10-27T01:33:37.494+0800: 72.120: [GC (Allocation Failure) 2020-10-27T01:33:37.494+0800: 72.120: [DefNew: 33954K->21K(38144K), 0.0029362 secs] 57945K->24012K(122816K), 0.0030355 secs] [Times: user=0.01 sys=0.00, real=0.02 secs] 
2020-10-27T01:33:38.122+0800: 72.735: [GC (Allocation Failure) 2020-10-27T01:33:38.122+0800: 72.735: [DefNew: 33941K->21K(38144K), 0.0029629 secs] 57932K->24012K(122816K), 0.0030550 secs] [Times: user=0.00 sys=0.00, real=0.00 secs] 
2020-10-27T01:33:38.752+0800: 73.364: [GC (Allocation Failure) 2020-10-27T01:33:38.752+0800: 73.365: [DefNew: 33941K->22K(38144K), 0.0031784 secs] 57932K->24014K(122816K), 0.0032872 secs] [Times: user=0.00 sys=0.00, real=0.00 secs] 
2020-10-27T01:33:43.095+0800: 77.708: [GC (Allocation Failure) 2020-10-27T01:33:43.095+0800: 77.708: [DefNew: 33942K->60K(38144K), 0.0036824 secs] 57934K->24052K(122816K), 0.0037546 secs] [Times: user=0.00 sys=0.00, real=0.00 secs] 
Heap
 def new generation   total 38144K, used 123K [0x0000000080000000, 0x0000000082960000, 0x00000000aaaa0000)
  eden space 33920K,   0% used [0x0000000080000000, 0x000000008000fde8, 0x0000000082120000)
  from space 4224K,   1% used [0x0000000082540000, 0x000000008254f1f0, 0x0000000082960000)
  to   space 4224K,   0% used [0x0000000082120000, 0x0000000082120000, 0x0000000082540000)
 tenured generation   total 84672K, used 23991K [0x00000000aaaa0000, 0x00000000afd50000, 0x0000000100000000)
   the space 84672K,  28% used [0x00000000aaaa0000, 0x00000000ac20de60, 0x00000000ac20e000, 0x00000000afd50000)
 Metaspace       used 36364K, capacity 38076K, committed 38184K, reserved 1083392K
  class space    used 4568K, capacity 4879K, committed 4904K, reserved 1048576K
