Java HotSpot(TM) 64-Bit Server VM (25.231-b11) for windows-amd64 JRE (1.8.0_231-b11), built on Oct  5 2019 03:11:30 by "java_re" with MS VC++ 10.0 (VS2010)
Memory: 4k page, physical 8086332k(4623060k free), swap 16212796k(12533160k free)
CommandLine flags: -XX:InitialHeapSize=129381312 -XX:MaxHeapSize=134217728 -XX:MaxNewSize=44740608 -XX:MaxTenuringThreshold=6 -XX:OldPLABSize=16 -XX:+PrintGC -XX:+PrintGCDateStamps -XX:+PrintGCDetails -XX:+PrintGCTimeStamps -XX:+UseCompressedClassPointers -XX:+UseCompressedOops -XX:+UseConcMarkSweepGC -XX:-UseLargePagesIndividualAllocation -XX:+UseParNewGC 
2020-10-27T00:12:42.575+0800: 0.177: [GC (Allocation Failure) 2020-10-27T00:12:42.575+0800: 0.178: [ParNew: 33856K->4213K(38080K), 0.0051730 secs] 33856K->12316K(122752K), 0.0054678 secs] [Times: user=0.00 sys=0.00, real=0.00 secs] 
2020-10-27T00:12:42.591+0800: 0.199: [GC (Allocation Failure) 2020-10-27T00:12:42.591+0800: 0.199: [ParNew: 37732K->4224K(38080K), 0.0066669 secs] 45836K->23466K(122752K), 0.0067416 secs] [Times: user=0.00 sys=0.06, real=0.02 secs] 
2020-10-27T00:12:42.607+0800: 0.216: [GC (Allocation Failure) 2020-10-27T00:12:42.607+0800: 0.216: [ParNew: 38080K->4224K(38080K), 0.0099296 secs] 57322K->37587K(122752K), 0.0100072 secs] [Times: user=0.06 sys=0.00, real=0.01 secs] 
2020-10-27T00:12:42.622+0800: 0.234: [GC (Allocation Failure) 2020-10-27T00:12:42.622+0800: 0.234: [ParNew: 38080K->4194K(38080K), 0.0075831 secs] 71443K->48048K(122752K), 0.0076587 secs] [Times: user=0.06 sys=0.00, real=0.02 secs] 
2020-10-27T00:12:42.638+0800: 0.242: [GC (CMS Initial Mark) [1 CMS-initial-mark: 43853K(84672K)] 48337K(122752K), 0.0001847 secs] [Times: user=0.00 sys=0.00, real=0.00 secs] 
2020-10-27T00:12:42.638+0800: 0.242: [CMS-concurrent-mark-start]
2020-10-27T00:12:42.638+0800: 0.244: [CMS-concurrent-mark: 0.002/0.002 secs] [Times: user=0.00 sys=0.00, real=0.00 secs] 
2020-10-27T00:12:42.638+0800: 0.244: [CMS-concurrent-preclean-start]
2020-10-27T00:12:42.638+0800: 0.244: [CMS-concurrent-preclean: 0.000/0.000 secs] [Times: user=0.00 sys=0.00, real=0.00 secs] 
2020-10-27T00:12:42.638+0800: 0.245: [CMS-concurrent-abortable-preclean-start]
2020-10-27T00:12:42.638+0800: 0.249: [GC (Allocation Failure) 2020-10-27T00:12:42.638+0800: 0.249: [ParNew: 37952K->4217K(38080K), 0.0087355 secs] 81806K->60370K(122752K), 0.0088091 secs] [Times: user=0.06 sys=0.00, real=0.02 secs] 
2020-10-27T00:12:42.654+0800: 0.265: [GC (Allocation Failure) 2020-10-27T00:12:42.654+0800: 0.265: [ParNew: 37291K->4216K(38080K), 0.0079813 secs] 93445K->71494K(122752K), 0.0080526 secs] [Times: user=0.05 sys=0.02, real=0.01 secs] 
2020-10-27T00:12:42.669+0800: 0.280: [GC (Allocation Failure) 2020-10-27T00:12:42.669+0800: 0.280: [ParNew: 37339K->4222K(38080K), 0.0079537 secs] 104617K->83298K(122752K), 0.0080230 secs] [Times: user=0.06 sys=0.00, real=0.02 secs] 
2020-10-27T00:12:42.685+0800: 0.295: [GC (Allocation Failure) 2020-10-27T00:12:42.685+0800: 0.295: [ParNew: 37997K->37997K(38080K), 0.0000222 secs]2020-10-27T00:12:42.685+0800: 0.295: [CMS2020-10-27T00:12:42.685+0800: 0.295: [CMS-concurrent-abortable-preclean: 0.001/0.050 secs] [Times: user=0.17 sys=0.02, real=0.05 secs] 
 (concurrent mode failure): 79075K->84465K(84672K), 0.0229555 secs] 117073K->88102K(122752K), [Metaspace: 2647K->2647K(1056768K)], 0.0231100 secs] [Times: user=0.01 sys=0.01, real=0.03 secs] 
2020-10-27T00:12:42.716+0800: 0.327: [Full GC (Allocation Failure) 2020-10-27T00:12:42.716+0800: 0.327: [CMS: 87211K->86740K(87424K), 0.0208483 secs] 126498K->97932K(126720K), [Metaspace: 2647K->2647K(1056768K)], 0.0209264 secs] [Times: user=0.03 sys=0.00, real=0.03 secs] 
2020-10-27T00:12:42.747+0800: 0.348: [GC (CMS Initial Mark) [1 CMS-initial-mark: 86740K(87424K)] 98498K(126720K), 0.0001603 secs] [Times: user=0.00 sys=0.00, real=0.00 secs] 
2020-10-27T00:12:42.747+0800: 0.348: [CMS-concurrent-mark-start]
2020-10-27T00:12:42.747+0800: 0.350: [CMS-concurrent-mark: 0.002/0.002 secs] [Times: user=0.00 sys=0.00, real=0.00 secs] 
2020-10-27T00:12:42.747+0800: 0.350: [CMS-concurrent-preclean-start]
2020-10-27T00:12:42.747+0800: 0.351: [CMS-concurrent-preclean: 0.001/0.001 secs] [Times: user=0.00 sys=0.00, real=0.00 secs] 
2020-10-27T00:12:42.747+0800: 0.351: [CMS-concurrent-abortable-preclean-start]
2020-10-27T00:12:42.747+0800: 0.351: [CMS-concurrent-abortable-preclean: 0.000/0.000 secs] [Times: user=0.00 sys=0.00, real=0.00 secs] 
2020-10-27T00:12:42.747+0800: 0.351: [GC (CMS Final Remark) [YG occupancy: 24137 K (39296 K)]2020-10-27T00:12:42.747+0800: 0.351: [Rescan (parallel) , 0.0001543 secs]2020-10-27T00:12:42.747+0800: 0.351: [weak refs processing, 0.0000158 secs]2020-10-27T00:12:42.747+0800: 0.351: [class unloading, 0.0002162 secs]2020-10-27T00:12:42.747+0800: 0.352: [scrub symbol table, 0.0004453 secs]2020-10-27T00:12:42.747+0800: 0.352: [scrub string table, 0.0001186 secs][1 CMS-remark: 86740K(87424K)] 110877K(126720K), 0.0010312 secs] [Times: user=0.00 sys=0.00, real=0.00 secs] 
2020-10-27T00:12:42.747+0800: 0.352: [CMS-concurrent-sweep-start]
2020-10-27T00:12:42.747+0800: 0.353: [CMS-concurrent-sweep: 0.000/0.000 secs] [Times: user=0.00 sys=0.00, real=0.00 secs] 
2020-10-27T00:12:42.747+0800: 0.353: [CMS-concurrent-reset-start]
2020-10-27T00:12:42.747+0800: 0.353: [CMS-concurrent-reset: 0.000/0.000 secs] [Times: user=0.00 sys=0.00, real=0.00 secs] 
2020-10-27T00:12:42.747+0800: 0.356: [GC (Allocation Failure) 2020-10-27T00:12:42.747+0800: 0.356: [ParNew: 38934K->38934K(39296K), 0.0000221 secs]2020-10-27T00:12:42.747+0800: 0.356: [CMS: 86740K->87405K(87424K), 0.0234394 secs] 125674K->104221K(126720K), [Metaspace: 2647K->2647K(1056768K)], 0.0235453 secs] [Times: user=0.03 sys=0.00, real=0.03 secs] 
2020-10-27T00:12:42.779+0800: 0.380: [GC (CMS Initial Mark) [1 CMS-initial-mark: 87405K(87424K)] 104758K(126720K), 0.0001467 secs] [Times: user=0.00 sys=0.00, real=0.00 secs] 
2020-10-27T00:12:42.779+0800: 0.380: [CMS-concurrent-mark-start]
2020-10-27T00:12:42.779+0800: 0.381: [CMS-concurrent-mark: 0.001/0.001 secs] [Times: user=0.00 sys=0.00, real=0.00 secs] 
2020-10-27T00:12:42.779+0800: 0.381: [CMS-concurrent-preclean-start]
2020-10-27T00:12:42.779+0800: 0.382: [CMS-concurrent-preclean: 0.001/0.001 secs] [Times: user=0.00 sys=0.00, real=0.00 secs] 
2020-10-27T00:12:42.779+0800: 0.382: [CMS-concurrent-abortable-preclean-start]
2020-10-27T00:12:42.779+0800: 0.382: [CMS-concurrent-abortable-preclean: 0.000/0.000 secs] [Times: user=0.00 sys=0.00, real=0.00 secs] 
2020-10-27T00:12:42.779+0800: 0.382: [GC (CMS Final Remark) [YG occupancy: 29058 K (39296 K)]2020-10-27T00:12:42.779+0800: 0.382: [Rescan (parallel) , 0.0001407 secs]2020-10-27T00:12:42.779+0800: 0.382: [weak refs processing, 0.0000120 secs]2020-10-27T00:12:42.779+0800: 0.382: [class unloading, 0.0002222 secs]2020-10-27T00:12:42.779+0800: 0.382: [scrub symbol table, 0.0003985 secs]2020-10-27T00:12:42.779+0800: 0.383: [scrub string table, 0.0001081 secs][1 CMS-remark: 87405K(87424K)] 116464K(126720K), 0.0009562 secs] [Times: user=0.00 sys=0.00, real=0.00 secs] 
2020-10-27T00:12:42.779+0800: 0.383: [CMS-concurrent-sweep-start]
2020-10-27T00:12:42.779+0800: 0.383: [CMS-concurrent-sweep: 0.000/0.000 secs] [Times: user=0.00 sys=0.00, real=0.00 secs] 
2020-10-27T00:12:42.779+0800: 0.383: [CMS-concurrent-reset-start]
2020-10-27T00:12:42.779+0800: 0.384: [CMS-concurrent-reset: 0.000/0.000 secs] [Times: user=0.00 sys=0.00, real=0.00 secs] 
2020-10-27T00:12:42.779+0800: 0.386: [GC (Allocation Failure) 2020-10-27T00:12:42.779+0800: 0.386: [ParNew: 39235K->39235K(39296K), 0.0000182 secs]2020-10-27T00:12:42.779+0800: 0.386: [CMS: 87405K->87419K(87424K), 0.0206126 secs] 126640K->109800K(126720K), [Metaspace: 2647K->2647K(1056768K)], 0.0207101 secs] [Times: user=0.02 sys=0.00, real=0.01 secs] 
2020-10-27T00:12:42.810+0800: 0.407: [GC (CMS Initial Mark) [1 CMS-initial-mark: 87419K(87424K)] 110124K(126720K), 0.0001837 secs] [Times: user=0.00 sys=0.00, real=0.00 secs] 
2020-10-27T00:12:42.810+0800: 0.407: [CMS-concurrent-mark-start]
2020-10-27T00:12:42.810+0800: 0.408: [CMS-concurrent-mark: 0.001/0.001 secs] [Times: user=0.00 sys=0.00, real=0.00 secs] 
2020-10-27T00:12:42.810+0800: 0.408: [CMS-concurrent-preclean-start]
2020-10-27T00:12:42.810+0800: 0.409: [CMS-concurrent-preclean: 0.001/0.001 secs] [Times: user=0.00 sys=0.00, real=0.00 secs] 
2020-10-27T00:12:42.810+0800: 0.409: [CMS-concurrent-abortable-preclean-start]
2020-10-27T00:12:42.810+0800: 0.409: [CMS-concurrent-abortable-preclean: 0.000/0.000 secs] [Times: user=0.00 sys=0.00, real=0.00 secs] 
2020-10-27T00:12:42.810+0800: 0.409: [GC (CMS Final Remark) [YG occupancy: 31795 K (39296 K)]2020-10-27T00:12:42.810+0800: 0.409: [Rescan (parallel) , 0.0001528 secs]2020-10-27T00:12:42.810+0800: 0.409: [weak refs processing, 0.0000123 secs]2020-10-27T00:12:42.810+0800: 0.409: [class unloading, 0.0002086 secs]2020-10-27T00:12:42.810+0800: 0.409: [scrub symbol table, 0.0004527 secs]2020-10-27T00:12:42.810+0800: 0.410: [scrub string table, 0.0001208 secs][1 CMS-remark: 87419K(87424K)] 119215K(126720K), 0.0010271 secs] [Times: user=0.00 sys=0.00, real=0.00 secs] 
2020-10-27T00:12:42.810+0800: 0.410: [CMS-concurrent-sweep-start]
2020-10-27T00:12:42.810+0800: 0.411: [CMS-concurrent-sweep: 0.000/0.000 secs] [Times: user=0.00 sys=0.00, real=0.00 secs] 
2020-10-27T00:12:42.810+0800: 0.411: [CMS-concurrent-reset-start]
2020-10-27T00:12:42.810+0800: 0.411: [CMS-concurrent-reset: 0.000/0.000 secs] [Times: user=0.00 sys=0.00, real=0.00 secs] 
2020-10-27T00:12:42.810+0800: 0.412: [GC (Allocation Failure) 2020-10-27T00:12:42.810+0800: 0.412: [ParNew: 39255K->39255K(39296K), 0.0000208 secs]2020-10-27T00:12:42.810+0800: 0.412: [CMS: 87419K->86962K(87424K), 0.0185688 secs] 126674K->115065K(126720K), [Metaspace: 2647K->2647K(1056768K)], 0.0186703 secs] [Times: user=0.02 sys=0.00, real=0.02 secs] 
2020-10-27T00:12:42.825+0800: 0.431: [GC (CMS Initial Mark) [1 CMS-initial-mark: 86962K(87424K)] 115209K(126720K), 0.0001792 secs] [Times: user=0.00 sys=0.00, real=0.00 secs] 
2020-10-27T00:12:42.825+0800: 0.431: [CMS-concurrent-mark-start]
2020-10-27T00:12:42.825+0800: 0.433: [CMS-concurrent-mark: 0.002/0.002 secs] [Times: user=0.00 sys=0.00, real=0.00 secs] 
2020-10-27T00:12:42.825+0800: 0.433: [CMS-concurrent-preclean-start]
2020-10-27T00:12:42.825+0800: 0.434: [Full GC (Allocation Failure) 2020-10-27T00:12:42.825+0800: 0.434: [CMS2020-10-27T00:12:42.825+0800: 0.434: [CMS-concurrent-preclean: 0.001/0.001 secs] [Times: user=0.00 sys=0.00, real=0.00 secs] 
 (concurrent mode failure): 87110K->87303K(87424K), 0.0253088 secs] 126366K->116248K(126720K), [Metaspace: 2647K->2647K(1056768K)], 0.0253789 secs] [Times: user=0.03 sys=0.00, real=0.03 secs] 
2020-10-27T00:12:42.857+0800: 0.462: [Full GC (Allocation Failure) 2020-10-27T00:12:42.857+0800: 0.462: [CMS: 87375K->86741K(87424K), 0.0235733 secs] 126609K->119214K(126720K), [Metaspace: 2647K->2647K(1056768K)], 0.0236507 secs] [Times: user=0.03 sys=0.00, real=0.03 secs] 
2020-10-27T00:12:42.888+0800: 0.486: [GC (CMS Initial Mark) [1 CMS-initial-mark: 86741K(87424K)] 119358K(126720K), 0.0002202 secs] [Times: user=0.00 sys=0.00, real=0.00 secs] 
2020-10-27T00:12:42.888+0800: 0.486: [CMS-concurrent-mark-start]
2020-10-27T00:12:42.888+0800: 0.487: [CMS-concurrent-mark: 0.001/0.001 secs] [Times: user=0.00 sys=0.00, real=0.00 secs] 
2020-10-27T00:12:42.888+0800: 0.487: [CMS-concurrent-preclean-start]
2020-10-27T00:12:42.888+0800: 0.488: [Full GC (Allocation Failure) 2020-10-27T00:12:42.888+0800: 0.488: [CMS2020-10-27T00:12:42.888+0800: 0.488: [CMS-concurrent-preclean: 0.001/0.001 secs] [Times: user=0.00 sys=0.00, real=0.00 secs] 
 (concurrent mode failure): 87240K->87369K(87424K), 0.0245257 secs] 126412K->123087K(126720K), [Metaspace: 2647K->2647K(1056768K)], 0.0245878 secs] [Times: user=0.02 sys=0.00, real=0.02 secs] 
2020-10-27T00:12:42.904+0800: 0.513: [Full GC (Allocation Failure) 2020-10-27T00:12:42.904+0800: 0.513: [CMS: 87369K->87411K(87424K), 0.0237841 secs] 126622K->123487K(126720K), [Metaspace: 2647K->2647K(1056768K)], 0.0238556 secs] [Times: user=0.03 sys=0.00, real=0.03 secs] 
2020-10-27T00:12:42.935+0800: 0.537: [GC (CMS Initial Mark) [1 CMS-initial-mark: 87411K(87424K)] 123559K(126720K), 0.0001807 secs] [Times: user=0.00 sys=0.00, real=0.00 secs] 
2020-10-27T00:12:42.935+0800: 0.538: [CMS-concurrent-mark-start]
2020-10-27T00:12:42.935+0800: 0.538: [Full GC (Allocation Failure) 2020-10-27T00:12:42.935+0800: 0.538: [CMS2020-10-27T00:12:42.935+0800: 0.539: [CMS-concurrent-mark: 0.001/0.001 secs] [Times: user=0.00 sys=0.00, real=0.00 secs] 
 (concurrent mode failure): 87411K->87411K(87424K), 0.0051727 secs] 126640K->123862K(126720K), [Metaspace: 2647K->2647K(1056768K)], 0.0052400 secs] [Times: user=0.00 sys=0.00, real=0.00 secs] 
2020-10-27T00:12:42.935+0800: 0.544: [Full GC (Allocation Failure) 2020-10-27T00:12:42.935+0800: 0.544: [CMS: 87411K->87406K(87424K), 0.0091855 secs] 126683K->124798K(126720K), [Metaspace: 2647K->2647K(1056768K)], 0.0092497 secs] [Times: user=0.02 sys=0.00, real=0.02 secs] 
2020-10-27T00:12:42.950+0800: 0.553: [GC (CMS Initial Mark) [1 CMS-initial-mark: 87406K(87424K)] 124870K(126720K), 0.0001864 secs] [Times: user=0.00 sys=0.00, real=0.00 secs] 
2020-10-27T00:12:42.950+0800: 0.554: [CMS-concurrent-mark-start]
2020-10-27T00:12:42.950+0800: 0.554: [Full GC (Allocation Failure) 2020-10-27T00:12:42.950+0800: 0.554: [CMS2020-10-27T00:12:42.950+0800: 0.555: [CMS-concurrent-mark: 0.001/0.001 secs] [Times: user=0.00 sys=0.00, real=0.00 secs] 
 (concurrent mode failure): 87406K->87417K(87424K), 0.0101446 secs] 126589K->125415K(126720K), [Metaspace: 2647K->2647K(1056768K)], 0.0102063 secs] [Times: user=0.01 sys=0.00, real=0.02 secs] 
2020-10-27T00:12:42.966+0800: 0.565: [Full GC (Allocation Failure) 2020-10-27T00:12:42.966+0800: 0.565: [CMS: 87417K->87417K(87424K), 0.0020481 secs] 126396K->125415K(126720K), [Metaspace: 2647K->2647K(1056768K)], 0.0021012 secs] [Times: user=0.00 sys=0.00, real=0.00 secs] 
2020-10-27T00:12:42.966+0800: 0.567: [GC (CMS Initial Mark) [1 CMS-initial-mark: 87417K(87424K)] 125692K(126720K), 0.0001593 secs] [Times: user=0.00 sys=0.00, real=0.00 secs] 
2020-10-27T00:12:42.966+0800: 0.567: [CMS-concurrent-mark-start]
2020-10-27T00:12:42.966+0800: 0.567: [Full GC (Allocation Failure) 2020-10-27T00:12:42.966+0800: 0.567: [CMS2020-10-27T00:12:42.966+0800: 0.568: [CMS-concurrent-mark: 0.001/0.001 secs] [Times: user=0.00 sys=0.00, real=0.00 secs] 
 (concurrent mode failure): 87417K->86945K(87424K), 0.0156796 secs] 126339K->125064K(126720K), [Metaspace: 2647K->2647K(1056768K)], 0.0157418 secs] [Times: user=0.02 sys=0.00, real=0.02 secs] 
2020-10-27T00:12:42.982+0800: 0.583: [Full GC (Allocation Failure) 2020-10-27T00:12:42.982+0800: 0.583: [CMS: 86945K->87205K(87424K), 0.0231857 secs] 125930K->124836K(126720K), [Metaspace: 2647K->2647K(1056768K)], 0.0232466 secs] [Times: user=0.02 sys=0.00, real=0.01 secs] 
2020-10-27T00:12:42.997+0800: 0.607: [GC (CMS Initial Mark) [1 CMS-initial-mark: 87205K(87424K)] 125434K(126720K), 0.0002055 secs] [Times: user=0.00 sys=0.00, real=0.00 secs] 
2020-10-27T00:12:42.997+0800: 0.607: [CMS-concurrent-mark-start]
2020-10-27T00:12:42.997+0800: 0.608: [Full GC (Allocation Failure) 2020-10-27T00:12:42.997+0800: 0.608: [CMS2020-10-27T00:12:42.997+0800: 0.609: [CMS-concurrent-mark: 0.001/0.001 secs] [Times: user=0.00 sys=0.00, real=0.00 secs] 
 (concurrent mode failure): 87331K->87223K(87424K), 0.0124775 secs] 126621K->125195K(126720K), [Metaspace: 2647K->2647K(1056768K)], 0.0125451 secs] [Times: user=0.02 sys=0.00, real=0.02 secs] 
2020-10-27T00:12:43.013+0800: 0.621: [Full GC (Allocation Failure) 2020-10-27T00:12:43.013+0800: 0.621: [CMS: 87223K->87150K(87424K), 0.0064453 secs] 126348K->125737K(126720K), [Metaspace: 2647K->2647K(1056768K)], 0.0065142 secs] [Times: user=0.02 sys=0.00, real=0.02 secs] 
2020-10-27T00:12:43.029+0800: 0.628: [GC (CMS Initial Mark) [1 CMS-initial-mark: 87150K(87424K)] 126338K(126720K), 0.0001692 secs] [Times: user=0.00 sys=0.00, real=0.00 secs] 
2020-10-27T00:12:43.029+0800: 0.628: [CMS-concurrent-mark-start]
2020-10-27T00:12:43.029+0800: 0.628: [Full GC (Allocation Failure) 2020-10-27T00:12:43.029+0800: 0.628: [CMS2020-10-27T00:12:43.029+0800: 0.629: [CMS-concurrent-mark: 0.001/0.001 secs] [Times: user=0.00 sys=0.00, real=0.00 secs] 
 (concurrent mode failure): 87150K->87150K(87424K), 0.0031341 secs] 126338K->126338K(126720K), [Metaspace: 2647K->2647K(1056768K)], 0.0031901 secs] [Times: user=0.00 sys=0.00, real=0.00 secs] 
2020-10-27T00:12:43.029+0800: 0.631: [Full GC (Allocation Failure) 2020-10-27T00:12:43.029+0800: 0.631: [CMS: 87150K->87131K(87424K), 0.0163895 secs] 126338K->126319K(126720K), [Metaspace: 2647K->2647K(1056768K)], 0.0164461 secs] [Times: user=0.02 sys=0.00, real=0.01 secs] 
Heap
 par new generation   total 39296K, used 39285K [0x00000000f8000000, 0x00000000faaa0000, 0x00000000faaa0000)
  eden space 34944K, 100% used [0x00000000f8000000, 0x00000000fa220000, 0x00000000fa220000)
  from space 4352K,  99% used [0x00000000fa220000, 0x00000000fa65d6e0, 0x00000000fa660000)
  to   space 4352K,   0% used [0x00000000fa660000, 0x00000000fa660000, 0x00000000faaa0000)
 concurrent mark-sweep generation total 87424K, used 87131K [0x00000000faaa0000, 0x0000000100000000, 0x0000000100000000)
 Metaspace       used 2677K, capacity 4486K, committed 4864K, reserved 1056768K
  class space    used 294K, capacity 386K, committed 512K, reserved 1048576K
