Java HotSpot(TM) 64-Bit Server VM (25.231-b11) for windows-amd64 JRE (1.8.0_231-b11), built on Oct  5 2019 03:11:30 by "java_re" with MS VC++ 10.0 (VS2010)
Memory: 4k page, physical 8086332k(4623300k free), swap 16212796k(12534464k free)
CommandLine flags: -XX:InitialHeapSize=129381312 -XX:MaxHeapSize=536870912 -XX:MaxNewSize=178958336 -XX:MaxTenuringThreshold=6 -XX:OldPLABSize=16 -XX:+PrintGC -XX:+PrintGCDateStamps -XX:+PrintGCDetails -XX:+PrintGCTimeStamps -XX:+UseCompressedClassPointers -XX:+UseCompressedOops -XX:+UseConcMarkSweepGC -XX:-UseLargePagesIndividualAllocation -XX:+UseParNewGC 
2020-10-27T00:12:43.285+0800: 0.175: [GC (Allocation Failure) 2020-10-27T00:12:43.285+0800: 0.175: [ParNew: 33856K->4219K(38080K), 0.0044427 secs] 33856K->13467K(122752K), 0.0046618 secs] [Times: user=0.00 sys=0.00, real=0.00 secs] 
2020-10-27T00:12:43.300+0800: 0.195: [GC (Allocation Failure) 2020-10-27T00:12:43.300+0800: 0.195: [ParNew: 38075K->4224K(38080K), 0.0061943 secs] 47323K->24013K(122752K), 0.0062959 secs] [Times: user=0.00 sys=0.00, real=0.00 secs] 
2020-10-27T00:12:43.316+0800: 0.215: [GC (Allocation Failure) 2020-10-27T00:12:43.316+0800: 0.215: [ParNew: 37911K->4224K(38080K), 0.0077705 secs] 57701K->35066K(122752K), 0.0078668 secs] [Times: user=0.03 sys=0.02, real=0.02 secs] 
2020-10-27T00:12:43.347+0800: 0.240: [GC (Allocation Failure) 2020-10-27T00:12:43.347+0800: 0.240: [ParNew: 38015K->4204K(38080K), 0.0084534 secs] 68857K->46972K(122752K), 0.0085353 secs] [Times: user=0.00 sys=0.00, real=0.00 secs] 
2020-10-27T00:12:43.347+0800: 0.249: [GC (CMS Initial Mark) [1 CMS-initial-mark: 42768K(84672K)] 47075K(122752K), 0.0001923 secs] [Times: user=0.00 sys=0.00, real=0.00 secs] 
2020-10-27T00:12:43.347+0800: 0.249: [CMS-concurrent-mark-start]
2020-10-27T00:12:43.363+0800: 0.255: [CMS-concurrent-mark: 0.006/0.006 secs] [Times: user=0.03 sys=0.00, real=0.02 secs] 
2020-10-27T00:12:43.363+0800: 0.256: [CMS-concurrent-preclean-start]
2020-10-27T00:12:43.363+0800: 0.256: [CMS-concurrent-preclean: 0.000/0.000 secs] [Times: user=0.00 sys=0.00, real=0.00 secs] 
2020-10-27T00:12:43.363+0800: 0.256: [CMS-concurrent-abortable-preclean-start]
2020-10-27T00:12:43.363+0800: 0.258: [GC (Allocation Failure) 2020-10-27T00:12:43.363+0800: 0.258: [ParNew: 38060K->4212K(38080K), 0.0069807 secs] 80828K->57024K(122752K), 0.0070506 secs] [Times: user=0.00 sys=0.00, real=0.00 secs] 
2020-10-27T00:12:43.378+0800: 0.272: [GC (Allocation Failure) 2020-10-27T00:12:43.378+0800: 0.272: [ParNew: 38068K->4217K(38080K), 0.0091100 secs] 90880K->70575K(122752K), 0.0091811 secs] [Times: user=0.00 sys=0.00, real=0.00 secs] 
2020-10-27T00:12:43.394+0800: 0.290: [GC (Allocation Failure) 2020-10-27T00:12:43.394+0800: 0.290: [ParNew: 38073K->4217K(38080K), 0.0060840 secs] 104431K->80318K(122752K), 0.0061522 secs] [Times: user=0.00 sys=0.00, real=0.00 secs] 
2020-10-27T00:12:43.410+0800: 0.305: [GC (Allocation Failure) 2020-10-27T00:12:43.410+0800: 0.305: [ParNew: 37888K->4215K(38080K), 0.0081726 secs] 113988K->91504K(125884K), 0.0082520 secs] [Times: user=0.06 sys=0.00, real=0.01 secs] 
2020-10-27T00:12:43.425+0800: 0.321: [GC (Allocation Failure) 2020-10-27T00:12:43.425+0800: 0.321: [ParNew: 38041K->4223K(38080K), 0.0086502 secs] 125329K->103303K(137760K), 0.0087158 secs] [Times: user=0.05 sys=0.01, real=0.02 secs] 
2020-10-27T00:12:43.441+0800: 0.337: [GC (Allocation Failure) 2020-10-27T00:12:43.441+0800: 0.337: [ParNew: 38079K->4221K(38080K), 0.0107965 secs] 137159K->119157K(153472K), 0.0108692 secs] [Times: user=0.06 sys=0.00, real=0.02 secs] 
2020-10-27T00:12:43.457+0800: 0.356: [GC (Allocation Failure) 2020-10-27T00:12:43.457+0800: 0.356: [ParNew: 38052K->4221K(38080K), 0.0074443 secs] 152988K->130163K(164580K), 0.0075157 secs] [Times: user=0.06 sys=0.00, real=0.01 secs] 
2020-10-27T00:12:43.472+0800: 0.372: [GC (Allocation Failure) 2020-10-27T00:12:43.472+0800: 0.372: [ParNew: 38055K->4221K(38080K), 0.0090603 secs] 163997K->142340K(176820K), 0.0091316 secs] [Times: user=0.05 sys=0.02, real=0.02 secs] 
2020-10-27T00:12:43.488+0800: 0.387: [GC (Allocation Failure) 2020-10-27T00:12:43.488+0800: 0.388: [ParNew: 38043K->4223K(38080K), 0.0079794 secs] 176161K->153395K(187760K), 0.0081091 secs] [Times: user=0.06 sys=0.00, real=0.02 secs] 
2020-10-27T00:12:43.503+0800: 0.403: [GC (Allocation Failure) 2020-10-27T00:12:43.503+0800: 0.403: [ParNew: 37861K->4214K(38080K), 0.0080965 secs] 187034K->164336K(198656K), 0.0081764 secs] [Times: user=0.05 sys=0.02, real=0.02 secs] 
2020-10-27T00:12:43.519+0800: 0.417: [GC (Allocation Failure) 2020-10-27T00:12:43.519+0800: 0.417: [ParNew: 37931K->4217K(38080K), 0.0103019 secs] 198053K->178955K(213424K), 0.0103710 secs] [Times: user=0.05 sys=0.02, real=0.02 secs] 
2020-10-27T00:12:43.535+0800: 0.436: [GC (Allocation Failure) 2020-10-27T00:12:43.535+0800: 0.436: [ParNew: 38003K->4222K(38080K), 0.0091763 secs] 212740K->192223K(226704K), 0.0092471 secs] [Times: user=0.06 sys=0.00, real=0.01 secs] 
2020-10-27T00:12:43.550+0800: 0.453: [GC (Allocation Failure) 2020-10-27T00:12:43.550+0800: 0.453: [ParNew: 37916K->4196K(38080K), 0.0085698 secs] 225917K->204370K(238716K), 0.0086399 secs] [Times: user=0.06 sys=0.00, real=0.02 secs] 
2020-10-27T00:12:43.582+0800: 0.469: [GC (Allocation Failure) 2020-10-27T00:12:43.582+0800: 0.469: [ParNew: 38012K->4215K(38080K), 0.0081964 secs] 238186K->216295K(250776K), 0.0082895 secs] [Times: user=0.00 sys=0.00, real=0.00 secs] 
2020-10-27T00:12:43.582+0800: 0.485: [GC (Allocation Failure) 2020-10-27T00:12:43.582+0800: 0.485: [ParNew: 38071K->4216K(38080K), 0.0073010 secs] 250151K->225541K(260048K), 0.0073722 secs] [Times: user=0.06 sys=0.00, real=0.01 secs] 
2020-10-27T00:12:43.597+0800: 0.500: [GC (Allocation Failure) 2020-10-27T00:12:43.597+0800: 0.500: [ParNew: 38031K->4219K(38080K), 0.0081190 secs] 259356K->237081K(271436K), 0.0081879 secs] [Times: user=0.06 sys=0.00, real=0.02 secs] 
2020-10-27T00:12:43.628+0800: 0.517: [GC (Allocation Failure) 2020-10-27T00:12:43.628+0800: 0.517: [ParNew: 38049K->4206K(38080K), 0.0070106 secs] 270911K->247087K(281500K), 0.0070730 secs] [Times: user=0.00 sys=0.00, real=0.00 secs] 
2020-10-27T00:12:43.628+0800: 0.530: [GC (Allocation Failure) 2020-10-27T00:12:43.628+0800: 0.530: [ParNew: 37972K->4222K(38080K), 0.0099018 secs] 280853K->260668K(295140K), 0.0099712 secs] [Times: user=0.06 sys=0.00, real=0.02 secs] 
2020-10-27T00:12:43.644+0800: 0.547: [GC (Allocation Failure) 2020-10-27T00:12:43.644+0800: 0.547: [ParNew: 38078K->4223K(38080K), 0.0098582 secs] 294524K->274331K(308768K), 0.0099286 secs] [Times: user=0.06 sys=0.00, real=0.02 secs] 
2020-10-27T00:12:43.675+0800: 0.563: [GC (Allocation Failure) 2020-10-27T00:12:43.675+0800: 0.564: [ParNew: 37994K->4200K(38080K), 0.0087441 secs] 308103K->286483K(320884K), 0.0088124 secs] [Times: user=0.00 sys=0.00, real=0.00 secs] 
2020-10-27T00:12:43.691+0800: 0.579: [GC (Allocation Failure) 2020-10-27T00:12:43.691+0800: 0.579: [ParNew: 38056K->4220K(38080K), 0.0094801 secs] 320339K->299332K(333816K), 0.0095483 secs] [Times: user=0.00 sys=0.00, real=0.00 secs] 
2020-10-27T00:12:43.707+0800: 0.597: [GC (Allocation Failure) 2020-10-27T00:12:43.707+0800: 0.597: [ParNew: 38076K->4220K(38080K), 0.0080074 secs] 333188K->309821K(344248K), 0.0080758 secs] [Times: user=0.00 sys=0.00, real=0.00 secs] 
2020-10-27T00:12:43.722+0800: 0.612: [GC (Allocation Failure) 2020-10-27T00:12:43.722+0800: 0.612: [ParNew: 38056K->4215K(38080K), 0.0081286 secs] 343657K->321380K(355764K), 0.0081996 secs] [Times: user=0.00 sys=0.00, real=0.00 secs] 
2020-10-27T00:12:43.738+0800: 0.627: [GC (Allocation Failure) 2020-10-27T00:12:43.738+0800: 0.627: [ParNew: 38059K->4211K(38080K), 0.0090930 secs] 355224K->334230K(368740K), 0.0091596 secs] [Times: user=0.00 sys=0.00, real=0.00 secs] 
2020-10-27T00:12:43.753+0800: 0.642: [GC (Allocation Failure) 2020-10-27T00:12:43.753+0800: 0.642: [ParNew: 37807K->4222K(38080K), 0.0090516 secs] 367827K->346318K(380700K), 0.0091168 secs] [Times: user=0.00 sys=0.00, real=0.00 secs] 
2020-10-27T00:12:43.769+0800: 0.658: [GC (Allocation Failure) 2020-10-27T00:12:43.769+0800: 0.658: [ParNew: 37888K->37888K(38080K), 0.0000224 secs]2020-10-27T00:12:43.769+0800: 0.658: [CMS2020-10-27T00:12:43.769+0800: 0.658: [CMS-concurrent-abortable-preclean: 0.011/0.402 secs] [Times: user=0.98 sys=0.08, real=0.41 secs] 
 (concurrent mode failure): 342095K->227584K(342620K), 0.0533293 secs] 379984K->227584K(380700K), [Metaspace: 2647K->2647K(1056768K)], 0.0538987 secs] [Times: user=0.05 sys=0.00, real=0.05 secs] 
2020-10-27T00:12:43.878+0800: 0.769: [GC (Allocation Failure) 2020-10-27T00:12:43.878+0800: 0.769: [ParNew: 139606K->17468K(157248K), 0.0175305 secs] 367191K->274614K(506816K), 0.0176025 secs] [Times: user=0.06 sys=0.00, real=0.02 secs] 
2020-10-27T00:12:43.894+0800: 0.786: [GC (CMS Initial Mark) [1 CMS-initial-mark: 257145K(349568K)] 274929K(506816K), 0.0002086 secs] [Times: user=0.00 sys=0.00, real=0.00 secs] 
2020-10-27T00:12:43.894+0800: 0.787: [CMS-concurrent-mark-start]
2020-10-27T00:12:43.894+0800: 0.789: [CMS-concurrent-mark: 0.003/0.003 secs] [Times: user=0.00 sys=0.00, real=0.00 secs] 
2020-10-27T00:12:43.894+0800: 0.789: [CMS-concurrent-preclean-start]
2020-10-27T00:12:43.894+0800: 0.790: [CMS-concurrent-preclean: 0.001/0.001 secs] [Times: user=0.00 sys=0.00, real=0.00 secs] 
2020-10-27T00:12:43.894+0800: 0.790: [CMS-concurrent-abortable-preclean-start]
2020-10-27T00:12:43.910+0800: 0.812: [GC (Allocation Failure) 2020-10-27T00:12:43.910+0800: 0.812: [ParNew: 157244K->17469K(157248K), 0.0208176 secs] 414390K->318700K(506816K), 0.0208895 secs] [Times: user=0.13 sys=0.00, real=0.03 secs] 
2020-10-27T00:12:43.957+0800: 0.858: [GC (Allocation Failure) 2020-10-27T00:12:43.957+0800: 0.858: [ParNew: 157245K->157245K(157248K), 0.0000236 secs]2020-10-27T00:12:43.957+0800: 0.858: [CMS2020-10-27T00:12:43.957+0800: 0.859: [CMS-concurrent-abortable-preclean: 0.002/0.069 secs] [Times: user=0.16 sys=0.00, real=0.06 secs] 
 (concurrent mode failure): 301230K->281776K(349568K), 0.0689464 secs] 458476K->281776K(506816K), [Metaspace: 2647K->2647K(1056768K)], 0.0690656 secs] [Times: user=0.08 sys=0.00, real=0.08 secs] 
2020-10-27T00:12:44.066+0800: 0.955: [GC (Allocation Failure) 2020-10-27T00:12:44.066+0800: 0.955: [ParNew: 139776K->17470K(157248K), 0.0121302 secs] 421552K->330917K(506816K), 0.0121970 secs] [Times: user=0.00 sys=0.00, real=0.00 secs] 
2020-10-27T00:12:44.066+0800: 0.967: [GC (CMS Initial Mark) [1 CMS-initial-mark: 313446K(349568K)] 331644K(506816K), 0.0001629 secs] [Times: user=0.00 sys=0.00, real=0.00 secs] 
2020-10-27T00:12:44.066+0800: 0.967: [CMS-concurrent-mark-start]
2020-10-27T00:12:44.082+0800: 0.970: [CMS-concurrent-mark: 0.003/0.003 secs] [Times: user=0.03 sys=0.00, real=0.02 secs] 
2020-10-27T00:12:44.082+0800: 0.970: [CMS-concurrent-preclean-start]
2020-10-27T00:12:44.082+0800: 0.972: [CMS-concurrent-preclean: 0.001/0.001 secs] [Times: user=0.00 sys=0.00, real=0.00 secs] 
2020-10-27T00:12:44.082+0800: 0.972: [CMS-concurrent-abortable-preclean-start]
2020-10-27T00:12:44.082+0800: 0.972: [CMS-concurrent-abortable-preclean: 0.000/0.000 secs] [Times: user=0.00 sys=0.00, real=0.00 secs] 
2020-10-27T00:12:44.082+0800: 0.972: [GC (CMS Final Remark) [YG occupancy: 38494 K (157248 K)]2020-10-27T00:12:44.082+0800: 0.972: [Rescan (parallel) , 0.0004102 secs]2020-10-27T00:12:44.082+0800: 0.973: [weak refs processing, 0.0000123 secs]2020-10-27T00:12:44.082+0800: 0.973: [class unloading, 0.0002395 secs]2020-10-27T00:12:44.082+0800: 0.973: [scrub symbol table, 0.0003985 secs]2020-10-27T00:12:44.082+0800: 0.973: [scrub string table, 0.0001136 secs][1 CMS-remark: 313446K(349568K)] 351941K(506816K), 0.0012518 secs] [Times: user=0.00 sys=0.00, real=0.00 secs] 
2020-10-27T00:12:44.082+0800: 0.973: [CMS-concurrent-sweep-start]
2020-10-27T00:12:44.082+0800: 0.974: [CMS-concurrent-sweep: 0.001/0.001 secs] [Times: user=0.00 sys=0.00, real=0.00 secs] 
2020-10-27T00:12:44.082+0800: 0.974: [CMS-concurrent-reset-start]
2020-10-27T00:12:44.082+0800: 0.975: [CMS-concurrent-reset: 0.001/0.001 secs] [Times: user=0.00 sys=0.00, real=0.00 secs] 
2020-10-27T00:12:44.097+0800: 0.996: [GC (Allocation Failure) 2020-10-27T00:12:44.097+0800: 0.996: [ParNew: 157246K->17471K(157248K), 0.0163182 secs] 434499K->342905K(506816K), 0.0163948 secs] [Times: user=0.06 sys=0.00, real=0.02 secs] 
2020-10-27T00:12:44.113+0800: 1.013: [GC (CMS Initial Mark) [1 CMS-initial-mark: 325433K(349568K)] 345718K(506816K), 0.0001162 secs] [Times: user=0.00 sys=0.00, real=0.00 secs] 
2020-10-27T00:12:44.113+0800: 1.013: [CMS-concurrent-mark-start]
2020-10-27T00:12:44.113+0800: 1.015: [CMS-concurrent-mark: 0.002/0.002 secs] [Times: user=0.00 sys=0.00, real=0.00 secs] 
2020-10-27T00:12:44.113+0800: 1.015: [CMS-concurrent-preclean-start]
2020-10-27T00:12:44.128+0800: 1.016: [CMS-concurrent-preclean: 0.001/0.001 secs] [Times: user=0.03 sys=0.00, real=0.02 secs] 
2020-10-27T00:12:44.128+0800: 1.016: [CMS-concurrent-abortable-preclean-start]
2020-10-27T00:12:44.128+0800: 1.016: [CMS-concurrent-abortable-preclean: 0.000/0.000 secs] [Times: user=0.00 sys=0.00, real=0.00 secs] 
2020-10-27T00:12:44.128+0800: 1.017: [GC (CMS Final Remark) [YG occupancy: 36952 K (157248 K)]2020-10-27T00:12:44.128+0800: 1.017: [Rescan (parallel) , 0.0003929 secs]2020-10-27T00:12:44.128+0800: 1.017: [weak refs processing, 0.0000128 secs]2020-10-27T00:12:44.128+0800: 1.017: [class unloading, 0.0002275 secs]2020-10-27T00:12:44.128+0800: 1.017: [scrub symbol table, 0.0003808 secs]2020-10-27T00:12:44.128+0800: 1.018: [scrub string table, 0.0001122 secs][1 CMS-remark: 325433K(349568K)] 362385K(506816K), 0.0011988 secs] [Times: user=0.00 sys=0.00, real=0.00 secs] 
2020-10-27T00:12:44.128+0800: 1.018: [CMS-concurrent-sweep-start]
2020-10-27T00:12:44.128+0800: 1.019: [CMS-concurrent-sweep: 0.001/0.001 secs] [Times: user=0.00 sys=0.00, real=0.00 secs] 
2020-10-27T00:12:44.128+0800: 1.019: [CMS-concurrent-reset-start]
2020-10-27T00:12:44.128+0800: 1.019: [CMS-concurrent-reset: 0.001/0.001 secs] [Times: user=0.00 sys=0.00, real=0.00 secs] 
2020-10-27T00:12:44.144+0800: 1.043: [GC (Allocation Failure) 2020-10-27T00:12:44.144+0800: 1.043: [ParNew: 157247K->157247K(157248K), 0.0000196 secs]2020-10-27T00:12:44.144+0800: 1.043: [CMS: 286576K->313957K(349568K), 0.0769500 secs] 443823K->313957K(506816K), [Metaspace: 2647K->2647K(1056768K)], 0.0770775 secs] [Times: user=0.09 sys=0.00, real=0.09 secs] 
2020-10-27T00:12:44.231+0800: 1.120: [GC (CMS Initial Mark) [1 CMS-initial-mark: 313957K(349568K)] 314512K(506816K), 0.0001503 secs] [Times: user=0.00 sys=0.00, real=0.00 secs] 
2020-10-27T00:12:44.232+0800: 1.120: [CMS-concurrent-mark-start]
Heap
 par new generation   total 157248K, used 6120K [0x00000000e0000000, 0x00000000eaaa0000, 0x00000000eaaa0000)
  eden space 139776K,   4% used [0x00000000e0000000, 0x00000000e05fa0a0, 0x00000000e8880000)
  from space 17472K,   0% used [0x00000000e8880000, 0x00000000e8880000, 0x00000000e9990000)
  to   space 17472K,   0% used [0x00000000e9990000, 0x00000000e9990000, 0x00000000eaaa0000)
 concurrent mark-sweep generation total 349568K, used 313957K [0x00000000eaaa0000, 0x0000000100000000, 0x0000000100000000)
 Metaspace       used 2653K, capacity 4486K, committed 4864K, reserved 1056768K
  class space    used 291K, capacity 386K, committed 512K, reserved 1048576K
