Java HotSpot(TM) 64-Bit Server VM (25.231-b11) for windows-amd64 JRE (1.8.0_231-b11), built on Oct  5 2019 03:11:30 by "java_re" with MS VC++ 10.0 (VS2010)
Memory: 4k page, physical 8086332k(4600476k free), swap 16212796k(12509536k free)
CommandLine flags: -XX:InitialHeapSize=129381312 -XX:MaxHeapSize=1073741824 -XX:+PrintGC -XX:+PrintGCDateStamps -XX:+PrintGCDetails -XX:+PrintGCTimeStamps -XX:+UseCompressedClassPointers -XX:+UseCompressedOops -XX:-UseLargePagesIndividualAllocation -XX:+UseParallelGC 
2020-10-27T00:12:38.538+0800: 0.157: [GC (Allocation Failure) [PSYoungGen: 31209K->5110K(36864K)] 31209K->7502K(121856K), 0.0032014 secs] [Times: user=0.05 sys=0.01, real=0.02 secs] 
2020-10-27T00:12:38.569+0800: 0.176: [GC (Allocation Failure) [PSYoungGen: 36779K->5109K(68608K)] 39172K->15706K(153600K), 0.0053336 secs] [Times: user=0.00 sys=0.00, real=0.00 secs] 
2020-10-27T00:12:38.601+0800: 0.209: [GC (Allocation Failure) [PSYoungGen: 68597K->5113K(68608K)] 79194K->38294K(153600K), 0.0083684 secs] [Times: user=0.00 sys=0.00, real=0.00 secs] 
2020-10-27T00:12:38.616+0800: 0.232: [GC (Allocation Failure) [PSYoungGen: 68344K->5113K(132096K)] 101525K->56805K(217088K), 0.0117524 secs] [Times: user=0.02 sys=0.01, real=0.02 secs] 
2020-10-27T00:12:38.679+0800: 0.298: [GC (Allocation Failure) [PSYoungGen: 132089K->5119K(132096K)] 183781K->93118K(220672K), 0.0154876 secs] [Times: user=0.03 sys=0.02, real=0.02 secs] 
2020-10-27T00:12:38.694+0800: 0.314: [Full GC (Ergonomics) [PSYoungGen: 5119K->0K(132096K)] [ParOldGen: 87998K->85747K(167424K)] 93118K->85747K(299520K), [Metaspace: 2647K->2647K(1056768K)], 0.0257360 secs] [Times: user=0.09 sys=0.02, real=0.03 secs] 
2020-10-27T00:12:38.757+0800: 0.366: [GC (Allocation Failure) [PSYoungGen: 126976K->38763K(259072K)] 212723K->124510K(426496K), 0.0119662 secs] [Times: user=0.03 sys=0.03, real=0.02 secs] 
2020-10-27T00:12:38.835+0800: 0.449: [GC (Allocation Failure) [PSYoungGen: 258923K->51702K(287232K)] 344670K->188333K(454656K), 0.0282719 secs] [Times: user=0.06 sys=0.06, real=0.03 secs] 
2020-10-27T00:12:38.866+0800: 0.478: [Full GC (Ergonomics) [PSYoungGen: 51702K->0K(287232K)] [ParOldGen: 136631K->165781K(275968K)] 188333K->165781K(563200K), [Metaspace: 2647K->2647K(1056768K)], 0.0435484 secs] [Times: user=0.16 sys=0.03, real=0.05 secs] 
2020-10-27T00:12:38.960+0800: 0.574: [GC (Allocation Failure) [PSYoungGen: 235520K->61950K(214528K)] 401301K->242201K(490496K), 0.0193306 secs] [Times: user=0.06 sys=0.00, real=0.01 secs] 
2020-10-27T00:12:39.007+0800: 0.620: [GC (Allocation Failure) [PSYoungGen: 214526K->98301K(250880K)] 394777K->288350K(526848K), 0.0256106 secs] [Times: user=0.11 sys=0.00, real=0.03 secs] 
2020-10-27T00:12:39.069+0800: 0.674: [GC (Allocation Failure) [PSYoungGen: 250877K->93381K(215040K)] 440926K->328792K(491008K), 0.0338527 secs] [Times: user=0.09 sys=0.03, real=0.03 secs] 
2020-10-27T00:12:39.100+0800: 0.708: [Full GC (Ergonomics) [PSYoungGen: 93381K->0K(215040K)] [ParOldGen: 235411K->256465K(380928K)] 328792K->256465K(595968K), [Metaspace: 2647K->2647K(1056768K)], 0.0687938 secs] [Times: user=0.22 sys=0.01, real=0.07 secs] 
2020-10-27T00:12:39.226+0800: 0.831: [GC (Allocation Failure) [PSYoungGen: 116702K->38139K(232960K)] 373168K->294604K(613888K), 0.0127365 secs] [Times: user=0.00 sys=0.00, real=0.01 secs] 
2020-10-27T00:12:39.271+0800: 0.876: [GC (Allocation Failure) [PSYoungGen: 154615K->39471K(232960K)] 411081K->329492K(613888K), 0.0226384 secs] [Times: user=0.08 sys=0.02, real=0.02 secs] 
2020-10-27T00:12:39.320+0800: 0.924: [GC (Allocation Failure) [PSYoungGen: 156207K->38186K(155136K)] 446228K->362266K(536064K), 0.0197280 secs] [Times: user=0.05 sys=0.01, real=0.02 secs] 
2020-10-27T00:12:39.340+0800: 0.944: [Full GC (Ergonomics) [PSYoungGen: 38186K->0K(155136K)] [ParOldGen: 324080K->281341K(423936K)] 362266K->281341K(579072K), [Metaspace: 2647K->2647K(1056768K)], 0.0746629 secs] [Times: user=0.22 sys=0.00, real=0.07 secs] 
2020-10-27T00:12:39.435+0800: 1.040: [GC (Allocation Failure) [PSYoungGen: 116729K->37013K(235008K)] 398071K->318355K(658944K), 0.0092676 secs] [Times: user=0.06 sys=0.00, real=0.01 secs] 
2020-10-27T00:12:39.468+0800: 1.073: [GC (Allocation Failure) [PSYoungGen: 158313K->36917K(230400K)] 439655K->350537K(654336K), 0.0179273 secs] [Times: user=0.06 sys=0.00, real=0.02 secs] 
Heap
 PSYoungGen      total 230400K, used 143947K [0x00000000eab00000, 0x00000000ff380000, 0x0000000100000000)
  eden space 121344K, 88% used [0x00000000eab00000,0x00000000f13858c8,0x00000000f2180000)
  from space 109056K, 33% used [0x00000000f2180000,0x00000000f458d4a0,0x00000000f8c00000)
  to   space 104960K, 0% used [0x00000000f8d00000,0x00000000f8d00000,0x00000000ff380000)
 ParOldGen       total 423936K, used 313620K [0x00000000c0000000, 0x00000000d9e00000, 0x00000000eab00000)
  object space 423936K, 73% used [0x00000000c0000000,0x00000000d3245068,0x00000000d9e00000)
 Metaspace       used 2653K, capacity 4486K, committed 4864K, reserved 1056768K
  class space    used 291K, capacity 386K, committed 512K, reserved 1048576K
