Java HotSpot(TM) 64-Bit Server VM (25.231-b11) for windows-amd64 JRE (1.8.0_231-b11), built on Oct  5 2019 03:11:30 by "java_re" with MS VC++ 10.0 (VS2010)
Memory: 4k page, physical 8086332k(4592196k free), swap 16212796k(12510764k free)
CommandLine flags: -XX:InitialHeapSize=129381312 -XX:MaxHeapSize=1073741824 -XX:+PrintGC -XX:+PrintGCDateStamps -XX:+PrintGCDetails -XX:+PrintGCTimeStamps -XX:+UseCompressedClassPointers -XX:+UseCompressedOops -XX:-UseLargePagesIndividualAllocation -XX:+UseSerialGC 
2020-10-27T00:12:32.898+0800: 0.151: [GC (Allocation Failure) 2020-10-27T00:12:32.898+0800: 0.152: [DefNew: 33740K->4224K(38080K), 0.0078842 secs] 33740K->11676K(122752K), 0.0080450 secs] [Times: user=0.02 sys=0.00, real=0.02 secs] 
2020-10-27T00:12:32.914+0800: 0.173: [GC (Allocation Failure) 2020-10-27T00:12:32.914+0800: 0.173: [DefNew: 37719K->4223K(38080K), 0.0095639 secs] 45171K->24571K(122752K), 0.0096379 secs] [Times: user=0.01 sys=0.01, real=0.01 secs] 
2020-10-27T00:12:32.945+0800: 0.194: [GC (Allocation Failure) 2020-10-27T00:12:32.945+0800: 0.194: [DefNew: 38079K->4223K(38080K), 0.0070073 secs] 58427K->34535K(122752K), 0.0070905 secs] [Times: user=0.00 sys=0.00, real=0.00 secs] 
2020-10-27T00:12:32.961+0800: 0.210: [GC (Allocation Failure) 2020-10-27T00:12:32.961+0800: 0.210: [DefNew: 38004K->4223K(38080K), 0.0067456 secs] 68316K->44898K(122752K), 0.0068158 secs] [Times: user=0.00 sys=0.00, real=0.00 secs] 
2020-10-27T00:12:32.976+0800: 0.225: [GC (Allocation Failure) 2020-10-27T00:12:32.976+0800: 0.225: [DefNew: 37987K->4213K(38080K), 0.0051050 secs] 78662K->52536K(122752K), 0.0051746 secs] [Times: user=0.00 sys=0.00, real=0.00 secs] 
2020-10-27T00:12:32.992+0800: 0.239: [GC (Allocation Failure) 2020-10-27T00:12:32.992+0800: 0.239: [DefNew: 37972K->4212K(38080K), 0.0080523 secs] 86296K->65914K(122752K), 0.0081195 secs] [Times: user=0.00 sys=0.00, real=0.00 secs] 
2020-10-27T00:12:33.007+0800: 0.254: [GC (Allocation Failure) 2020-10-27T00:12:33.007+0800: 0.254: [DefNew: 38068K->4222K(38080K), 0.0075703 secs] 99770K->78384K(122752K), 0.0076475 secs] [Times: user=0.00 sys=0.00, real=0.00 secs] 
2020-10-27T00:12:33.023+0800: 0.270: [GC (Allocation Failure) 2020-10-27T00:12:33.023+0800: 0.270: [DefNew: 37710K->4223K(38080K), 0.0072937 secs]2020-10-27T00:12:33.023+0800: 0.277: [Tenured: 86351K->85909K(86404K), 0.0139666 secs] 111871K->87975K(124484K), [Metaspace: 2646K->2646K(1056768K)], 0.0216726 secs] [Times: user=0.01 sys=0.00, real=0.02 secs] 
2020-10-27T00:12:33.054+0800: 0.307: [GC (Allocation Failure) 2020-10-27T00:12:33.054+0800: 0.307: [DefNew: 57320K->7101K(64512K), 0.0097403 secs] 143229K->103871K(207696K), 0.0098076 secs] [Times: user=0.01 sys=0.00, real=0.02 secs] 
2020-10-27T00:12:33.070+0800: 0.329: [GC (Allocation Failure) 2020-10-27T00:12:33.070+0800: 0.329: [DefNew: 64244K->7100K(64512K), 0.0142619 secs] 161014K->123463K(207696K), 0.0143295 secs] [Times: user=0.00 sys=0.02, real=0.02 secs] 
2020-10-27T00:12:33.101+0800: 0.354: [GC (Allocation Failure) 2020-10-27T00:12:33.101+0800: 0.354: [DefNew: 63778K->7103K(64512K), 0.0104652 secs] 180140K->140508K(207696K), 0.0105349 secs] [Times: user=0.02 sys=0.00, real=0.02 secs] 
2020-10-27T00:12:33.132+0800: 0.377: [GC (Allocation Failure) 2020-10-27T00:12:33.132+0800: 0.377: [DefNew: 64511K->7103K(64512K), 0.0122713 secs]2020-10-27T00:12:33.132+0800: 0.389: [Tenured: 154732K->149400K(154864K), 0.0284013 secs] 197916K->149400K(219376K), [Metaspace: 2647K->2647K(1056768K)], 0.0412069 secs] [Times: user=0.03 sys=0.00, real=0.03 secs] 
2020-10-27T00:12:33.195+0800: 0.447: [GC (Allocation Failure) 2020-10-27T00:12:33.195+0800: 0.447: [DefNew: 99712K->12415K(112128K), 0.0163862 secs] 249112K->184039K(361132K), 0.0164578 secs] [Times: user=0.00 sys=0.02, real=0.02 secs] 
2020-10-27T00:12:33.226+0800: 0.484: [GC (Allocation Failure) 2020-10-27T00:12:33.226+0800: 0.484: [DefNew: 112127K->12415K(112128K), 0.0227439 secs] 283751K->216455K(361132K), 0.0228201 secs] [Times: user=0.02 sys=0.02, real=0.03 secs] 
2020-10-27T00:12:33.273+0800: 0.527: [GC (Allocation Failure) 2020-10-27T00:12:33.273+0800: 0.527: [DefNew: 112127K->12415K(112128K), 0.0203477 secs] 316167K->250486K(361132K), 0.0204707 secs] [Times: user=0.02 sys=0.00, real=0.02 secs] 
2020-10-27T00:12:33.320+0800: 0.568: [GC (Allocation Failure) 2020-10-27T00:12:33.320+0800: 0.568: [DefNew: 112127K->12415K(112128K), 0.0191258 secs]2020-10-27T00:12:33.336+0800: 0.588: [Tenured: 269239K->219380K(269416K), 0.0455628 secs] 350198K->219380K(381544K), [Metaspace: 2647K->2647K(1056768K)], 0.0652829 secs] [Times: user=0.05 sys=0.02, real=0.06 secs] 
2020-10-27T00:12:33.414+0800: 0.665: [GC (Allocation Failure) 2020-10-27T00:12:33.414+0800: 0.665: [DefNew: 146368K->18237K(164608K), 0.0161234 secs] 365748K->269717K(530244K), 0.0161957 secs] [Times: user=0.00 sys=0.02, real=0.01 secs] 
2020-10-27T00:12:33.461+0800: 0.708: [GC (Allocation Failure) 2020-10-27T00:12:33.461+0800: 0.708: [DefNew: 164382K->18239K(164608K), 0.0299548 secs] 415862K->320388K(530244K), 0.0300202 secs] [Times: user=0.03 sys=0.00, real=0.03 secs] 
2020-10-27T00:12:33.507+0800: 0.764: [GC (Allocation Failure) 2020-10-27T00:12:33.507+0800: 0.764: [DefNew: 164607K->18238K(164608K), 0.0266469 secs] 466756K->363376K(530244K), 0.0267184 secs] [Times: user=0.01 sys=0.01, real=0.03 secs] 
2020-10-27T00:12:33.570+0800: 0.819: [GC (Allocation Failure) 2020-10-27T00:12:33.570+0800: 0.819: [DefNew: 164606K->18239K(164608K), 0.0246862 secs]2020-10-27T00:12:33.586+0800: 0.844: [Tenured: 384589K->277623K(384780K), 0.0662864 secs] 509744K->277623K(549388K), [Metaspace: 2647K->2647K(1056768K)], 0.0916257 secs] [Times: user=0.08 sys=0.02, real=0.09 secs] 
2020-10-27T00:12:33.695+0800: 0.953: [GC (Allocation Failure) 2020-10-27T00:12:33.695+0800: 0.953: [DefNew: 185152K->23102K(208256K), 0.0242086 secs] 462775K->337967K(670964K), 0.0242834 secs] [Times: user=0.03 sys=0.00, real=0.03 secs] 
2020-10-27T00:12:33.773+0800: 1.024: [GC (Allocation Failure) 2020-10-27T00:12:33.773+0800: 1.025: [DefNew: 208254K->23103K(208256K), 0.0268443 secs] 523119K->393265K(670964K), 0.0269255 secs] [Times: user=0.03 sys=0.00, real=0.03 secs] 
2020-10-27T00:12:33.851+0800: 1.098: [GC (Allocation Failure) 2020-10-27T00:12:33.851+0800: 1.098: [DefNew: 208255K->23103K(208256K), 0.0382909 secs] 578417K->451933K(670964K), 0.0383676 secs] [Times: user=0.02 sys=0.01, real=0.03 secs] 
Heap
 def new generation   total 208256K, used 30751K [0x00000000c0000000, 0x00000000ce1f0000, 0x00000000d5550000)
  eden space 185152K,   4% used [0x00000000c0000000, 0x00000000c0778198, 0x00000000cb4d0000)
  from space 23104K,  99% used [0x00000000ccb60000, 0x00000000ce1efce0, 0x00000000ce1f0000)
  to   space 23104K,   0% used [0x00000000cb4d0000, 0x00000000cb4d0000, 0x00000000ccb60000)
 tenured generation   total 462708K, used 428830K [0x00000000d5550000, 0x00000000f192d000, 0x0000000100000000)
   the space 462708K,  92% used [0x00000000d5550000, 0x00000000ef817a38, 0x00000000ef817c00, 0x00000000f192d000)
 Metaspace       used 2653K, capacity 4486K, committed 4864K, reserved 1056768K
  class space    used 291K, capacity 386K, committed 512K, reserved 1048576K
