Java HotSpot(TM) 64-Bit Server VM (25.231-b11) for windows-amd64 JRE (1.8.0_231-b11), built on Oct  5 2019 03:11:30 by "java_re" with MS VC++ 10.0 (VS2010)
Memory: 4k page, physical 8086332k(4594136k free), swap 16212796k(12510252k free)
CommandLine flags: -XX:InitialHeapSize=129381312 -XX:MaxHeapSize=2147483648 -XX:+PrintGC -XX:+PrintGCDateStamps -XX:+PrintGCDetails -XX:+PrintGCTimeStamps -XX:+UseCompressedClassPointers -XX:+UseCompressedOops -XX:-UseLargePagesIndividualAllocation -XX:+UseSerialGC 
2020-10-27T00:12:34.152+0800: 0.153: [GC (Allocation Failure) 2020-10-27T00:12:34.152+0800: 0.153: [DefNew: 33806K->4224K(38080K), 0.0124619 secs] 33806K->14253K(122752K), 0.0126449 secs] [Times: user=0.00 sys=0.02, real=0.01 secs] 
2020-10-27T00:12:34.188+0800: 0.190: [GC (Allocation Failure) 2020-10-27T00:12:34.188+0800: 0.190: [DefNew: 37636K->4222K(38080K), 0.0113288 secs] 47665K->28461K(122752K), 0.0114226 secs] [Times: user=0.01 sys=0.00, real=0.01 secs] 
2020-10-27T00:12:34.216+0800: 0.218: [GC (Allocation Failure) 2020-10-27T00:12:34.216+0800: 0.218: [DefNew: 38078K->4220K(38080K), 0.0080372 secs] 62317K->39335K(122752K), 0.0081196 secs] [Times: user=0.00 sys=0.00, real=0.01 secs] 
2020-10-27T00:12:34.237+0800: 0.239: [GC (Allocation Failure) 2020-10-27T00:12:34.237+0800: 0.239: [DefNew: 38017K->4220K(38080K), 0.0086530 secs] 73133K->51240K(122752K), 0.0087241 secs] [Times: user=0.02 sys=0.02, real=0.01 secs] 
2020-10-27T00:12:34.256+0800: 0.258: [GC (Allocation Failure) 2020-10-27T00:12:34.256+0800: 0.258: [DefNew: 38076K->4219K(38080K), 0.0092753 secs] 85096K->64183K(122752K), 0.0093509 secs] [Times: user=0.00 sys=0.01, real=0.01 secs] 
2020-10-27T00:12:34.273+0800: 0.275: [GC (Allocation Failure) 2020-10-27T00:12:34.273+0800: 0.275: [DefNew: 37757K->4215K(38080K), 0.0093979 secs] 97721K->76230K(122752K), 0.0095592 secs] [Times: user=0.00 sys=0.00, real=0.01 secs] 
2020-10-27T00:12:34.289+0800: 0.291: [GC (Allocation Failure) 2020-10-27T00:12:34.289+0800: 0.291: [DefNew: 37973K->4217K(38080K), 0.0098552 secs]2020-10-27T00:12:34.299+0800: 0.301: [Tenured: 86070K->86198K(86208K), 0.0151590 secs] 109987K->87800K(124288K), [Metaspace: 2646K->2646K(1056768K)], 0.0254641 secs] [Times: user=0.01 sys=0.00, real=0.03 secs] 
2020-10-27T00:12:34.332+0800: 0.334: [GC (Allocation Failure) 2020-10-27T00:12:34.332+0800: 0.334: [DefNew: 57517K->7167K(64704K), 0.0124548 secs] 143715K->106296K(208368K), 0.0125312 secs] [Times: user=0.00 sys=0.02, real=0.01 secs] 
2020-10-27T00:12:34.359+0800: 0.361: [GC (Allocation Failure) 2020-10-27T00:12:34.359+0800: 0.361: [DefNew: 64403K->7167K(64704K), 0.0161610 secs] 163532K->124002K(208368K), 0.0162476 secs] [Times: user=0.02 sys=0.00, real=0.02 secs] 
2020-10-27T00:12:34.388+0800: 0.389: [GC (Allocation Failure) 2020-10-27T00:12:34.388+0800: 0.389: [DefNew: 64703K->7167K(64704K), 0.0134049 secs] 181538K->141174K(208368K), 0.0134899 secs] [Times: user=0.02 sys=0.00, real=0.01 secs] 
2020-10-27T00:12:34.414+0800: 0.416: [GC (Allocation Failure) 2020-10-27T00:12:34.414+0800: 0.416: [DefNew: 64703K->7162K(64704K), 0.0136005 secs]2020-10-27T00:12:34.428+0800: 0.429: [Tenured: 156184K->144683K(156360K), 0.0293491 secs] 198710K->144683K(221064K), [Metaspace: 2647K->2647K(1056768K)], 0.0434496 secs] [Times: user=0.03 sys=0.00, real=0.04 secs] 
2020-10-27T00:12:34.483+0800: 0.485: [GC (Allocation Failure) 2020-10-27T00:12:34.483+0800: 0.485: [DefNew: 95937K->12030K(108544K), 0.0137086 secs] 240621K->176493K(349684K), 0.0137750 secs] [Times: user=0.02 sys=0.00, real=0.01 secs] 
2020-10-27T00:12:34.516+0800: 0.518: [GC (Allocation Failure) 2020-10-27T00:12:34.516+0800: 0.518: [DefNew: 108542K->12025K(108544K), 0.0209287 secs] 273005K->204652K(349684K), 0.0209969 secs] [Times: user=0.02 sys=0.00, real=0.02 secs] 
2020-10-27T00:12:34.555+0800: 0.557: [GC (Allocation Failure) 2020-10-27T00:12:34.555+0800: 0.557: [DefNew: 108537K->12031K(108544K), 0.0188934 secs] 301164K->235176K(349684K), 0.0189614 secs] [Times: user=0.01 sys=0.00, real=0.02 secs] 
2020-10-27T00:12:34.594+0800: 0.596: [GC (Allocation Failure) 2020-10-27T00:12:34.594+0800: 0.596: [DefNew: 108543K->12027K(108544K), 0.0178541 secs]2020-10-27T00:12:34.612+0800: 0.614: [Tenured: 251301K->208145K(251472K), 0.0444466 secs] 331688K->208145K(360016K), [Metaspace: 2647K->2647K(1056768K)], 0.0628908 secs] [Times: user=0.05 sys=0.01, real=0.06 secs] 
2020-10-27T00:12:34.688+0800: 0.690: [GC (Allocation Failure) 2020-10-27T00:12:34.688+0800: 0.690: [DefNew: 138733K->17340K(156160K), 0.0162381 secs] 346879K->255754K(503072K), 0.0163057 secs] [Times: user=0.00 sys=0.02, real=0.02 secs] 
2020-10-27T00:12:34.730+0800: 0.732: [GC (Allocation Failure) 2020-10-27T00:12:34.730+0800: 0.732: [DefNew: 156156K->17342K(156160K), 0.0323603 secs] 394570K->307593K(503072K), 0.0324458 secs] [Times: user=0.01 sys=0.02, real=0.03 secs] 
2020-10-27T00:12:34.789+0800: 0.792: [GC (Allocation Failure) 2020-10-27T00:12:34.789+0800: 0.792: [DefNew: 156018K->17343K(156160K), 0.0286163 secs] 446269K->354762K(503072K), 0.0286778 secs] [Times: user=0.02 sys=0.00, real=0.03 secs] 
2020-10-27T00:12:34.845+0800: 0.848: [GC (Allocation Failure) 2020-10-27T00:12:34.845+0800: 0.848: [DefNew: 156159K->17344K(156160K), 0.0267920 secs]2020-10-27T00:12:34.872+0800: 0.875: [Tenured: 379590K->276378K(379608K), 0.0651771 secs] 493578K->276378K(535768K), [Metaspace: 2647K->2647K(1056768K)], 0.0924846 secs] [Times: user=0.09 sys=0.00, real=0.09 secs] 
2020-10-27T00:12:34.970+0800: 0.978: [GC (Allocation Failure) 2020-10-27T00:12:34.970+0800: 0.978: [DefNew: 184384K->22974K(207360K), 0.0211322 secs] 460762K->336080K(667992K), 0.0212018 secs] [Times: user=0.03 sys=0.00, real=0.03 secs] 
2020-10-27T00:12:35.031+0800: 1.033: [GC (Allocation Failure) 2020-10-27T00:12:35.031+0800: 1.033: [DefNew: 207358K->22976K(207360K), 0.0266667 secs] 520464K->399039K(667992K), 0.0267367 secs] [Times: user=0.03 sys=0.00, real=0.03 secs] 
2020-10-27T00:12:35.092+0800: 1.095: [GC (Allocation Failure) 2020-10-27T00:12:35.092+0800: 1.095: [DefNew: 207360K->22974K(207360K), 0.0358463 secs] 583423K->459714K(667992K), 0.0359105 secs] [Times: user=0.02 sys=0.02, real=0.04 secs] 
Heap
 def new generation   total 207360K, used 30820K [0x0000000080000000, 0x000000008e0f0000, 0x00000000aaaa0000)
  eden space 184384K,   4% used [0x0000000080000000, 0x00000000807a9640, 0x000000008b410000)
  from space 22976K,  99% used [0x000000008ca80000, 0x000000008e0efb08, 0x000000008e0f0000)
  to   space 22976K,   0% used [0x000000008b410000, 0x000000008b410000, 0x000000008ca80000)
 tenured generation   total 460632K, used 436739K [0x00000000aaaa0000, 0x00000000c6c76000, 0x0000000100000000)
   the space 460632K,  94% used [0x00000000aaaa0000, 0x00000000c5520dd0, 0x00000000c5520e00, 0x00000000c6c76000)
 Metaspace       used 2653K, capacity 4486K, committed 4864K, reserved 1056768K
  class space    used 291K, capacity 386K, committed 512K, reserved 1048576K
