Java HotSpot(TM) 64-Bit Server VM (25.231-b11) for windows-amd64 JRE (1.8.0_231-b11), built on Oct  5 2019 03:11:30 by "java_re" with MS VC++ 10.0 (VS2010)
Memory: 4k page, physical 8086332k(4595924k free), swap 16212796k(12512012k free)
CommandLine flags: -XX:InitialHeapSize=129381312 -XX:MaxHeapSize=134217728 -XX:+PrintGC -XX:+PrintGCDateStamps -XX:+PrintGCDetails -XX:+PrintGCTimeStamps -XX:+UseCompressedClassPointers -XX:+UseCompressedOops -XX:-UseLargePagesIndividualAllocation -XX:+UseSerialGC 
2020-10-27T00:12:31.016+0800: 0.177: [GC (Allocation Failure) 2020-10-27T00:12:31.016+0800: 0.177: [DefNew: 33702K->4224K(38080K), 0.0100361 secs] 33702K->12984K(122752K), 0.0102120 secs] [Times: user=0.00 sys=0.00, real=0.00 secs] 
2020-10-27T00:12:31.032+0800: 0.201: [GC (Allocation Failure) 2020-10-27T00:12:31.032+0800: 0.201: [DefNew: 38028K->4223K(38080K), 0.0094526 secs] 46789K->21721K(122752K), 0.0095268 secs] [Times: user=0.02 sys=0.00, real=0.01 secs] 
2020-10-27T00:12:31.047+0800: 0.220: [GC (Allocation Failure) 2020-10-27T00:12:31.047+0800: 0.221: [DefNew: 37953K->4221K(38080K), 0.0103246 secs] 55450K->35642K(122752K), 0.0104082 secs] [Times: user=0.03 sys=0.00, real=0.02 secs] 
2020-10-27T00:12:31.079+0800: 0.239: [GC (Allocation Failure) 2020-10-27T00:12:31.079+0800: 0.239: [DefNew: 38077K->4221K(38080K), 0.0067199 secs] 69498K->44857K(122752K), 0.0067886 secs] [Times: user=0.00 sys=0.00, real=0.00 secs] 
2020-10-27T00:12:31.094+0800: 0.255: [GC (Allocation Failure) 2020-10-27T00:12:31.094+0800: 0.255: [DefNew: 38069K->4220K(38080K), 0.0062918 secs] 78705K->54416K(122752K), 0.0063583 secs] [Times: user=0.00 sys=0.00, real=0.00 secs] 
2020-10-27T00:12:31.094+0800: 0.269: [GC (Allocation Failure) 2020-10-27T00:12:31.094+0800: 0.269: [DefNew: 38016K->4223K(38080K), 0.0082791 secs] 88211K->67531K(122752K), 0.0083478 secs] [Times: user=0.02 sys=0.00, real=0.02 secs] 
2020-10-27T00:12:31.110+0800: 0.284: [GC (Allocation Failure) 2020-10-27T00:12:31.110+0800: 0.284: [DefNew: 37728K->4222K(38080K), 0.0065077 secs] 101036K->77703K(122752K), 0.0065767 secs] [Times: user=0.02 sys=0.00, real=0.02 secs] 
2020-10-27T00:12:31.125+0800: 0.298: [GC (Allocation Failure) 2020-10-27T00:12:31.125+0800: 0.298: [DefNew: 38078K->4215K(38080K), 0.0074048 secs]2020-10-27T00:12:31.141+0800: 0.306: [Tenured: 84878K->82879K(85056K), 0.0161643 secs] 111559K->82879K(123136K), [Metaspace: 2646K->2646K(1056768K)], 0.0237296 secs] [Times: user=0.03 sys=0.00, real=0.03 secs] 
2020-10-27T00:12:31.157+0800: 0.329: [GC (Allocation Failure) 2020-10-27T00:12:31.157+0800: 0.329: [DefNew: 34491K->34491K(39296K), 0.0000185 secs]2020-10-27T00:12:31.157+0800: 0.329: [Tenured: 82879K->87348K(87424K), 0.0185974 secs] 117371K->94826K(126720K), [Metaspace: 2647K->2647K(1056768K)], 0.0186951 secs] [Times: user=0.03 sys=0.00, real=0.03 secs] 
2020-10-27T00:12:31.188+0800: 0.355: [Full GC (Allocation Failure) 2020-10-27T00:12:31.188+0800: 0.355: [Tenured: 87348K->86774K(87424K), 0.0192555 secs] 126417K->101273K(126720K), [Metaspace: 2647K->2647K(1056768K)], 0.0193331 secs] [Times: user=0.02 sys=0.00, real=0.02 secs] 
2020-10-27T00:12:31.219+0800: 0.379: [Full GC (Allocation Failure) 2020-10-27T00:12:31.219+0800: 0.379: [Tenured: 86774K->87401K(87424K), 0.0252354 secs] 125407K->103717K(126720K), [Metaspace: 2647K->2647K(1056768K)], 0.0253165 secs] [Times: user=0.02 sys=0.00, real=0.02 secs] 
2020-10-27T00:12:31.250+0800: 0.410: [Full GC (Allocation Failure) 2020-10-27T00:12:31.250+0800: 0.410: [Tenured: 87401K->87401K(87424K), 0.0053554 secs] 126555K->111038K(126720K), [Metaspace: 2647K->2647K(1056768K)], 0.0054475 secs] [Times: user=0.00 sys=0.00, real=0.00 secs] 
2020-10-27T00:12:31.250+0800: 0.419: [Full GC (Allocation Failure) 2020-10-27T00:12:31.250+0800: 0.419: [Tenured: 87401K->87401K(87424K), 0.0065744 secs] 126360K->112771K(126720K), [Metaspace: 2647K->2647K(1056768K)], 0.0066664 secs] [Times: user=0.02 sys=0.00, real=0.02 secs] 
2020-10-27T00:12:31.266+0800: 0.429: [Full GC (Allocation Failure) 2020-10-27T00:12:31.266+0800: 0.429: [Tenured: 87401K->87401K(87424K), 0.0029453 secs] 126525K->116393K(126720K), [Metaspace: 2647K->2647K(1056768K)], 0.0031257 secs] [Times: user=0.00 sys=0.00, real=0.00 secs] 
2020-10-27T00:12:31.266+0800: 0.435: [Full GC (Allocation Failure) 2020-10-27T00:12:31.266+0800: 0.435: [Tenured: 87401K->86708K(87424K), 0.0276247 secs] 126657K->116881K(126720K), [Metaspace: 2647K->2647K(1056768K)], 0.0277025 secs] [Times: user=0.03 sys=0.00, real=0.03 secs] 
2020-10-27T00:12:31.297+0800: 0.465: [Full GC (Allocation Failure) 2020-10-27T00:12:31.297+0800: 0.465: [Tenured: 87407K->87407K(87424K), 0.0067044 secs] 126660K->120691K(126720K), [Metaspace: 2647K->2647K(1056768K)], 0.0067804 secs] [Times: user=0.00 sys=0.00, real=0.00 secs] 
2020-10-27T00:12:31.313+0800: 0.474: [Full GC (Allocation Failure) 2020-10-27T00:12:31.313+0800: 0.474: [Tenured: 87407K->87407K(87424K), 0.0060806 secs] 126638K->122695K(126720K), [Metaspace: 2647K->2647K(1056768K)], 0.0061602 secs] [Times: user=0.00 sys=0.00, real=0.00 secs] 
2020-10-27T00:12:31.313+0800: 0.481: [Full GC (Allocation Failure) 2020-10-27T00:12:31.313+0800: 0.481: [Tenured: 87407K->86855K(87424K), 0.0022785 secs] 126638K->122667K(126720K), [Metaspace: 2647K->2647K(1056768K)], 0.0023471 secs] [Times: user=0.00 sys=0.00, real=0.00 secs] 
2020-10-27T00:12:31.313+0800: 0.484: [Full GC (Allocation Failure) 2020-10-27T00:12:31.313+0800: 0.484: [Tenured: 87410K->87366K(87424K), 0.0253383 secs] 126699K->119486K(126720K), [Metaspace: 2647K->2647K(1056768K)], 0.0254049 secs] [Times: user=0.03 sys=0.00, real=0.03 secs] 
2020-10-27T00:12:31.344+0800: 0.511: [Full GC (Allocation Failure) 2020-10-27T00:12:31.344+0800: 0.511: [Tenured: 87366K->87366K(87424K), 0.0055035 secs] 126441K->120524K(126720K), [Metaspace: 2647K->2647K(1056768K)], 0.0055815 secs] [Times: user=0.00 sys=0.00, real=0.00 secs] 
2020-10-27T00:12:31.344+0800: 0.518: [Full GC (Allocation Failure) 2020-10-27T00:12:31.344+0800: 0.518: [Tenured: 87366K->87366K(87424K), 0.0080547 secs] 126597K->122798K(126720K), [Metaspace: 2647K->2647K(1056768K)], 0.0081324 secs] [Times: user=0.02 sys=0.00, real=0.02 secs] 
2020-10-27T00:12:31.360+0800: 0.527: [Full GC (Allocation Failure) 2020-10-27T00:12:31.360+0800: 0.527: [Tenured: 87366K->87366K(87424K), 0.0045841 secs] 126572K->123480K(126720K), [Metaspace: 2647K->2647K(1056768K)], 0.0046501 secs] [Times: user=0.00 sys=0.00, real=0.00 secs] 
2020-10-27T00:12:31.360+0800: 0.533: [Full GC (Allocation Failure) 2020-10-27T00:12:31.360+0800: 0.533: [Tenured: 87366K->87302K(87424K), 0.0249417 secs] 126602K->122846K(126720K), [Metaspace: 2647K->2647K(1056768K)], 0.0250112 secs] [Times: user=0.03 sys=0.00, real=0.03 secs] 
2020-10-27T00:12:31.391+0800: 0.559: [Full GC (Allocation Failure) 2020-10-27T00:12:31.391+0800: 0.559: [Tenured: 87416K->87416K(87424K), 0.0020434 secs] 126705K->124080K(126720K), [Metaspace: 2647K->2647K(1056768K)], 0.0021006 secs] [Times: user=0.00 sys=0.00, real=0.00 secs] 
2020-10-27T00:12:31.391+0800: 0.562: [Full GC (Allocation Failure) 2020-10-27T00:12:31.391+0800: 0.562: [Tenured: 87416K->87416K(87424K), 0.0019505 secs] 126329K->124696K(126720K), [Metaspace: 2647K->2647K(1056768K)], 0.0020106 secs] [Times: user=0.00 sys=0.00, real=0.00 secs] 
2020-10-27T00:12:31.391+0800: 0.565: [Full GC (Allocation Failure) 2020-10-27T00:12:31.391+0800: 0.565: [Tenured: 87416K->87416K(87424K), 0.0018261 secs] 126674K->124751K(126720K), [Metaspace: 2647K->2647K(1056768K)], 0.0018736 secs] [Times: user=0.02 sys=0.00, real=0.02 secs] 
2020-10-27T00:12:31.407+0800: 0.567: [Full GC (Allocation Failure) 2020-10-27T00:12:31.407+0800: 0.567: [Tenured: 87416K->87356K(87424K), 0.0258883 secs] 126245K->123611K(126720K), [Metaspace: 2647K->2647K(1056768K)], 0.0259506 secs] [Times: user=0.02 sys=0.00, real=0.01 secs] 
2020-10-27T00:12:31.422+0800: 0.593: [Full GC (Allocation Failure) 2020-10-27T00:12:31.422+0800: 0.593: [Tenured: 87356K->87356K(87424K), 0.0063590 secs] 126576K->125520K(126720K), [Metaspace: 2647K->2647K(1056768K)], 0.0064222 secs] [Times: user=0.02 sys=0.00, real=0.02 secs] 
2020-10-27T00:12:31.438+0800: 0.600: [Full GC (Allocation Failure) 2020-10-27T00:12:31.438+0800: 0.600: [Tenured: 87356K->87356K(87424K), 0.0023245 secs] 126060K->125524K(126720K), [Metaspace: 2647K->2647K(1056768K)], 0.0024395 secs] [Times: user=0.00 sys=0.00, real=0.00 secs] 
2020-10-27T00:12:31.438+0800: 0.603: [Full GC (Allocation Failure) 2020-10-27T00:12:31.438+0800: 0.603: [Tenured: 87412K->87412K(87424K), 0.0019471 secs] 126694K->125884K(126720K), [Metaspace: 2647K->2647K(1056768K)], 0.0019899 secs] [Times: user=0.00 sys=0.00, real=0.00 secs] 
2020-10-27T00:12:31.438+0800: 0.605: [Full GC (Allocation Failure) 2020-10-27T00:12:31.438+0800: 0.605: [Tenured: 87412K->87085K(87424K), 0.0208251 secs] 126534K->126083K(126720K), [Metaspace: 2647K->2647K(1056768K)], 0.0208899 secs] [Times: user=0.02 sys=0.00, real=0.02 secs] 
2020-10-27T00:12:31.454+0800: 0.626: [Full GC (Allocation Failure) 2020-10-27T00:12:31.454+0800: 0.626: [Tenured: 87322K->87322K(87424K), 0.0040623 secs] 126583K->125682K(126720K), [Metaspace: 2647K->2647K(1056768K)], 0.0041317 secs] [Times: user=0.01 sys=0.00, real=0.02 secs] 
2020-10-27T00:12:31.469+0800: 0.631: [Full GC (Allocation Failure) 2020-10-27T00:12:31.469+0800: 0.631: [Tenured: 87322K->87322K(87424K), 0.0022780 secs] 126354K->125826K(126720K), [Metaspace: 2647K->2647K(1056768K)], 0.0023279 secs] [Times: user=0.00 sys=0.00, real=0.00 secs] 
2020-10-27T00:12:31.469+0800: 0.633: [Full GC (Allocation Failure) 2020-10-27T00:12:31.469+0800: 0.633: [Tenured: 87322K->87322K(87424K), 0.0018813 secs] 126330K->125877K(126720K), [Metaspace: 2647K->2647K(1056768K)], 0.0019263 secs] [Times: user=0.00 sys=0.00, real=0.00 secs] 
2020-10-27T00:12:31.469+0800: 0.635: [Full GC (Allocation Failure) 2020-10-27T00:12:31.469+0800: 0.635: [Tenured: 87322K->87085K(87424K), 0.0017307 secs] 126093K->125641K(126720K), [Metaspace: 2647K->2647K(1056768K)], 0.0017724 secs] [Times: user=0.00 sys=0.00, real=0.00 secs] 
2020-10-27T00:12:31.469+0800: 0.637: [Full GC (Allocation Failure) 2020-10-27T00:12:31.469+0800: 0.637: [Tenured: 87085K->87066K(87424K), 0.0176682 secs] 125641K->125622K(126720K), [Metaspace: 2647K->2647K(1056768K)], 0.0177254 secs] [Times: user=0.02 sys=0.00, real=0.02 secs] 
Heap
 def new generation   total 39296K, used 38677K [0x00000000f8000000, 0x00000000faaa0000, 0x00000000faaa0000)
  eden space 34944K, 100% used [0x00000000f8000000, 0x00000000fa220000, 0x00000000fa220000)
  from space 4352K,  85% used [0x00000000fa220000, 0x00000000fa5c5608, 0x00000000fa660000)
  to   space 4352K,   0% used [0x00000000fa660000, 0x00000000fa660000, 0x00000000faaa0000)
 tenured generation   total 87424K, used 87066K [0x00000000faaa0000, 0x0000000100000000, 0x0000000100000000)
   the space 87424K,  99% used [0x00000000faaa0000, 0x00000000fffa6958, 0x00000000fffa6a00, 0x0000000100000000)
 Metaspace       used 2677K, capacity 4486K, committed 4864K, reserved 1056768K
  class space    used 294K, capacity 386K, committed 512K, reserved 1048576K
