Java HotSpot(TM) 64-Bit Server VM (25.231-b11) for windows-amd64 JRE (1.8.0_231-b11), built on Oct  5 2019 03:11:30 by "java_re" with MS VC++ 10.0 (VS2010)
Memory: 4k page, physical 8086332k(4596372k free), swap 16212796k(12510528k free)
CommandLine flags: -XX:InitialHeapSize=129381312 -XX:MaxHeapSize=4284481536 -XX:+PrintGC -XX:+PrintGCDateStamps -XX:+PrintGCDetails -XX:+PrintGCTimeStamps -XX:+UseCompressedClassPointers -XX:+UseCompressedOops -XX:-UseLargePagesIndividualAllocation -XX:+UseSerialGC 
2020-10-27T00:12:35.385+0800: 0.161: [GC (Allocation Failure) 2020-10-27T00:12:35.385+0800: 0.161: [DefNew: 33821K->4224K(38080K), 0.0088433 secs] 33821K->11848K(122752K), 0.0090194 secs] [Times: user=0.00 sys=0.02, real=0.02 secs] 
2020-10-27T00:12:35.417+0800: 0.183: [GC (Allocation Failure) 2020-10-27T00:12:35.417+0800: 0.183: [DefNew: 37959K->4212K(38080K), 0.0098590 secs] 45584K->23051K(122752K), 0.0099340 secs] [Times: user=0.00 sys=0.00, real=0.00 secs] 
2020-10-27T00:12:35.432+0800: 0.207: [GC (Allocation Failure) 2020-10-27T00:12:35.432+0800: 0.207: [DefNew: 37971K->4215K(38080K), 0.0094839 secs] 56811K->36143K(122752K), 0.0096709 secs] [Times: user=0.03 sys=0.00, real=0.02 secs] 
2020-10-27T00:12:35.448+0800: 0.225: [GC (Allocation Failure) 2020-10-27T00:12:35.448+0800: 0.225: [DefNew: 38000K->4220K(38080K), 0.0068419 secs] 69928K->43815K(122752K), 0.0069170 secs] [Times: user=0.02 sys=0.00, real=0.02 secs] 
2020-10-27T00:12:35.464+0800: 0.239: [GC (Allocation Failure) 2020-10-27T00:12:35.464+0800: 0.239: [DefNew: 38076K->4217K(38080K), 0.0048142 secs] 77671K->50183K(122752K), 0.0048817 secs] [Times: user=0.02 sys=0.00, real=0.02 secs] 
2020-10-27T00:12:35.479+0800: 0.253: [GC (Allocation Failure) 2020-10-27T00:12:35.479+0800: 0.253: [DefNew: 37455K->4222K(38080K), 0.0071140 secs] 83421K->61053K(122752K), 0.0071816 secs] [Times: user=0.00 sys=0.02, real=0.02 secs] 
2020-10-27T00:12:35.495+0800: 0.269: [GC (Allocation Failure) 2020-10-27T00:12:35.495+0800: 0.269: [DefNew: 38068K->4217K(38080K), 0.0081990 secs] 94899K->73290K(122752K), 0.0082839 secs] [Times: user=0.02 sys=0.00, real=0.02 secs] 
2020-10-27T00:12:35.510+0800: 0.285: [GC (Allocation Failure) 2020-10-27T00:12:35.510+0800: 0.285: [DefNew: 37358K->4223K(38080K), 0.0095095 secs] 106431K->84540K(122752K), 0.0095710 secs] [Times: user=0.01 sys=0.00, real=0.02 secs] 
2020-10-27T00:12:35.526+0800: 0.304: [GC (Allocation Failure) 2020-10-27T00:12:35.526+0800: 0.304: [DefNew: 38079K->4223K(38080K), 0.0083579 secs]2020-10-27T00:12:35.542+0800: 0.312: [Tenured: 90742K->90694K(90848K), 0.0170769 secs] 118396K->90694K(128928K), [Metaspace: 2646K->2646K(1056768K)], 0.0261206 secs] [Times: user=0.03 sys=0.00, real=0.03 secs] 
2020-10-27T00:12:35.589+0800: 0.359: [GC (Allocation Failure) 2020-10-27T00:12:35.589+0800: 0.359: [DefNew: 60544K->7545K(68096K), 0.0143056 secs] 151238K->112462K(219256K), 0.0143681 secs] [Times: user=0.00 sys=0.02, real=0.02 secs] 
2020-10-27T00:12:35.620+0800: 0.389: [GC (Allocation Failure) 2020-10-27T00:12:35.620+0800: 0.389: [DefNew: 67867K->7540K(68096K), 0.0149020 secs] 172783K->130716K(219256K), 0.0149699 secs] [Times: user=0.02 sys=0.00, real=0.02 secs] 
2020-10-27T00:12:35.651+0800: 0.417: [GC (Allocation Failure) 2020-10-27T00:12:35.651+0800: 0.417: [DefNew: 68084K->7549K(68096K), 0.0170547 secs] 191260K->156273K(219256K), 0.0171283 secs] [Times: user=0.02 sys=0.00, real=0.02 secs] 
2020-10-27T00:12:35.682+0800: 0.447: [GC (Allocation Failure) 2020-10-27T00:12:35.682+0800: 0.447: [DefNew: 68066K->7551K(68096K), 0.0138366 secs]2020-10-27T00:12:35.682+0800: 0.461: [Tenured: 168999K->159520K(169088K), 0.0361522 secs] 216789K->159520K(237184K), [Metaspace: 2647K->2647K(1056768K)], 0.0506483 secs] [Times: user=0.05 sys=0.00, real=0.05 secs] 
2020-10-27T00:12:35.760+0800: 0.532: [GC (Allocation Failure) 2020-10-27T00:12:35.760+0800: 0.532: [DefNew: 106469K->13246K(119744K), 0.0190031 secs] 265990K->197932K(385612K), 0.0190743 secs] [Times: user=0.02 sys=0.00, real=0.02 secs] 
2020-10-27T00:12:35.807+0800: 0.573: [GC (Allocation Failure) 2020-10-27T00:12:35.807+0800: 0.573: [DefNew: 119742K->13247K(119744K), 0.0270340 secs] 304428K->233567K(385612K), 0.0271639 secs] [Times: user=0.00 sys=0.01, real=0.02 secs] 
2020-10-27T00:12:35.854+0800: 0.622: [GC (Allocation Failure) 2020-10-27T00:12:35.854+0800: 0.622: [DefNew: 119743K->13247K(119744K), 0.0192800 secs] 340063K->265325K(385612K), 0.0193505 secs] [Times: user=0.02 sys=0.00, real=0.02 secs] 
2020-10-27T00:12:35.885+0800: 0.662: [GC (Allocation Failure) 2020-10-27T00:12:35.885+0800: 0.662: [DefNew: 119743K->13244K(119744K), 0.0213249 secs]2020-10-27T00:12:35.917+0800: 0.683: [Tenured: 288099K->245732K(288136K), 0.0497334 secs] 371821K->245732K(407880K), [Metaspace: 2647K->2647K(1056768K)], 0.0717580 secs] [Times: user=0.06 sys=0.02, real=0.08 secs] 
2020-10-27T00:12:36.010+0800: 0.774: [GC (Allocation Failure) 2020-10-27T00:12:36.010+0800: 0.774: [DefNew: 163677K->20479K(184320K), 0.0182841 secs] 409409K->299651K(593876K), 0.0183531 secs] [Times: user=0.01 sys=0.00, real=0.02 secs] 
2020-10-27T00:12:36.057+0800: 0.825: [GC (Allocation Failure) 2020-10-27T00:12:36.057+0800: 0.825: [DefNew: 184319K->20480K(184320K), 0.0343351 secs] 463491K->348552K(593876K), 0.0344031 secs] [Times: user=0.02 sys=0.02, real=0.03 secs] 
2020-10-27T00:12:36.120+0800: 0.895: [GC (Allocation Failure) 2020-10-27T00:12:36.120+0800: 0.895: [DefNew: 184320K->20480K(184320K), 0.0351433 secs] 512392K->395967K(593876K), 0.0352115 secs] [Times: user=0.02 sys=0.02, real=0.05 secs] 
2020-10-27T00:12:36.198+0800: 0.970: [GC (Allocation Failure) 2020-10-27T00:12:36.198+0800: 0.970: [DefNew: 184320K->20479K(184320K), 0.0362257 secs]2020-10-27T00:12:36.229+0800: 1.006: [Tenured: 429219K->294757K(429396K), 0.0786834 secs] 559807K->294757K(613716K), [Metaspace: 2647K->2647K(1056768K)], 0.1153805 secs] [Times: user=0.08 sys=0.03, real=0.11 secs] 
Heap
 def new generation   total 221184K, used 121307K [0x00000006c0a00000, 0x00000006cf9f0000, 0x0000000715c00000)
  eden space 196672K,  61% used [0x00000006c0a00000, 0x00000006c8076e50, 0x00000006cca10000)
  from space 24512K,   0% used [0x00000006cca10000, 0x00000006cca10000, 0x00000006ce200000)
  to   space 24512K,   0% used [0x00000006ce200000, 0x00000006ce200000, 0x00000006cf9f0000)
 tenured generation   total 491264K, used 294757K [0x0000000715c00000, 0x0000000733bc0000, 0x00000007c0000000)
   the space 491264K,  59% used [0x0000000715c00000, 0x0000000727bd9478, 0x0000000727bd9600, 0x0000000733bc0000)
 Metaspace       used 2653K, capacity 4486K, committed 4864K, reserved 1056768K
  class space    used 291K, capacity 386K, committed 512K, reserved 1048576K
