Java HotSpot(TM) 64-Bit Server VM (25.231-b11) for windows-amd64 JRE (1.8.0_231-b11), built on Oct  5 2019 03:11:30 by "java_re" with MS VC++ 10.0 (VS2010)
Memory: 4k page, physical 8086332k(4588044k free), swap 16212796k(12509944k free)
CommandLine flags: -XX:InitialHeapSize=129381312 -XX:MaxHeapSize=536870912 -XX:+PrintGC -XX:+PrintGCDateStamps -XX:+PrintGCDetails -XX:+PrintGCTimeStamps -XX:+UseCompressedClassPointers -XX:+UseCompressedOops -XX:-UseLargePagesIndividualAllocation -XX:+UseSerialGC 
2020-10-27T00:12:31.690+0800: 0.148: [GC (Allocation Failure) 2020-10-27T00:12:31.690+0800: 0.148: [DefNew: 33791K->4224K(38080K), 0.0079558 secs] 33791K->11638K(122752K), 0.0081245 secs] [Times: user=0.00 sys=0.00, real=0.00 secs] 
2020-10-27T00:12:31.706+0800: 0.170: [GC (Allocation Failure) 2020-10-27T00:12:31.706+0800: 0.170: [DefNew: 38080K->4223K(38080K), 0.0085077 secs] 45494K->21991K(122752K), 0.0085757 secs] [Times: user=0.01 sys=0.00, real=0.01 secs] 
2020-10-27T00:12:31.737+0800: 0.190: [GC (Allocation Failure) 2020-10-27T00:12:31.737+0800: 0.190: [DefNew: 38079K->4217K(38080K), 0.0067204 secs] 55847K->32551K(122752K), 0.0067961 secs] [Times: user=0.00 sys=0.00, real=0.00 secs] 
2020-10-27T00:12:31.737+0800: 0.204: [GC (Allocation Failure) 2020-10-27T00:12:31.737+0800: 0.204: [DefNew: 37816K->4221K(38080K), 0.0075126 secs] 66150K->44624K(122752K), 0.0076012 secs] [Times: user=0.02 sys=0.00, real=0.02 secs] 
2020-10-27T00:12:31.753+0800: 0.220: [GC (Allocation Failure) 2020-10-27T00:12:31.753+0800: 0.220: [DefNew: 37996K->4221K(38080K), 0.0065362 secs] 78398K->54666K(122752K), 0.0066179 secs] [Times: user=0.02 sys=0.00, real=0.01 secs] 
2020-10-27T00:12:31.768+0800: 0.233: [GC (Allocation Failure) 2020-10-27T00:12:31.768+0800: 0.233: [DefNew: 37934K->4223K(38080K), 0.0101422 secs] 88379K->71818K(122752K), 0.0102122 secs] [Times: user=0.00 sys=0.01, real=0.02 secs] 
2020-10-27T00:12:31.784+0800: 0.252: [GC (Allocation Failure) 2020-10-27T00:12:31.799+0800: 0.252: [DefNew: 37895K->4222K(38080K), 0.0073145 secs] 105489K->81984K(122752K), 0.0074692 secs] [Times: user=0.00 sys=0.02, real=0.02 secs] 
2020-10-27T00:12:31.799+0800: 0.267: [GC (Allocation Failure) 2020-10-27T00:12:31.799+0800: 0.267: [DefNew: 38078K->4216K(38080K), 0.0079844 secs]2020-10-27T00:12:31.815+0800: 0.275: [Tenured: 90325K->90350K(90420K), 0.0158422 secs] 115840K->90350K(128500K), [Metaspace: 2646K->2646K(1056768K)], 0.0242176 secs] [Times: user=0.03 sys=0.00, real=0.03 secs] 
2020-10-27T00:12:31.846+0800: 0.313: [GC (Allocation Failure) 2020-10-27T00:12:31.846+0800: 0.313: [DefNew: 60177K->7481K(67840K), 0.0159342 secs] 150528K->114551K(218428K), 0.0159939 secs] [Times: user=0.01 sys=0.00, real=0.02 secs] 
2020-10-27T00:12:31.893+0800: 0.352: [GC (Allocation Failure) 2020-10-27T00:12:31.893+0800: 0.352: [DefNew: 67833K->7487K(67840K), 0.0186651 secs] 174903K->134282K(218428K), 0.0187413 secs] [Times: user=0.00 sys=0.01, real=0.02 secs] 
2020-10-27T00:12:31.924+0800: 0.387: [GC (Allocation Failure) 2020-10-27T00:12:31.924+0800: 0.387: [DefNew: 67839K->7487K(67840K), 0.0134169 secs] 194634K->155402K(218428K), 0.0134847 secs] [Times: user=0.02 sys=0.00, real=0.02 secs] 
2020-10-27T00:12:31.956+0800: 0.420: [GC (Allocation Failure) 2020-10-27T00:12:31.956+0800: 0.420: [DefNew: 67370K->7483K(67840K), 0.0136555 secs]2020-10-27T00:12:31.971+0800: 0.434: [Tenured: 168889K->160231K(169024K), 0.0326698 secs] 215285K->160231K(236864K), [Metaspace: 2647K->2647K(1056768K)], 0.0469077 secs] [Times: user=0.03 sys=0.02, real=0.05 secs] 
2020-10-27T00:12:32.049+0800: 0.502: [GC (Allocation Failure) 2020-10-27T00:12:32.049+0800: 0.502: [DefNew: 106944K->13311K(120256K), 0.0163318 secs] 267175K->193495K(387312K), 0.0164180 secs] [Times: user=0.02 sys=0.00, real=0.02 secs] 
2020-10-27T00:12:32.081+0800: 0.541: [GC (Allocation Failure) 2020-10-27T00:12:32.081+0800: 0.541: [DefNew: 120255K->13311K(120256K), 0.0273317 secs] 300439K->228663K(387312K), 0.0274106 secs] [Times: user=0.02 sys=0.02, real=0.03 secs] 
2020-10-27T00:12:32.127+0800: 0.591: [GC (Allocation Failure) 2020-10-27T00:12:32.127+0800: 0.591: [DefNew: 120219K->13306K(120256K), 0.0231569 secs] 335571K->265485K(387312K), 0.0232917 secs] [Times: user=0.02 sys=0.02, real=0.03 secs] 
2020-10-27T00:12:32.174+0800: 0.636: [GC (Allocation Failure) 2020-10-27T00:12:32.174+0800: 0.636: [DefNew: 120250K->13310K(120256K), 0.0239790 secs]2020-10-27T00:12:32.206+0800: 0.660: [Tenured: 291193K->238366K(291216K), 0.0494992 secs] 372429K->238366K(411472K), [Metaspace: 2647K->2647K(1056768K)], 0.0738980 secs] [Times: user=0.06 sys=0.02, real=0.08 secs] 
2020-10-27T00:12:32.284+0800: 0.739: [GC (Allocation Failure) 2020-10-27T00:12:32.284+0800: 0.739: [DefNew: 139776K->17469K(157248K), 0.0153141 secs] 378142K->282397K(506816K), 0.0153871 secs] [Times: user=0.02 sys=0.00, real=0.02 secs] 
2020-10-27T00:12:32.315+0800: 0.781: [GC (Allocation Failure) 2020-10-27T00:12:32.315+0800: 0.781: [DefNew: 157245K->17471K(157248K), 0.0251139 secs] 422173K->328766K(506816K), 0.0251838 secs] [Times: user=0.00 sys=0.03, real=0.03 secs] 
2020-10-27T00:12:32.378+0800: 0.833: [GC (Allocation Failure) 2020-10-27T00:12:32.378+0800: 0.833: [DefNew: 157247K->157247K(157248K), 0.0000161 secs]2020-10-27T00:12:32.378+0800: 0.833: [Tenured: 311294K->272400K(349568K), 0.0624643 secs] 468542K->272400K(506816K), [Metaspace: 2647K->2647K(1056768K)], 0.0625697 secs] [Times: user=0.06 sys=0.00, real=0.06 secs] 
2020-10-27T00:12:32.456+0800: 0.920: [GC (Allocation Failure) 2020-10-27T00:12:32.456+0800: 0.920: [DefNew: 139776K->17471K(157248K), 0.0122799 secs] 412176K->319742K(506816K), 0.0123512 secs] [Times: user=0.01 sys=0.00, real=0.01 secs] 
2020-10-27T00:12:32.502+0800: 0.961: [GC (Allocation Failure) 2020-10-27T00:12:32.502+0800: 0.961: [DefNew: 157247K->157247K(157248K), 0.0000183 secs]2020-10-27T00:12:32.502+0800: 0.961: [Tenured: 302270K->310174K(349568K), 0.0564860 secs] 459518K->310174K(506816K), [Metaspace: 2647K->2647K(1056768K)], 0.0565903 secs] [Times: user=0.05 sys=0.00, real=0.06 secs] 
2020-10-27T00:12:32.581+0800: 1.041: [GC (Allocation Failure) 2020-10-27T00:12:32.581+0800: 1.041: [DefNew: 139776K->139776K(157248K), 0.0000191 secs]2020-10-27T00:12:32.581+0800: 1.041: [Tenured: 310174K->320829K(349568K), 0.0645115 secs] 449950K->320829K(506816K), [Metaspace: 2647K->2647K(1056768K)], 0.0646123 secs] [Times: user=0.06 sys=0.00, real=0.06 secs] 
Heap
 def new generation   total 157248K, used 36025K [0x00000000e0000000, 0x00000000eaaa0000, 0x00000000eaaa0000)
  eden space 139776K,  25% used [0x00000000e0000000, 0x00000000e232e4c8, 0x00000000e8880000)
  from space 17472K,   0% used [0x00000000e9990000, 0x00000000e9990000, 0x00000000eaaa0000)
  to   space 17472K,   0% used [0x00000000e8880000, 0x00000000e8880000, 0x00000000e9990000)
 tenured generation   total 349568K, used 320829K [0x00000000eaaa0000, 0x0000000100000000, 0x0000000100000000)
   the space 349568K,  91% used [0x00000000eaaa0000, 0x00000000fe3ef5b8, 0x00000000fe3ef600, 0x0000000100000000)
 Metaspace       used 2653K, capacity 4486K, committed 4864K, reserved 1056768K
  class space    used 291K, capacity 386K, committed 512K, reserved 1048576K
